60.253.26.74 - - [25/Mar/2021:06:29:13 +0000] "GET /favicon.ico HTTP/1.1" 404 1037 "http://j4d104.p.ssafy.io:8080/" "Mozilla/5.0 (Windows NT 10.0; Win64; x64) AppleWebKit/537.36 (KHTML, like Gecko) Chrome/89.0.4389.90 Safari/537.36"
205.185.122.102 - - [25/Mar/2021:07:01:42 +0000] "GET /config/getuser?index=0 HTTP/1.1" 404 1043 "-" "Mozilla/5.0 (X11; Ubuntu; Linux x86_64; rv:76.0) Gecko/20100101 Firefox/76.0"
209.141.62.143 - - [25/Mar/2021:07:03:51 +0000] "GET /manager/html HTTP/1.1" 400 157 "-" "-"
185.156.73.64 - - [25/Mar/2021:08:11:16 +0000] "GET / HTTP/1.0" 404 2380 "-" "\x22Mozilla/5.0 (X11; Linux x86_64) AppleWebKit/537.36 (KHTML, like Gecko) Chrome/75.0.3770.100 Safari/537.36\x22"
162.142.125.55 - - [25/Mar/2021:08:38:04 +0000] "GET / HTTP/1.1" 404 2382 "-" "-"
162.142.125.55 - - [25/Mar/2021:08:38:04 +0000] "GET / HTTP/1.1" 404 1017 "-" "Mozilla/5.0 (compatible; CensysInspect/1.1; +https://about.censys.io/)"
5.178.86.78 - - [25/Mar/2021:08:43:05 +0000] "POST http://check.best-proxies.ru/azenv.php?s=VJVJVBMOOOYOOIVCPNOUMJKRYUYRYR HTTP/1.1" 404 2466 "https://best-proxies.ru/" "Mozilla/5.0 (Windows NT 10.0; Win64; x64; rv:81.0) Gecko/20100101 Firefox/81.0"
5.178.86.78 - - [25/Mar/2021:08:43:10 +0000] "CONNECT 5.178.86.76:80 HTTP/1.1" 400 157 "-" "-"
5.178.86.78 - - [25/Mar/2021:08:43:15 +0000] "\x04\x01\x00P\x05\xB2VL0\x00" 400 157 "-" "-"
5.178.86.74 - - [25/Mar/2021:08:43:20 +0000] "\x05\x01\x00" 400 157 "-" "-"
209.141.62.143 - - [25/Mar/2021:08:57:31 +0000] "GET /manager/html HTTP/1.1" 400 157 "-" "-"
209.141.56.172 - - [25/Mar/2021:09:06:06 +0000] "GET /manager/html HTTP/1.1" 400 157 "-" "-"
216.218.206.69 - - [25/Mar/2021:09:09:29 +0000] "GET / HTTP/1.1" 404 2377 "-" "-"
179.60.150.45 - - [25/Mar/2021:09:23:07 +0000] "GET / HTTP/1.1" 404 2382 "-" "Mozilla/5.0 (X11; Linux x86_64) AppleWebKit/537.36 (KHTML, like Gecko) Chrome/72.0.3626.121 Safari/537.36"
179.60.150.45 - - [25/Mar/2021:09:23:33 +0000] "GET /favicon.ico HTTP/1.1" 404 2433 "-" "Mozilla/5.0 (X11; Linux x86_64) AppleWebKit/537.36 (KHTML, like Gecko) Chrome/72.0.3626.121 Safari/537.36"
179.60.150.45 - - [25/Mar/2021:09:23:47 +0000] "GET /robots.txt HTTP/1.1" 404 2430 "-" "Mozilla/5.0 (X11; Linux x86_64) AppleWebKit/537.36 (KHTML, like Gecko) Chrome/72.0.3626.121 Safari/537.36"
60.253.26.74 - - [25/Mar/2021:09:25:26 +0000] "GET / HTTP/1.1" 404 1020 "-" "Mozilla/5.0 (Windows NT 10.0; Win64; x64) AppleWebKit/537.36 (KHTML, like Gecko) Chrome/89.0.4389.90 Safari/537.36"
60.191.125.35 - - [25/Mar/2021:10:09:41 +0000] "HEAD http://112.124.42.80:63435/ HTTP/1.1" 404 0 "-" "Mozilla/5.0 (Macintosh; Intel Mac OS X 10_11_6) AppleWebKit/537.36 (KHTML, like Gecko) Chrome/53.0.2785.143 Safari/537.36"
36.32.3.214 - - [25/Mar/2021:10:09:43 +0000] "HEAD http://110.242.68.4/ HTTP/1.1" 404 0 "-" "Mozilla/4.01707650 Mozilla/4.0 (compatible; MSIE 8.0; Windows NT 6.1; Trident/4.0; EmbeddedWB 14.52 from: http://www.bsalsa.com/ EmbeddedWB 14.52; SLCC2; .NET CLR 2.0.50727; .NET CLR 3.5.30729; .NET CLR 3.0.30729; Media Center PC 6.0)"
5.178.86.78 - - [25/Mar/2021:10:37:43 +0000] "POST http://check.best-proxies.ru/azenv.php?s=VJVJVBMOOOYOOIVCPIIJPUYJYUYRYR HTTP/1.1" 404 2466 "https://best-proxies.ru/" "Mozilla/5.0 (Windows NT 6.1; Win64; x64) AppleWebKit/537.36 (KHTML, like Gecko) Chrome/86.0.4240.75 Safari/537.36"
5.178.86.76 - - [25/Mar/2021:10:37:48 +0000] "CONNECT 5.178.86.76:80 HTTP/1.1" 400 157 "-" "-"
5.178.86.76 - - [25/Mar/2021:10:37:53 +0000] "\x04\x01\x00P\x05\xB2VL0\x00" 400 157 "-" "-"
5.178.86.76 - - [25/Mar/2021:10:37:58 +0000] "\x05\x01\x00" 400 157 "-" "-"
209.141.62.143 - - [25/Mar/2021:10:48:29 +0000] "GET /manager/html HTTP/1.1" 400 157 "-" "-"
209.141.62.143 - - [25/Mar/2021:12:13:51 +0000] "GET /manager/html HTTP/1.1" 400 157 "-" "-"
128.14.133.58 - - [25/Mar/2021:12:26:50 +0000] "GET / HTTP/1.1" 404 1017 "-" "Mozilla/5.0 (Windows NT 10.0; Win64; x64) AppleWebKit/537.36 (KHTML, like Gecko) Chrome/60.0.3112.113 Safari/537.36"
209.141.56.172 - - [25/Mar/2021:12:59:26 +0000] "GET /manager/html HTTP/1.1" 400 157 "-" "-"
5.178.86.74 - - [25/Mar/2021:13:35:58 +0000] "POST http://check.best-proxies.ru/azenv.php?s=VJVJVBMOOOYOOIVCPUPIKBPXKUYRYR HTTP/1.1" 404 2466 "https://best-proxies.ru/" "Mozilla/5.0 (Windows NT 10.0; Win64; x64) AppleWebKit/537.36 (KHTML, like Gecko) Chrome/85.0.4183.121 Safari/537.36 OPR/71.0.3770.234 (Edition Yx GX)"
5.178.86.74 - - [25/Mar/2021:13:36:03 +0000] "CONNECT 5.178.86.76:80 HTTP/1.1" 400 157 "-" "-"
5.178.86.76 - - [25/Mar/2021:13:36:08 +0000] "\x04\x01\x00P\x05\xB2VL0\x00" 400 157 "-" "-"
5.178.86.74 - - [25/Mar/2021:13:36:13 +0000] "\x05\x01\x00" 400 157 "-" "-"
5.178.86.76 - - [25/Mar/2021:13:36:20 +0000] "POST http://check.best-proxies.ru/azenv.php?s=VJVJVBMOOOYOOIVCPBPRNNPXKUYRYR HTTP/1.1" 404 2466 "https://best-proxies.ru/" "Mozilla/5.0 (Windows NT 6.1; Win64; x64) AppleWebKit/537.36 (KHTML, like Gecko) Chrome/86.0.4240.75 Safari/537.36"
5.178.86.78 - - [25/Mar/2021:13:36:24 +0000] "CONNECT 5.178.86.76:80 HTTP/1.1" 400 157 "-" "-"
5.178.86.76 - - [25/Mar/2021:13:36:29 +0000] "\x04\x01\x00P\x05\xB2VL0\x00" 400 157 "-" "-"
5.178.86.74 - - [25/Mar/2021:13:36:34 +0000] "\x05\x01\x00" 400 157 "-" "-"
209.141.62.143 - - [25/Mar/2021:13:49:57 +0000] "GET /manager/html HTTP/1.1" 400 157 "-" "-"
88.5.238.31 - - [25/Mar/2021:15:14:10 +0000] "GET / HTTP/1.1" 404 1017 "-" "Mozilla/5.0 zgrab/0.x"
5.178.86.74 - - [25/Mar/2021:16:34:12 +0000] "POST http://check.best-proxies.ru/azenv.php?s=VJVJVBMOOOYOOIVCPEKDTBVINUYRYR HTTP/1.1" 404 2466 "https://best-proxies.ru/" "Mozilla/5.0 (Windows NT 10.0; Win64; x64) AppleWebKit/537.36 (KHTML, like Gecko) Chrome/85.0.4183.121 Safari/537.36 OPR/71.0.3770.271"
5.178.86.74 - - [25/Mar/2021:16:34:17 +0000] "CONNECT 5.178.86.76:80 HTTP/1.1" 400 157 "-" "-"
5.178.86.74 - - [25/Mar/2021:16:34:22 +0000] "\x04\x01\x00P\x05\xB2VL0\x00" 400 157 "-" "-"
5.178.86.76 - - [25/Mar/2021:16:34:27 +0000] "\x05\x01\x00" 400 157 "-" "-"
5.178.86.76 - - [25/Mar/2021:16:35:23 +0000] "POST http://check.best-proxies.ru/azenv.php?s=VJVJVBMOOOYOOIVCPJKDPOIINUYRYR HTTP/1.1" 404 2466 "https://best-proxies.ru/" "Mozilla/5.0 (Macintosh; Intel Mac OS X 10_14_5) AppleWebKit/605.1.15 (KHTML, like Gecko) Version/13.1.1 Safari/605.1.15"
5.178.86.74 - - [25/Mar/2021:16:35:28 +0000] "CONNECT 5.178.86.76:80 HTTP/1.1" 400 157 "-" "-"
5.178.86.76 - - [25/Mar/2021:16:35:33 +0000] "\x04\x01\x00P\x05\xB2VL0\x00" 400 157 "-" "-"
5.178.86.74 - - [25/Mar/2021:16:35:38 +0000] "\x05\x01\x00" 400 157 "-" "-"
209.141.62.143 - - [25/Mar/2021:16:46:33 +0000] "GET /manager/html HTTP/1.1" 400 157 "-" "-"
209.141.56.172 - - [25/Mar/2021:16:58:41 +0000] "GET /manager/html HTTP/1.1" 400 157 "-" "-"
209.141.62.143 - - [25/Mar/2021:17:35:27 +0000] "GET /manager/html HTTP/1.1" 400 157 "-" "-"
209.141.62.143 - - [25/Mar/2021:18:22:18 +0000] "GET /manager/html HTTP/1.1" 400 157 "-" "-"
109.234.153.133 - - [25/Mar/2021:19:16:31 +0000] "POST http://check.best-proxies.ru/azenv.php?s=VJVJVBMOOOYOOIVCPJKOVXKXNUYRYR HTTP/1.1" 404 2466 "https://best-proxies.ru/" "Mozilla/5.0 (Windows NT 10.0; Win64; x64) AppleWebKit/537.36 (KHTML, like Gecko) Chrome/85.0.4183.121 Safari/537.36 OPR/71.0.3770.271"
109.234.153.133 - - [25/Mar/2021:19:16:36 +0000] "CONNECT 5.178.86.76:80 HTTP/1.1" 400 157 "-" "-"
109.234.153.134 - - [25/Mar/2021:19:16:41 +0000] "\x04\x01\x00P\x05\xB2VL0\x00" 400 157 "-" "-"
109.234.153.131 - - [25/Mar/2021:19:16:46 +0000] "\x05\x01\x00" 400 157 "-" "-"
109.234.153.131 - - [25/Mar/2021:19:42:21 +0000] "POST http://check.best-proxies.ru/azenv.php?s=VJVJVBMOOOYOOIVCPUKIVEPRVNYRYR HTTP/1.1" 404 2466 "https://best-proxies.ru/" "Mozilla/5.0 (Macintosh; Intel Mac OS X 10_15_7) AppleWebKit/537.36 (KHTML, like Gecko) Chrome/85.0.4183.121 Safari/537.36"
109.234.153.131 - - [25/Mar/2021:19:42:26 +0000] "CONNECT 5.178.86.76:80 HTTP/1.1" 400 157 "-" "-"
109.234.153.133 - - [25/Mar/2021:19:42:31 +0000] "\x04\x01\x00P\x05\xB2VL0\x00" 400 157 "-" "-"
109.234.153.132 - - [25/Mar/2021:19:42:36 +0000] "\x05\x01\x00" 400 157 "-" "-"
209.141.62.143 - - [25/Mar/2021:19:58:07 +0000] "GET /manager/html HTTP/1.1" 400 157 "-" "-"
209.141.56.172 - - [25/Mar/2021:20:51:20 +0000] "GET /manager/html HTTP/1.1" 400 157 "-" "-"
23.95.222.129 - - [25/Mar/2021:21:05:37 +0000] "\x16\x03\x01\x01\xFA\x01\x00\x01\xF6\x03\x03@\x8Eg\x08A7O\x88\xCAa\xEEI\xBD+\xE1\xE2\xC4\xEA\xEB\x9F:\xB6\xBC\x99\xAC\x8D\xDC\x09\x92y\x10h\x00\x01<\xCC\x14\xCC\x13\xCC\x15\xC00\xC0,\xC0(\xC0$\xC0\x14\xC0" 400 157 "-" "-"
139.162.79.87 - - [25/Mar/2021:21:50:26 +0000] "GET / HTTP/1.1" 404 1017 "-" "Mozilla/5.0"
209.141.62.143 - - [25/Mar/2021:22:09:51 +0000] "GET /manager/html HTTP/1.1" 400 157 "-" "-"
109.234.153.134 - - [25/Mar/2021:22:25:03 +0000] "POST http://check.best-proxies.ru/azenv.php?s=VJVJVBMOOOYOOIVCPOPITIIRINYRYR HTTP/1.1" 404 2466 "https://best-proxies.ru/" "Mozilla/5.0 (Windows NT 10.0; Win64; x64; rv:81.0) Gecko/20100101 Firefox/81.0"
109.234.153.132 - - [25/Mar/2021:22:25:08 +0000] "CONNECT 5.178.86.76:80 HTTP/1.1" 400 157 "-" "-"
109.234.153.133 - - [25/Mar/2021:22:25:13 +0000] "\x04\x01\x00P\x05\xB2VL0\x00" 400 157 "-" "-"
109.234.153.131 - - [25/Mar/2021:22:25:18 +0000] "\x05\x01\x00" 400 157 "-" "-"
109.234.153.130 - - [25/Mar/2021:22:34:09 +0000] "POST http://check.best-proxies.ru/azenv.php?s=VJVJVBMOOOYOOIVCPBPEUEYRINYRYR HTTP/1.1" 404 2466 "https://best-proxies.ru/" "Mozilla/5.0 (Windows NT 10.0; Win64; x64) AppleWebKit/537.36 (KHTML, like Gecko) Chrome/85.0.4183.121 Safari/537.36 OPR/71.0.3770.271"
109.234.153.132 - - [25/Mar/2021:22:34:14 +0000] "CONNECT 5.178.86.76:80 HTTP/1.1" 400 157 "-" "-"
109.234.153.131 - - [25/Mar/2021:22:34:19 +0000] "\x04\x01\x00P\x05\xB2VL0\x00" 400 157 "-" "-"
109.234.153.130 - - [25/Mar/2021:22:34:24 +0000] "\x05\x01\x00" 400 157 "-" "-"
205.185.122.102 - - [26/Mar/2021:00:25:11 +0000] "GET /config/getuser?index=0 HTTP/1.1" 404 1043 "-" "Mozilla/5.0 (X11; Ubuntu; Linux x86_64; rv:76.0) Gecko/20100101 Firefox/76.0"
209.17.97.122 - - [26/Mar/2021:00:34:24 +0000] "GET / HTTP/1.0" 404 2380 "-" "Mozilla/5.0 (compatible; Nimbostratus-Bot/v1.3.2; http://cloudsystemnetworks.com)"
209.141.49.42 - - [26/Mar/2021:00:41:40 +0000] "GET /script HTTP/1.1" 400 157 "-" "-"
209.141.56.172 - - [26/Mar/2021:00:42:20 +0000] "GET /manager/html HTTP/1.1" 400 157 "-" "-"
209.17.96.170 - - [26/Mar/2021:00:42:56 +0000] "GET / HTTP/1.1" 404 2382 "-" "Mozilla/5.0 (compatible; Nimbostratus-Bot/v1.3.2; http://cloudsystemnetworks.com)"
59.151.197.26 - - [26/Mar/2021:00:51:15 +0000] "GET / HTTP/1.1" 404 1020 "-" "Mozilla/5.0 (Windows NT 10.0; Win64; x64) AppleWebKit/537.36 (KHTML, like Gecko) Chrome/89.0.4389.90 Safari/537.36"
59.151.197.26 - - [26/Mar/2021:01:26:31 +0000] "GET / HTTP/1.1" 404 1037 "-" "Mozilla/5.0 (Windows NT 10.0; Win64; x64) AppleWebKit/537.36 (KHTML, like Gecko) Chrome/89.0.4389.90 Safari/537.36"
59.151.197.26 - - [26/Mar/2021:01:26:58 +0000] "GET / HTTP/1.1" 404 1037 "-" "Mozilla/5.0 (Windows NT 10.0; Win64; x64) AppleWebKit/537.36 (KHTML, like Gecko) Chrome/89.0.4389.90 Safari/537.36"
109.234.153.133 - - [26/Mar/2021:01:30:03 +0000] "POST http://check.best-proxies.ru/azenv.php?s=VJVJVBMOOOYOOIVCPJPITITOTNYRYR HTTP/1.1" 404 2685 "https://best-proxies.ru/" "Mozilla/5.0 (Macintosh; Intel Mac OS X 10_15_7) AppleWebKit/537.36 (KHTML, like Gecko) Chrome/85.0.4183.121 Safari/537.36"
109.234.153.133 - - [26/Mar/2021:01:30:08 +0000] "CONNECT 5.178.86.76:80 HTTP/1.1" 400 157 "-" "-"
109.234.153.130 - - [26/Mar/2021:01:30:13 +0000] "\x04\x01\x00P\x05\xB2VL0\x00" 400 157 "-" "-"
109.234.153.131 - - [26/Mar/2021:01:30:18 +0000] "\x05\x01\x00" 400 157 "-" "-"
209.141.62.143 - - [26/Mar/2021:01:31:09 +0000] "GET /manager/html HTTP/1.1" 400 157 "-" "-"
109.234.153.134 - - [26/Mar/2021:01:37:38 +0000] "POST http://check.best-proxies.ru/azenv.php?s=VJVJVBMOOOYOOIVCPDNEKBYOTNYRYR HTTP/1.1" 404 2685 "https://best-proxies.ru/" "Mozilla/5.0 (Windows NT 10.0; Win64; x64) AppleWebKit/537.36 (KHTML, like Gecko) Chrome/85.0.4183.102 YaBrowser/20.9.2.80 Yowser/2.5 Safari/537.36"
109.234.153.131 - - [26/Mar/2021:01:37:43 +0000] "CONNECT 5.178.86.76:80 HTTP/1.1" 400 157 "-" "-"
109.234.153.134 - - [26/Mar/2021:01:37:48 +0000] "\x04\x01\x00P\x05\xB2VL0\x00" 400 157 "-" "-"
109.234.153.130 - - [26/Mar/2021:01:37:53 +0000] "\x05\x01\x00" 400 157 "-" "-"
59.151.197.26 - - [26/Mar/2021:01:40:35 +0000] "GET / HTTP/1.1" 404 1037 "-" "Mozilla/5.0 (Windows NT 10.0; Win64; x64) AppleWebKit/537.36 (KHTML, like Gecko) Chrome/89.0.4389.90 Safari/537.36"
59.151.197.26 - - [26/Mar/2021:01:40:36 +0000] "GET / HTTP/1.1" 404 1037 "-" "Mozilla/5.0 (Windows NT 10.0; Win64; x64) AppleWebKit/537.36 (KHTML, like Gecko) Chrome/89.0.4389.90 Safari/537.36"
59.151.197.26 - - [26/Mar/2021:01:40:36 +0000] "GET / HTTP/1.1" 404 1037 "-" "Mozilla/5.0 (Windows NT 10.0; Win64; x64) AppleWebKit/537.36 (KHTML, like Gecko) Chrome/89.0.4389.90 Safari/537.36"
59.151.197.26 - - [26/Mar/2021:01:40:37 +0000] "GET / HTTP/1.1" 404 1037 "-" "Mozilla/5.0 (Windows NT 10.0; Win64; x64) AppleWebKit/537.36 (KHTML, like Gecko) Chrome/89.0.4389.90 Safari/537.36"
59.151.197.26 - - [26/Mar/2021:01:40:37 +0000] "GET / HTTP/1.1" 404 1037 "-" "Mozilla/5.0 (Windows NT 10.0; Win64; x64) AppleWebKit/537.36 (KHTML, like Gecko) Chrome/89.0.4389.90 Safari/537.36"
59.151.197.26 - - [26/Mar/2021:01:40:40 +0000] "GET /admin HTTP/1.1" 301 0 "-" "Mozilla/5.0 (Windows NT 10.0; Win64; x64) AppleWebKit/537.36 (KHTML, like Gecko) Chrome/89.0.4389.90 Safari/537.36"
59.151.197.26 - - [26/Mar/2021:01:40:40 +0000] "GET /admin/ HTTP/1.1" 302 0 "-" "Mozilla/5.0 (Windows NT 10.0; Win64; x64) AppleWebKit/537.36 (KHTML, like Gecko) Chrome/89.0.4389.90 Safari/537.36"
59.151.197.26 - - [26/Mar/2021:01:40:40 +0000] "GET /admin/login/?next=/admin/ HTTP/1.1" 200 1007 "-" "Mozilla/5.0 (Windows NT 10.0; Win64; x64) AppleWebKit/537.36 (KHTML, like Gecko) Chrome/89.0.4389.90 Safari/537.36"
59.151.197.26 - - [26/Mar/2021:01:40:40 +0000] "GET /static/admin/css/base.css HTTP/1.1" 404 188 "http://j4d104.p.ssafy.io:8080/admin/login/?next=/admin/" "Mozilla/5.0 (Windows NT 10.0; Win64; x64) AppleWebKit/537.36 (KHTML, like Gecko) Chrome/89.0.4389.90 Safari/537.36"
59.151.197.26 - - [26/Mar/2021:01:40:40 +0000] "GET /static/admin/css/nav_sidebar.css HTTP/1.1" 404 188 "http://j4d104.p.ssafy.io:8080/admin/login/?next=/admin/" "Mozilla/5.0 (Windows NT 10.0; Win64; x64) AppleWebKit/537.36 (KHTML, like Gecko) Chrome/89.0.4389.90 Safari/537.36"
59.151.197.26 - - [26/Mar/2021:01:40:40 +0000] "GET /static/admin/css/login.css HTTP/1.1" 404 188 "http://j4d104.p.ssafy.io:8080/admin/login/?next=/admin/" "Mozilla/5.0 (Windows NT 10.0; Win64; x64) AppleWebKit/537.36 (KHTML, like Gecko) Chrome/89.0.4389.90 Safari/537.36"
59.151.197.26 - - [26/Mar/2021:01:40:40 +0000] "GET /static/admin/css/responsive.css HTTP/1.1" 404 188 "http://j4d104.p.ssafy.io:8080/admin/login/?next=/admin/" "Mozilla/5.0 (Windows NT 10.0; Win64; x64) AppleWebKit/537.36 (KHTML, like Gecko) Chrome/89.0.4389.90 Safari/537.36"
59.151.197.26 - - [26/Mar/2021:01:40:40 +0000] "GET /static/admin/js/nav_sidebar.js HTTP/1.1" 404 188 "http://j4d104.p.ssafy.io:8080/admin/login/?next=/admin/" "Mozilla/5.0 (Windows NT 10.0; Win64; x64) AppleWebKit/537.36 (KHTML, like Gecko) Chrome/89.0.4389.90 Safari/537.36"
89.40.73.234 - - [26/Mar/2021:02:25:53 +0000] "\x16\x03\x03\x00\x99\x01\x00\x00\x95\x03\x03`]F\xB8\x80+\x03\x84\x89\x83\xCA-_\x83\x1E%\x92\xB4\xBFe$\x9B\xCA\xA3\x929\x0C\xB4A\xA2\x94\x7F\x00\x004\xC0(\xC0'\xC0\x14\xC0\x13\x00\x9F\x00\x9E\x00\x9D\x00\x9C\xC0,\xC0+\xC0$\xC0#\xC0" 400 157 "-" "-"
162.142.125.40 - - [26/Mar/2021:02:31:33 +0000] "GET / HTTP/1.1" 404 2601 "-" "-"
162.142.125.40 - - [26/Mar/2021:02:31:34 +0000] "GET / HTTP/1.1" 404 1034 "-" "Mozilla/5.0 (compatible; CensysInspect/1.1; +https://about.censys.io/)"
60.253.26.74 - - [26/Mar/2021:02:48:29 +0000] "GET / HTTP/1.1" 404 1037 "-" "Mozilla/5.0 (Windows NT 10.0; Win64; x64) AppleWebKit/537.36 (KHTML, like Gecko) Chrome/89.0.4389.90 Safari/537.36"
60.253.26.74 - - [26/Mar/2021:02:48:30 +0000] "GET /favicon.ico HTTP/1.1" 404 1055 "http://j4d104.p.ssafy.io:8080/" "Mozilla/5.0 (Windows NT 10.0; Win64; x64) AppleWebKit/537.36 (KHTML, like Gecko) Chrome/89.0.4389.90 Safari/537.36"
209.141.62.143 - - [26/Mar/2021:02:57:18 +0000] "GET /manager/html HTTP/1.1" 400 157 "-" "-"
205.185.127.244 - - [26/Mar/2021:03:20:28 +0000] "GET /config/getuser?index=0 HTTP/1.1" 404 1060 "-" "Mozilla/5.0 (X11; Ubuntu; Linux x86_64; rv:76.0) Gecko/20100101 Firefox/76.0"
109.234.153.132 - - [26/Mar/2021:04:23:45 +0000] "POST http://check.best-proxies.ru/azenv.php?s=VJVJVBMOOOYOOIVCPRIEMOYOPNYRYR HTTP/1.1" 404 2685 "https://best-proxies.ru/" "Mozilla/5.0 (Windows NT 10.0; Win64; x64; rv:81.0) Gecko/20100101 Firefox/81.0"
109.234.153.131 - - [26/Mar/2021:04:23:49 +0000] "CONNECT 5.178.86.76:80 HTTP/1.1" 400 157 "-" "-"
109.234.153.134 - - [26/Mar/2021:04:23:54 +0000] "\x04\x01\x00P\x05\xB2VL0\x00" 400 157 "-" "-"
109.234.153.134 - - [26/Mar/2021:04:24:00 +0000] "\x05\x01\x00" 400 157 "-" "-"
109.234.153.131 - - [26/Mar/2021:04:33:02 +0000] "POST http://check.best-proxies.ru/azenv.php?s=VJVJVBMOOOYOOIVCPJNETJIDPNYRYR HTTP/1.1" 404 2685 "https://best-proxies.ru/" "Mozilla/5.0 (Macintosh; Intel Mac OS X 10_15_7) AppleWebKit/537.36 (KHTML, like Gecko) Chrome/85.0.4183.121 Safari/537.36"
109.234.153.131 - - [26/Mar/2021:04:33:07 +0000] "CONNECT 5.178.86.76:80 HTTP/1.1" 400 157 "-" "-"
109.234.153.130 - - [26/Mar/2021:04:33:12 +0000] "\x04\x01\x00P\x05\xB2VL0\x00" 400 157 "-" "-"
109.234.153.133 - - [26/Mar/2021:04:33:17 +0000] "\x05\x01\x00" 400 157 "-" "-"
209.141.62.143 - - [26/Mar/2021:04:34:47 +0000] "GET /manager/html HTTP/1.1" 400 157 "-" "-"
209.141.56.172 - - [26/Mar/2021:04:40:57 +0000] "GET /manager/html HTTP/1.1" 400 157 "-" "-"
222.186.136.150 - - [26/Mar/2021:05:29:07 +0000] "GET http://fuwu.sogou.com/404/index.html HTTP/1.1" 404 1047 "-" "Mozilla/5.0 (Windows NT 5.2; WOW64) AppleWebKit/535.7 (KHTML, like Gecko) Chrome/16.0.912.63 Safari/535.7"
222.186.136.150 - - [26/Mar/2021:05:29:07 +0000] "GET http://fuwu.sogou.com/404/index.html HTTP/1.1" 404 1047 "-" "Mozilla/5.0 (Windows; U; Windows NT 5.1; en-US) AppleWebKit/532.0 (KHTML, like Gecko) Chrome/4.0.211.2 Safari/532.0"
222.186.136.150 - - [26/Mar/2021:05:29:07 +0000] "\x16\x03\x01\x00\xEE\x01\x00\x00\xEA\x03\x03=\x98\xCC\x92\x7F\xC4\xD7\xB8\x99\xE2\xC3\xA11\x0Eq=\xBA" 400 157 "-" "-"
222.186.136.150 - - [26/Mar/2021:05:29:07 +0000] "\x05\x01\x00" 400 157 "-" "-"
59.23.1.93 - - [26/Mar/2021:06:04:50 +0000] "GET /admin HTTP/1.1" 301 0 "-" "Mozilla/5.0 (Windows NT 10.0; Win64; x64) AppleWebKit/537.36 (KHTML, like Gecko) Chrome/89.0.4389.90 Safari/537.36"
59.23.1.93 - - [26/Mar/2021:06:04:50 +0000] "GET /admin/ HTTP/1.1" 302 0 "-" "Mozilla/5.0 (Windows NT 10.0; Win64; x64) AppleWebKit/537.36 (KHTML, like Gecko) Chrome/89.0.4389.90 Safari/537.36"
59.23.1.93 - - [26/Mar/2021:06:04:50 +0000] "GET /admin/login/?next=/admin/ HTTP/1.1" 200 998 "-" "Mozilla/5.0 (Windows NT 10.0; Win64; x64) AppleWebKit/537.36 (KHTML, like Gecko) Chrome/89.0.4389.90 Safari/537.36"
59.23.1.93 - - [26/Mar/2021:06:04:50 +0000] "GET /static/admin/css/base.css HTTP/1.1" 404 188 "http://j4d104.p.ssafy.io:8080/admin/login/?next=/admin/" "Mozilla/5.0 (Windows NT 10.0; Win64; x64) AppleWebKit/537.36 (KHTML, like Gecko) Chrome/89.0.4389.90 Safari/537.36"
59.23.1.93 - - [26/Mar/2021:06:04:50 +0000] "GET /static/admin/css/nav_sidebar.css HTTP/1.1" 404 188 "http://j4d104.p.ssafy.io:8080/admin/login/?next=/admin/" "Mozilla/5.0 (Windows NT 10.0; Win64; x64) AppleWebKit/537.36 (KHTML, like Gecko) Chrome/89.0.4389.90 Safari/537.36"
59.23.1.93 - - [26/Mar/2021:06:04:50 +0000] "GET /static/admin/css/login.css HTTP/1.1" 404 188 "http://j4d104.p.ssafy.io:8080/admin/login/?next=/admin/" "Mozilla/5.0 (Windows NT 10.0; Win64; x64) AppleWebKit/537.36 (KHTML, like Gecko) Chrome/89.0.4389.90 Safari/537.36"
59.23.1.93 - - [26/Mar/2021:06:04:50 +0000] "GET /static/admin/css/responsive.css HTTP/1.1" 404 188 "http://j4d104.p.ssafy.io:8080/admin/login/?next=/admin/" "Mozilla/5.0 (Windows NT 10.0; Win64; x64) AppleWebKit/537.36 (KHTML, like Gecko) Chrome/89.0.4389.90 Safari/537.36"
59.23.1.93 - - [26/Mar/2021:06:04:50 +0000] "GET /static/admin/js/nav_sidebar.js HTTP/1.1" 404 188 "http://j4d104.p.ssafy.io:8080/admin/login/?next=/admin/" "Mozilla/5.0 (Windows NT 10.0; Win64; x64) AppleWebKit/537.36 (KHTML, like Gecko) Chrome/89.0.4389.90 Safari/537.36"
59.23.1.93 - - [26/Mar/2021:06:04:58 +0000] "GET / HTTP/1.1" 404 1037 "-" "Mozilla/5.0 (Windows NT 10.0; Win64; x64) AppleWebKit/537.36 (KHTML, like Gecko) Chrome/89.0.4389.90 Safari/537.36"
209.141.62.143 - - [26/Mar/2021:06:06:15 +0000] "GET /manager/html HTTP/1.1" 400 157 "-" "-"
59.23.1.93 - - [26/Mar/2021:06:36:31 +0000] "\x16\x03\x01\x02\x00\x01\x00\x01\xFC\x03\x03\xF8K\xEE\xDC\x8C\xD2(w{\xB0\x0E\x089\xAD\xF0<G\x5C\x16\xF36\x06\xAF\x872" 400 157 "-" "-"
59.23.1.93 - - [26/Mar/2021:06:36:31 +0000] "\x16\x03\x01\x02\x00\x01\x00\x01\xFC\x03\x03\xA5\x8F#\xAE\xDF\xD1\xD2\x9E?\xE2B\xE4\xAE\xBDU" 400 157 "-" "-"
59.23.1.93 - - [26/Mar/2021:06:36:31 +0000] "\x16\x03\x01\x02\x00\x01\x00\x01\xFC\x03\x03\x18\xA5\xFEyf\x7F\xF5N\xAF6\xE60m$\xCA\x1E\x801`,7F\x94\x9C\xC9\x1C~\x091$\xD7\xE5 \x0E[\xDB\xACz>- |\xC1\x93Ac3\x87Q\xAB\x05\x5C'\xDFB0\xBA\xF22\x9Efjz\x82Q\x00\x22\xFA\xFA\x13\x01\x13\x02\x13\x03\xC0+\xC0/\xC0,\xC00\xCC\xA9\xCC\xA8\xC0\x13\xC0\x14\x00\x9C\x00\x9D\x00/\x005\x00" 400 157 "-" "-"
59.23.1.93 - - [26/Mar/2021:06:36:31 +0000] "\x16\x03\x01\x02\x00\x01\x00\x01\xFC\x03\x03\x83\xE6d\x22\x87\x9B8\x14\x9C\xB4\x85\xCFt\x98\xC3\xE1>\x8D\xB4\xCF\xF2\xF5\x8EF_\x9CQ\xC0\xC4\xCC\xECl +\xC3d:4U-\xB3\x1C*/\xC8SK\x81\xBB+\x89\xEDxX\xFA\xFD\x99P\xB3\x8C?K\x22\xB7\x94\x00\x22\xDA\xDA\x13\x01\x13\x02\x13\x03\xC0+\xC0/\xC0,\xC00\xCC\xA9\xCC\xA8\xC0\x13\xC0\x14\x00\x9C\x00\x9D\x00/\x005\x00" 400 157 "-" "-"
59.23.1.93 - - [26/Mar/2021:06:44:51 +0000] "POST /accounts/api-token-auth/ HTTP/1.1" 200 204 "-" "PostmanRuntime/7.26.10"
184.105.247.195 - - [26/Mar/2021:06:44:58 +0000] "GET / HTTP/1.1" 404 2596 "-" "-"
59.23.1.93 - - [26/Mar/2021:06:51:21 +0000] "GET / HTTP/1.1" 404 1037 "-" "Mozilla/5.0 (Windows NT 10.0; Win64; x64) AppleWebKit/537.36 (KHTML, like Gecko) Chrome/89.0.4389.90 Safari/537.36"
59.23.1.93 - - [26/Mar/2021:07:06:38 +0000] "GET / HTTP/1.1" 301 169 "-" "Mozilla/5.0 (Windows NT 10.0; Win64; x64) AppleWebKit/537.36 (KHTML, like Gecko) Chrome/89.0.4389.90 Safari/537.36"
59.23.1.93 - - [26/Mar/2021:07:06:46 +0000] "\x16\x03\x01\x02\x00\x01\x00\x01\xFC\x03\x03<\xFA\xF3\xCC\x99\x11H,\xB1\xCDp\x9B\x87]*|\x02#" 400 157 "-" "-"
59.23.1.93 - - [26/Mar/2021:07:06:46 +0000] "\x16\x03\x01\x02\x00\x01\x00\x01\xFC\x03\x03\xA3W\x09a(\x10\x9A*\x9DE\xF1\xF4\x03\xD9$a\x11\x8E\x9A\xA7\xAAy\x13/\x84\xDEf\xA7y\xFA$\xAB kRj\xFF\xABQ+\xA5W\xD9\x04e\x0Es\x01\xB1\xA6\xFD\xB4\xE3\xB8Ky\x90V<X&\x8B\xC2=\xF0\x00 \x1A\x1A\x13\x01\x13\x02\x13\x03\xC0+\xC0/\xC0,\xC00\xCC\xA9\xCC\xA8\xC0\x13\xC0\x14\x00\x9C\x00\x9D\x00/\x005\x01\x00\x01\x93\x9A\x9A\x00\x00\x00\x00\x00\x16\x00\x14\x00\x00\x11j4d104.p.ssafy.io\x00\x17\x00\x00\xFF\x01\x00\x01\x00\x00" 400 157 "-" "-"
59.23.1.93 - - [26/Mar/2021:07:06:46 +0000] "\x16\x03\x01\x02\x00\x01\x00\x01\xFC\x03\x03\x0B\x8F,\xC1\xC09\x85\x92\xEC\x9F\xAE\xFF\xD9\x0F\x22[\x9CK\xD3\xC0k(\x8E4\xD0\x88\x9F\x8E\xDFZ\xAB\x1D \xAC4\x7F)qX\xB3\x02\xE6\x95\x11\xD5^B*\xD5\xA2\xFEF6\x93\x10D\x00I\x0B@E\x9A\xB9T\x8F\x00\x22\x8A\x8A\x13\x01\x13\x02\x13\x03\xC0+\xC0/\xC0,\xC00\xCC\xA9\xCC\xA8\xC0\x13\xC0\x14\x00\x9C\x00\x9D\x00/\x005\x00" 400 157 "-" "-"
59.23.1.93 - - [26/Mar/2021:07:06:46 +0000] "\x16\x03\x01\x02\x00\x01\x00\x01\xFC\x03\x03(\x88\x17\x86\xE4\x8C\xE0\x8Crp\xCC]\xD3Y!\x87\x08zG\xE2" 400 157 "-" "-"
59.23.1.93 - - [26/Mar/2021:07:10:04 +0000] "\x16\x03\x01\x02\x00\x01\x00\x01\xFC\x03\x03e\xB9\x01p\xCE\x99\x0F\xCF\xA69\x08,\xB4T+\x0E\x12\x86\x81\xA7.\xECI_\xE2\x1F\x7F=vj\x7F\xC0 \xB3w\x1F\x9A\xE6N15\x06\x9F\x82\xF5\x8D\xBA\xDC\xDB\xA7\xD1\xB1\xE4\xC2\xDA\x1F\xD9\x94\xC3$" 400 157 "-" "-"
59.23.1.93 - - [26/Mar/2021:07:10:04 +0000] "\x16\x03\x01\x02\x00\x01\x00\x01\xFC\x03\x03`\x07\xE3\xC5\xAD\x01\xADoV#\xE6\xE9\xB4\x84\x17\x9E\x87\xD7)N\xE9\xF0\xB6\x87\x85\x12\xB0\xB9_\xEC+l Hi\xA6\xA4\xCE\xB8<\xFF?W%\xC402\xB9j\xA0&\xDE\xD8\xF9\xC5dj\xE3]\xB0;u\xAB\xBBB\x00 \xFA\xFA\x13\x01\x13\x02\x13\x03\xC0+\xC0/\xC0,\xC00\xCC\xA9\xCC\xA8\xC0\x13\xC0\x14\x00\x9C\x00\x9D\x00/\x005\x01\x00\x01\x93::\x00\x00\x00\x00\x00\x16\x00\x14\x00\x00\x11j4d104.p.ssafy.io\x00\x17\x00\x00\xFF\x01\x00\x01\x00\x00" 400 157 "-" "-"
59.23.1.93 - - [26/Mar/2021:07:10:04 +0000] "\x16\x03\x01\x02\x00\x01\x00\x01\xFC\x03\x03\x9872\xD5\xA9\xE0\x85\xB6\xF7\xFA\x82\x10H\x11|\xEE\xA1a\xD3m\x84H\x8C%\x8E\xCC\x82 \xDA\xCF\x0B\xC9 \xA5\xEF\x9D\xF2A\x00M\x9A\x048\x89l\xA1\xF9=\xB9(g\x18\xC8\xA4\x8E\xED?\x86\x9A)\xFB\xF7\xC9\xF3m\x00\x22::\x13\x01\x13\x02\x13\x03\xC0+\xC0/\xC0,\xC00\xCC\xA9\xCC\xA8\xC0\x13\xC0\x14\x00\x9C\x00\x9D\x00/\x005\x00" 400 157 "-" "-"
59.23.1.93 - - [26/Mar/2021:07:10:04 +0000] "\x16\x03\x01\x02\x00\x01\x00\x01\xFC\x03\x03\x9B\xA2\xE8PK\x01\xDEq|\xFD\xE5\x87\xE7\x90\xB0\x08\x8D\xB4\xEB\x1F\x89\xAFtz,.<\x8E[\xF2\x1A\xEE W\xE0\x12\x10\xCD\xBF3\xA5P]\x18 \x89_\x19G\x0C\x8C8\xA0\xB1\xF1\x19v\x92#\xBC\x22\xE7\xF7o\x83\x00\x22" 400 157 "-" "-"
59.23.1.93 - - [26/Mar/2021:07:12:48 +0000] "GET /community/ HTTP/1.1" 401 5173 "-" "Mozilla/5.0 (Windows NT 10.0; Win64; x64) AppleWebKit/537.36 (KHTML, like Gecko) Chrome/89.0.4389.90 Safari/537.36"
59.23.1.93 - - [26/Mar/2021:07:12:48 +0000] "GET /static/rest_framework/css/bootstrap.min.css HTTP/1.1" 404 188 "http://j4d104.p.ssafy.io:8080/community/" "Mozilla/5.0 (Windows NT 10.0; Win64; x64) AppleWebKit/537.36 (KHTML, like Gecko) Chrome/89.0.4389.90 Safari/537.36"
59.23.1.93 - - [26/Mar/2021:07:12:48 +0000] "GET /static/rest_framework/css/bootstrap-tweaks.css HTTP/1.1" 404 188 "http://j4d104.p.ssafy.io:8080/community/" "Mozilla/5.0 (Windows NT 10.0; Win64; x64) AppleWebKit/537.36 (KHTML, like Gecko) Chrome/89.0.4389.90 Safari/537.36"
59.23.1.93 - - [26/Mar/2021:07:12:48 +0000] "GET /static/rest_framework/css/prettify.css HTTP/1.1" 404 188 "http://j4d104.p.ssafy.io:8080/community/" "Mozilla/5.0 (Windows NT 10.0; Win64; x64) AppleWebKit/537.36 (KHTML, like Gecko) Chrome/89.0.4389.90 Safari/537.36"
59.23.1.93 - - [26/Mar/2021:07:12:48 +0000] "GET /static/rest_framework/css/default.css HTTP/1.1" 404 188 "http://j4d104.p.ssafy.io:8080/community/" "Mozilla/5.0 (Windows NT 10.0; Win64; x64) AppleWebKit/537.36 (KHTML, like Gecko) Chrome/89.0.4389.90 Safari/537.36"
59.23.1.93 - - [26/Mar/2021:07:12:48 +0000] "GET /static/rest_framework/js/ajax-form.js HTTP/1.1" 404 188 "http://j4d104.p.ssafy.io:8080/community/" "Mozilla/5.0 (Windows NT 10.0; Win64; x64) AppleWebKit/537.36 (KHTML, like Gecko) Chrome/89.0.4389.90 Safari/537.36"
59.23.1.93 - - [26/Mar/2021:07:12:48 +0000] "GET /static/rest_framework/js/jquery-3.5.1.min.js HTTP/1.1" 404 188 "http://j4d104.p.ssafy.io:8080/community/" "Mozilla/5.0 (Windows NT 10.0; Win64; x64) AppleWebKit/537.36 (KHTML, like Gecko) Chrome/89.0.4389.90 Safari/537.36"
59.23.1.93 - - [26/Mar/2021:07:12:48 +0000] "GET /static/rest_framework/js/csrf.js HTTP/1.1" 404 188 "http://j4d104.p.ssafy.io:8080/community/" "Mozilla/5.0 (Windows NT 10.0; Win64; x64) AppleWebKit/537.36 (KHTML, like Gecko) Chrome/89.0.4389.90 Safari/537.36"
59.23.1.93 - - [26/Mar/2021:07:12:48 +0000] "GET /static/rest_framework/js/bootstrap.min.js HTTP/1.1" 404 188 "http://j4d104.p.ssafy.io:8080/community/" "Mozilla/5.0 (Windows NT 10.0; Win64; x64) AppleWebKit/537.36 (KHTML, like Gecko) Chrome/89.0.4389.90 Safari/537.36"
59.23.1.93 - - [26/Mar/2021:07:12:48 +0000] "GET /static/rest_framework/js/default.js HTTP/1.1" 404 188 "http://j4d104.p.ssafy.io:8080/community/" "Mozilla/5.0 (Windows NT 10.0; Win64; x64) AppleWebKit/537.36 (KHTML, like Gecko) Chrome/89.0.4389.90 Safari/537.36"
59.23.1.93 - - [26/Mar/2021:07:12:48 +0000] "GET /static/rest_framework/js/prettify-min.js HTTP/1.1" 404 188 "http://j4d104.p.ssafy.io:8080/community/" "Mozilla/5.0 (Windows NT 10.0; Win64; x64) AppleWebKit/537.36 (KHTML, like Gecko) Chrome/89.0.4389.90 Safari/537.36"
59.23.1.93 - - [26/Mar/2021:07:12:48 +0000] "GET /static/rest_framework/js/bootstrap.min.js HTTP/1.1" 404 188 "http://j4d104.p.ssafy.io:8080/community/" "Mozilla/5.0 (Windows NT 10.0; Win64; x64) AppleWebKit/537.36 (KHTML, like Gecko) Chrome/89.0.4389.90 Safari/537.36"
59.23.1.93 - - [26/Mar/2021:07:12:48 +0000] "GET /static/rest_framework/js/prettify-min.js HTTP/1.1" 404 188 "http://j4d104.p.ssafy.io:8080/community/" "Mozilla/5.0 (Windows NT 10.0; Win64; x64) AppleWebKit/537.36 (KHTML, like Gecko) Chrome/89.0.4389.90 Safari/537.36"
59.23.1.93 - - [26/Mar/2021:07:12:48 +0000] "GET /static/rest_framework/js/default.js HTTP/1.1" 404 188 "http://j4d104.p.ssafy.io:8080/community/" "Mozilla/5.0 (Windows NT 10.0; Win64; x64) AppleWebKit/537.36 (KHTML, like Gecko) Chrome/89.0.4389.90 Safari/537.36"
59.23.1.93 - - [26/Mar/2021:07:13:08 +0000] "GET /admin/ HTTP/1.1" 302 0 "-" "Mozilla/5.0 (Windows NT 10.0; Win64; x64) AppleWebKit/537.36 (KHTML, like Gecko) Chrome/89.0.4389.90 Safari/537.36"
59.23.1.93 - - [26/Mar/2021:07:13:08 +0000] "GET /admin/login/?next=/admin/ HTTP/1.1" 200 1001 "-" "Mozilla/5.0 (Windows NT 10.0; Win64; x64) AppleWebKit/537.36 (KHTML, like Gecko) Chrome/89.0.4389.90 Safari/537.36"
59.23.1.93 - - [26/Mar/2021:07:13:08 +0000] "GET /static/admin/css/login.css HTTP/1.1" 404 188 "http://j4d104.p.ssafy.io:8080/admin/login/?next=/admin/" "Mozilla/5.0 (Windows NT 10.0; Win64; x64) AppleWebKit/537.36 (KHTML, like Gecko) Chrome/89.0.4389.90 Safari/537.36"
59.23.1.93 - - [26/Mar/2021:07:13:08 +0000] "GET /static/admin/css/base.css HTTP/1.1" 404 188 "http://j4d104.p.ssafy.io:8080/admin/login/?next=/admin/" "Mozilla/5.0 (Windows NT 10.0; Win64; x64) AppleWebKit/537.36 (KHTML, like Gecko) Chrome/89.0.4389.90 Safari/537.36"
59.23.1.93 - - [26/Mar/2021:07:13:08 +0000] "GET /static/admin/css/nav_sidebar.css HTTP/1.1" 404 188 "http://j4d104.p.ssafy.io:8080/admin/login/?next=/admin/" "Mozilla/5.0 (Windows NT 10.0; Win64; x64) AppleWebKit/537.36 (KHTML, like Gecko) Chrome/89.0.4389.90 Safari/537.36"
59.23.1.93 - - [26/Mar/2021:07:13:08 +0000] "GET /static/admin/css/responsive.css HTTP/1.1" 404 188 "http://j4d104.p.ssafy.io:8080/admin/login/?next=/admin/" "Mozilla/5.0 (Windows NT 10.0; Win64; x64) AppleWebKit/537.36 (KHTML, like Gecko) Chrome/89.0.4389.90 Safari/537.36"
59.23.1.93 - - [26/Mar/2021:07:13:08 +0000] "GET /static/admin/js/nav_sidebar.js HTTP/1.1" 404 188 "http://j4d104.p.ssafy.io:8080/admin/login/?next=/admin/" "Mozilla/5.0 (Windows NT 10.0; Win64; x64) AppleWebKit/537.36 (KHTML, like Gecko) Chrome/89.0.4389.90 Safari/537.36"
59.23.1.93 - - [26/Mar/2021:07:23:35 +0000] "GET /admin/ HTTP/1.1" 302 0 "-" "Mozilla/5.0 (Windows NT 10.0; Win64; x64) AppleWebKit/537.36 (KHTML, like Gecko) Chrome/89.0.4389.90 Safari/537.36"
59.23.1.93 - - [26/Mar/2021:07:23:35 +0000] "GET /admin/login/?next=/admin/ HTTP/1.1" 200 1004 "-" "Mozilla/5.0 (Windows NT 10.0; Win64; x64) AppleWebKit/537.36 (KHTML, like Gecko) Chrome/89.0.4389.90 Safari/537.36"
59.23.1.93 - - [26/Mar/2021:07:23:35 +0000] "GET /static/admin/css/base.css HTTP/1.1" 404 188 "http://j4d104.p.ssafy.io:8080/admin/login/?next=/admin/" "Mozilla/5.0 (Windows NT 10.0; Win64; x64) AppleWebKit/537.36 (KHTML, like Gecko) Chrome/89.0.4389.90 Safari/537.36"
59.23.1.93 - - [26/Mar/2021:07:23:35 +0000] "GET /static/admin/css/nav_sidebar.css HTTP/1.1" 404 188 "http://j4d104.p.ssafy.io:8080/admin/login/?next=/admin/" "Mozilla/5.0 (Windows NT 10.0; Win64; x64) AppleWebKit/537.36 (KHTML, like Gecko) Chrome/89.0.4389.90 Safari/537.36"
59.23.1.93 - - [26/Mar/2021:07:23:35 +0000] "GET /static/admin/css/login.css HTTP/1.1" 404 188 "http://j4d104.p.ssafy.io:8080/admin/login/?next=/admin/" "Mozilla/5.0 (Windows NT 10.0; Win64; x64) AppleWebKit/537.36 (KHTML, like Gecko) Chrome/89.0.4389.90 Safari/537.36"
59.23.1.93 - - [26/Mar/2021:07:23:35 +0000] "GET /static/admin/css/responsive.css HTTP/1.1" 404 188 "http://j4d104.p.ssafy.io:8080/admin/login/?next=/admin/" "Mozilla/5.0 (Windows NT 10.0; Win64; x64) AppleWebKit/537.36 (KHTML, like Gecko) Chrome/89.0.4389.90 Safari/537.36"
59.23.1.93 - - [26/Mar/2021:07:23:35 +0000] "GET /static/admin/js/nav_sidebar.js HTTP/1.1" 404 188 "http://j4d104.p.ssafy.io:8080/admin/login/?next=/admin/" "Mozilla/5.0 (Windows NT 10.0; Win64; x64) AppleWebKit/537.36 (KHTML, like Gecko) Chrome/89.0.4389.90 Safari/537.36"
109.234.153.131 - - [26/Mar/2021:07:28:21 +0000] "POST http://check.best-proxies.ru/azenv.php?s=VJVJVBMOOOYOOIVCPJOEVIKDMNYRYR HTTP/1.1" 404 2685 "https://best-proxies.ru/" "Mozilla/5.0 (Windows NT 10.0; Win64; x64) AppleWebKit/537.36 (KHTML, like Gecko) Chrome/86.0.4240.75 Safari/537.36"
109.234.153.133 - - [26/Mar/2021:07:28:26 +0000] "CONNECT 5.178.86.76:80 HTTP/1.1" 400 157 "-" "-"
109.234.153.131 - - [26/Mar/2021:07:28:31 +0000] "\x04\x01\x00P\x05\xB2VL0\x00" 400 157 "-" "-"
109.234.153.134 - - [26/Mar/2021:07:28:36 +0000] "\x05\x01\x00" 400 157 "-" "-"
109.234.153.132 - - [26/Mar/2021:07:36:54 +0000] "POST http://check.best-proxies.ru/azenv.php?s=VJVJVBMOOOYOOIVCPEODPRTEMNYRYR HTTP/1.1" 404 2685 "https://best-proxies.ru/" "Mozilla/5.0 (Windows NT 10.0; Win64; x64; rv:81.0) Gecko/20100101 Firefox/81.0"
109.234.153.130 - - [26/Mar/2021:07:36:59 +0000] "CONNECT 5.178.86.76:80 HTTP/1.1" 400 157 "-" "-"
109.234.153.130 - - [26/Mar/2021:07:37:04 +0000] "\x04\x01\x00P\x05\xB2VL0\x00" 400 157 "-" "-"
109.234.153.130 - - [26/Mar/2021:07:37:09 +0000] "\x05\x01\x00" 400 157 "-" "-"
209.141.62.143 - - [26/Mar/2021:07:46:09 +0000] "GET /manager/html HTTP/1.1" 400 157 "-" "-"
167.248.133.54 - - [26/Mar/2021:07:58:53 +0000] "GET / HTTP/1.1" 404 2601 "-" "-"
167.248.133.54 - - [26/Mar/2021:07:58:53 +0000] "GET / HTTP/1.1" 404 1034 "-" "Mozilla/5.0 (compatible; CensysInspect/1.1; +https://about.censys.io/)"
209.141.56.172 - - [26/Mar/2021:08:32:44 +0000] "GET /manager/html HTTP/1.1" 400 157 "-" "-"
209.141.62.143 - - [26/Mar/2021:10:02:29 +0000] "GET /manager/html HTTP/1.1" 400 157 "-" "-"
109.234.153.130 - - [26/Mar/2021:10:25:47 +0000] "POST http://check.best-proxies.ru/azenv.php?s=VJVJVBMOOOYOOIVCPBOUYEPEONYRYR HTTP/1.1" 404 2685 "https://best-proxies.ru/" "Mozilla/5.0 (Macintosh; Intel Mac OS X 10_14_5) AppleWebKit/605.1.15 (KHTML, like Gecko) Version/13.1.1 Safari/605.1.15"
109.234.153.131 - - [26/Mar/2021:10:25:51 +0000] "CONNECT 5.178.86.76:80 HTTP/1.1" 400 157 "-" "-"
109.234.153.130 - - [26/Mar/2021:10:25:56 +0000] "\x04\x01\x00P\x05\xB2VL0\x00" 400 157 "-" "-"
109.234.153.132 - - [26/Mar/2021:10:26:02 +0000] "\x05\x01\x00" 400 157 "-" "-"
109.234.153.132 - - [26/Mar/2021:10:33:43 +0000] "POST http://check.best-proxies.ru/azenv.php?s=VJVJVBMOOOYOOIVCPOKUTOUEONYRYR HTTP/1.1" 404 2685 "https://best-proxies.ru/" "Mozilla/5.0 (Windows NT 10.0; Win64; x64) AppleWebKit/537.36 (KHTML, like Gecko) Chrome/85.0.4183.102 YaBrowser/20.9.2.80 Yowser/2.5 Safari/537.36"
109.234.153.131 - - [26/Mar/2021:10:33:48 +0000] "CONNECT 5.178.86.76:80 HTTP/1.1" 400 157 "-" "-"
109.234.153.130 - - [26/Mar/2021:10:33:53 +0000] "\x04\x01\x00P\x05\xB2VL0\x00" 400 157 "-" "-"
109.234.153.132 - - [26/Mar/2021:10:33:58 +0000] "\x05\x01\x00" 400 157 "-" "-"
209.141.62.143 - - [26/Mar/2021:10:56:44 +0000] "GET /manager/html HTTP/1.1" 400 157 "-" "-"
209.141.56.172 - - [26/Mar/2021:12:28:49 +0000] "GET /manager/html HTTP/1.1" 400 157 "-" "-"
156.96.155.229 - - [26/Mar/2021:13:23:23 +0000] "GET /manager/html HTTP/1.1" 404 2655 "-" "Mozilla/5.0 (compatible; MSIE 10.0; Windows NT 6.2; WOW64; Trident/6.0)"
109.234.153.131 - - [26/Mar/2021:13:29:05 +0000] "POST http://check.best-proxies.ru/azenv.php?s=VJVJVBMOOOYOOIVCPBINMEPBYNYRYR HTTP/1.1" 404 2685 "https://best-proxies.ru/" "Mozilla/5.0 (Windows NT 10.0; Win64; x64) AppleWebKit/537.36 (KHTML, like Gecko) Chrome/85.0.4183.121 Safari/537.36 OPR/71.0.3770.234 (Edition Yx GX)"
109.234.153.133 - - [26/Mar/2021:13:29:10 +0000] "CONNECT 5.178.86.76:80 HTTP/1.1" 400 157 "-" "-"
109.234.153.130 - - [26/Mar/2021:13:29:15 +0000] "\x04\x01\x00P\x05\xB2VL0\x00" 400 157 "-" "-"
109.234.153.130 - - [26/Mar/2021:13:29:20 +0000] "\x05\x01\x00" 400 157 "-" "-"
109.234.153.133 - - [26/Mar/2021:13:37:40 +0000] "POST http://check.best-proxies.ru/azenv.php?s=VJVJVBMOOOYOOIVCPROINBUBYNYRYR HTTP/1.1" 404 2685 "https://best-proxies.ru/" "Mozilla/5.0 (Windows NT 10.0; Win64; x64) AppleWebKit/537.36 (KHTML, like Gecko) Chrome/86.0.4240.75 Safari/537.36"
109.234.153.134 - - [26/Mar/2021:13:37:44 +0000] "CONNECT 5.178.86.76:80 HTTP/1.1" 400 157 "-" "-"
109.234.153.134 - - [26/Mar/2021:13:37:49 +0000] "\x04\x01\x00P\x05\xB2VL0\x00" 400 157 "-" "-"
109.234.153.134 - - [26/Mar/2021:13:37:54 +0000] "\x05\x01\x00" 400 157 "-" "-"
209.141.62.143 - - [26/Mar/2021:14:09:06 +0000] "GET /manager/html HTTP/1.1" 400 157 "-" "-"
192.241.222.197 - - [26/Mar/2021:15:17:08 +0000] "GET /manager/text/list HTTP/1.1" 404 1054 "-" "Mozilla/5.0 zgrab/0.x"
205.185.122.102 - - [26/Mar/2021:15:24:27 +0000] "GET /config/getuser?index=0 HTTP/1.1" 404 1060 "-" "Mozilla/5.0 (X11; Ubuntu; Linux x86_64; rv:76.0) Gecko/20100101 Firefox/76.0"
128.14.133.58 - - [26/Mar/2021:15:34:37 +0000] "GET / HTTP/1.1" 404 1034 "-" "Mozilla/5.0 (Windows NT 10.0; Win64; x64) AppleWebKit/537.36 (KHTML, like Gecko) Chrome/60.0.3112.113 Safari/537.36"
209.141.62.143 - - [26/Mar/2021:15:50:43 +0000] "GET /manager/html HTTP/1.1" 400 157 "-" "-"
109.234.153.132 - - [26/Mar/2021:16:19:09 +0000] "POST http://check.best-proxies.ru/azenv.php?s=VJVJVBMOOOYOOIVCPINXUEOBKNYRYR HTTP/1.1" 404 2685 "https://best-proxies.ru/" "Mozilla/5.0 (Windows NT 10.0; Win64; x64) AppleWebKit/537.36 (KHTML, like Gecko) Chrome/86.0.4240.75 Safari/537.36"
109.234.153.134 - - [26/Mar/2021:16:19:14 +0000] "CONNECT 5.178.86.76:80 HTTP/1.1" 400 157 "-" "-"
109.234.153.132 - - [26/Mar/2021:16:19:19 +0000] "\x04\x01\x00P\x05\xB2VL0\x00" 400 157 "-" "-"
109.234.153.134 - - [26/Mar/2021:16:19:24 +0000] "\x05\x01\x00" 400 157 "-" "-"
209.141.56.172 - - [26/Mar/2021:16:20:17 +0000] "GET /manager/html HTTP/1.1" 400 157 "-" "-"
109.234.153.133 - - [26/Mar/2021:16:32:41 +0000] "POST http://check.best-proxies.ru/azenv.php?s=VJVJVBMOOOYOOIVCPNIJVUPUKNYRYR HTTP/1.1" 404 2685 "https://best-proxies.ru/" "Mozilla/5.0 (Windows NT 6.1; Win64; x64) AppleWebKit/537.36 (KHTML, like Gecko) Chrome/86.0.4240.75 Safari/537.36"
109.234.153.132 - - [26/Mar/2021:16:32:45 +0000] "CONNECT 5.178.86.76:80 HTTP/1.1" 400 157 "-" "-"
109.234.153.132 - - [26/Mar/2021:16:32:51 +0000] "\x04\x01\x00P\x05\xB2VL0\x00" 400 157 "-" "-"
109.234.153.130 - - [26/Mar/2021:16:32:56 +0000] "\x05\x01\x00" 400 157 "-" "-"
209.141.62.143 - - [26/Mar/2021:17:20:57 +0000] "GET /manager/html HTTP/1.1" 400 157 "-" "-"
74.120.14.53 - - [26/Mar/2021:17:55:54 +0000] "GET / HTTP/1.1" 404 2601 "-" "-"
74.120.14.53 - - [26/Mar/2021:17:55:55 +0000] "GET / HTTP/1.1" 404 1034 "-" "Mozilla/5.0 (compatible; CensysInspect/1.1; +https://about.censys.io/)"
192.241.218.175 - - [26/Mar/2021:18:01:14 +0000] "GET /manager/html HTTP/1.1" 404 1051 "-" "Mozilla/5.0 zgrab/0.x"
209.141.56.172 - - [26/Mar/2021:18:05:50 +0000] "GET /manager/html HTTP/1.1" 400 157 "-" "-"
192.35.168.176 - - [26/Mar/2021:18:21:09 +0000] "GET / HTTP/1.1" 404 1034 "-" "Mozilla/5.0 zgrab/0.x"
152.67.42.78 - - [26/Mar/2021:18:47:45 +0000] "GET /manager/html HTTP/1.1" 400 157 "-" "-"
128.14.134.134 - - [26/Mar/2021:18:57:15 +0000] "GET / HTTP/1.1" 404 1034 "-" "Mozilla/5.0 (Windows NT 10.0; Win64; x64) AppleWebKit/537.36 (KHTML, like Gecko) Chrome/60.0.3112.113 Safari/537.36"
209.141.62.143 - - [26/Mar/2021:19:01:24 +0000] "GET /manager/html HTTP/1.1" 400 157 "-" "-"
85.119.151.251 - - [26/Mar/2021:19:35:02 +0000] "POST http://check.best-proxies.ru/azenv.php?s=VJVJVBMOOOYOOIVCPJKNTIPNUNYRYR HTTP/1.1" 404 2685 "https://best-proxies.ru/" "Mozilla/5.0 (Windows NT 10.0; Win64; x64) AppleWebKit/537.36 (KHTML, like Gecko) Chrome/85.0.4183.121 Safari/537.36 OPR/71.0.3770.271"
85.119.151.250 - - [26/Mar/2021:19:35:07 +0000] "CONNECT 5.178.86.76:80 HTTP/1.1" 400 157 "-" "-"
85.119.151.252 - - [26/Mar/2021:19:35:12 +0000] "\x04\x01\x00P\x05\xB2VL0\x00" 400 157 "-" "-"
85.119.151.253 - - [26/Mar/2021:19:35:17 +0000] "\x05\x01\x00" 400 157 "-" "-"
85.119.151.254 - - [26/Mar/2021:19:40:48 +0000] "POST http://check.best-proxies.ru/azenv.php?s=VJVJVBMOOOYOOIVCPINIKEYNUNYRYR HTTP/1.1" 404 2685 "https://best-proxies.ru/" "Mozilla/5.0 (Macintosh; Intel Mac OS X 10_14_5) AppleWebKit/605.1.15 (KHTML, like Gecko) Version/13.1.1 Safari/605.1.15"
85.119.151.250 - - [26/Mar/2021:19:40:52 +0000] "CONNECT 5.178.86.76:80 HTTP/1.1" 400 157 "-" "-"
85.119.151.254 - - [26/Mar/2021:19:40:58 +0000] "\x04\x01\x00P\x05\xB2VL0\x00" 400 157 "-" "-"
85.119.151.250 - - [26/Mar/2021:19:41:03 +0000] "\x05\x01\x00" 400 157 "-" "-"
161.35.132.68 - - [26/Mar/2021:20:07:04 +0000] "GET /config/getuser?index=0 HTTP/1.1" 404 1060 "-" "Mozilla/5.0 (X11; Ubuntu; Linux x86_64; rv:76.0) Gecko/20100101 Firefox/76.0"
209.141.62.143 - - [26/Mar/2021:21:08:28 +0000] "GET /manager/html HTTP/1.1" 400 157 "-" "-"
209.141.62.143 - - [26/Mar/2021:21:52:27 +0000] "GET /manager/html HTTP/1.1" 400 157 "-" "-"
85.119.151.254 - - [26/Mar/2021:22:25:24 +0000] "POST http://check.best-proxies.ru/azenv.php?s=VJVJVBMOOOYOOIVCPBKIPOONNNYRYR HTTP/1.1" 404 2685 "https://best-proxies.ru/" "Mozilla/5.0 (Windows NT 6.1; Win64; x64) AppleWebKit/537.36 (KHTML, like Gecko) Chrome/86.0.4240.75 Safari/537.36"
85.119.151.253 - - [26/Mar/2021:22:25:28 +0000] "CONNECT 5.178.86.76:80 HTTP/1.1" 400 157 "-" "-"
85.119.151.252 - - [26/Mar/2021:22:25:33 +0000] "\x04\x01\x00P\x05\xB2VL0\x00" 400 157 "-" "-"
85.119.151.252 - - [26/Mar/2021:22:25:39 +0000] "\x05\x01\x00" 400 157 "-" "-"
85.119.151.253 - - [26/Mar/2021:22:40:26 +0000] "POST http://check.best-proxies.ru/azenv.php?s=VJVJVBMOOOYOOIVCPJPIOOMJNNYRYR HTTP/1.1" 404 2685 "https://best-proxies.ru/" "Mozilla/5.0 (Windows NT 10.0; Win64; x64; rv:81.0) Gecko/20100101 Firefox/81.0"
85.119.151.251 - - [26/Mar/2021:22:40:30 +0000] "CONNECT 5.178.86.76:80 HTTP/1.1" 400 157 "-" "-"
85.119.151.253 - - [26/Mar/2021:22:40:36 +0000] "\x04\x01\x00P\x05\xB2VL0\x00" 400 157 "-" "-"
85.119.151.254 - - [26/Mar/2021:22:40:41 +0000] "\x05\x01\x00" 400 157 "-" "-"
23.95.222.129 - - [26/Mar/2021:22:48:56 +0000] "\x16\x03\x01\x01\xFA\x01\x00\x01\xF6\x03\x03R(:\x15\x0F=\x01yi\xB4S\x83s0\xFD2\xE8+\x92\xBB,\xEC\xEF\x14\xDF\xDA\x7FT\x96\x80\x12\x5C\x00\x01<\xCC\x14\xCC\x13\xCC\x15\xC00\xC0,\xC0(\xC0$\xC0\x14\xC0" 400 157 "-" "-"
172.104.242.173 - - [26/Mar/2021:22:59:52 +0000] "\xBA\xABd\xA1EZC\xDBM\x87\xEE^\xFD\xBF\x159 X\xD4>\x12\x98\xC4<\xE0\x13\xCF\x00\xAC\xA09\xD7\x90#8~\x8C\xDE\x9DReF\xBF%1Q\xE0\x9D\x06&g\xBB\x82\x95\x19\xED\x07\x14\x19ZP\x80+\x94e\xC3\xE6\x85\x06\xA4\x99\x8B\x19l\x01\xEA\x88Y\x91\x16\x95\xC4\xC8\x0EH\x02\xC7\x93g\xC14FW\x05|\xFB\xF3T\xB8\xFD\xCB\xBB)\xE3\xCE\xDD\xCD7\x9E\xEFP\x8C\xA4[V\xFD\x98\xC9l\x82\xF5\xE4\xC1d\x87X\xF7\x9B\xBF\xE8q\x12\x99&\xDB,\xF5\x87\xD7\xA8\x97j;\xE3\xEA\xA7\xB4\xB0\x02\xAD\x8DE\x9B\xAAB\x80\x0E)\xA9\xE9\xAF}\x18\x8E\xB8\x1E\x99\x04\xEF\xA8\x8C\xE8\x04\xE2\xD3\xED)1\x91\xC1\x8F\x88\x8C\x81\xF0\xDB\xA5\x88\x95H\x9BZ\xAB\xCE\xBF\xF4E%P*\x88KFY6\x9E\xE7::j\xD4\x8A\xA8V\x9A\xAA\xAB\xAF\xC3&.\xED[\x04\xC5e\x7F\x08\xBE\x8Ar\xA7\xB0\x99F\xF7\x11\xE5\xD6\x96\x8CIm+w\x1C\xFDuU\x14\x0F!x\xAC\xE8MPy\xC3\x19!2\xA0\xED\xC0}!Rw\x14\x8E\x1B\xC4\xE1\xA0\xAF+\xADKk\xC5\xE0\x5Cs\x9C\xBD\xCB" 400 157 "-" "-"
192.241.226.211 - - [26/Mar/2021:23:16:54 +0000] "\x16\x03\x01\x00\x89\x01\x00\x00\x85\x03\x03\xB8\xEA\x03\xDA\xA2\xCE\x87\x84\x85[(\xBDu/(\x8A[\xFC\x81\xF4\xE5d\xE1&X\x89\xB7\xCAuX'\x0B\x00\x00\x1A\xC0/\xC0+\xC0\x11\xC0\x07\xC0\x13\xC0\x09\xC0\x14\xC0" 400 157 "-" "-"
172.104.242.173 - - [26/Mar/2021:23:43:26 +0000] "\xAA\xAA\xAA\xAAUUUUUUUU\xAA\xAA\xAA\xAAUUUU\xAA\xAA\xAA\xAAUUUU\xAA\xAA\xAA\xAAUUUU\xAA\xAA\xAA\xAAUUUU\xAA\xAA\xAA\xAAUUUU\xAA\xAA\xAA\xAAUUUU\xAA\xAA\xAA\xAA" 400 157 "-" "-"
209.141.62.143 - - [27/Mar/2021:00:11:43 +0000] "GET /manager/html HTTP/1.1" 400 157 "-" "-"
209.141.56.172 - - [27/Mar/2021:01:02:14 +0000] "GET /manager/html HTTP/1.1" 400 157 "-" "-"
209.141.62.143 - - [27/Mar/2021:01:15:25 +0000] "GET /manager/html HTTP/1.1" 400 157 "-" "-"
209.17.96.74 - - [27/Mar/2021:01:24:41 +0000] "GET / HTTP/1.1" 404 2601 "-" "Mozilla/5.0 (compatible; Nimbostratus-Bot/v1.3.2; http://cloudsystemnetworks.com)"
85.119.151.253 - - [27/Mar/2021:01:31:53 +0000] "POST http://check.best-proxies.ru/azenv.php?s=VJVJVBMOOOYOOIVCPUIBTRKJVJYRYR HTTP/1.1" 404 2685 "https://best-proxies.ru/" "Mozilla/5.0 (Macintosh; Intel Mac OS X 10_15_7) AppleWebKit/537.36 (KHTML, like Gecko) Chrome/85.0.4183.121 Safari/537.36"
85.119.151.254 - - [27/Mar/2021:01:31:58 +0000] "CONNECT 5.178.86.76:80 HTTP/1.1" 400 157 "-" "-"
85.119.151.250 - - [27/Mar/2021:01:32:03 +0000] "\x04\x01\x00P\x05\xB2VL0\x00" 400 157 "-" "-"
85.119.151.253 - - [27/Mar/2021:01:32:08 +0000] "\x05\x01\x00" 400 157 "-" "-"
85.119.151.254 - - [27/Mar/2021:01:38:00 +0000] "POST http://check.best-proxies.ru/azenv.php?s=VJVJVBMOOOYOOIVCPUPEVJVXVJYRYR HTTP/1.1" 404 2685 "https://best-proxies.ru/" "Mozilla/5.0 (Windows NT 10.0; Win64; x64) AppleWebKit/537.36 (KHTML, like Gecko) Chrome/85.0.4183.121 Safari/537.36 OPR/71.0.3770.234 (Edition Yx GX)"
85.119.151.250 - - [27/Mar/2021:01:38:05 +0000] "CONNECT 5.178.86.76:80 HTTP/1.1" 400 157 "-" "-"
85.119.151.253 - - [27/Mar/2021:01:38:10 +0000] "\x04\x01\x00P\x05\xB2VL0\x00" 400 157 "-" "-"
85.119.151.252 - - [27/Mar/2021:01:38:15 +0000] "\x05\x01\x00" 400 157 "-" "-"
209.17.96.130 - - [27/Mar/2021:02:25:21 +0000] "GET / HTTP/1.0" 404 2599 "-" "Mozilla/5.0 (compatible; Nimbostratus-Bot/v1.3.2; http://cloudsystemnetworks.com)"
209.141.62.143 - - [27/Mar/2021:03:17:34 +0000] "GET /manager/html HTTP/1.1" 400 157 "-" "-"
85.119.151.251 - - [27/Mar/2021:04:22:35 +0000] "POST http://check.best-proxies.ru/azenv.php?s=VJVJVBMOOOYOOIVCPIKJMBNJIJYRYR HTTP/1.1" 404 2685 "https://best-proxies.ru/" "Mozilla/5.0 (Windows NT 10.0; Win64; x64) AppleWebKit/537.36 (KHTML, like Gecko) Chrome/85.0.4183.102 YaBrowser/20.9.2.80 Yowser/2.5 Safari/537.36"
85.119.151.254 - - [27/Mar/2021:04:22:40 +0000] "CONNECT 5.178.86.76:80 HTTP/1.1" 400 157 "-" "-"
85.119.151.250 - - [27/Mar/2021:04:22:45 +0000] "\x04\x01\x00P\x05\xB2VL0\x00" 400 157 "-" "-"
85.119.151.252 - - [27/Mar/2021:04:22:50 +0000] "\x05\x01\x00" 400 157 "-" "-"
85.119.151.252 - - [27/Mar/2021:04:33:02 +0000] "POST http://check.best-proxies.ru/azenv.php?s=VJVJVBMOOOYOOIVCPOPJIJOXIJYRYR HTTP/1.1" 404 2685 "https://best-proxies.ru/" "Mozilla/5.0 (Windows NT 10.0; Win64; x64; rv:81.0) Gecko/20100101 Firefox/81.0"
85.119.151.253 - - [27/Mar/2021:04:33:06 +0000] "CONNECT 5.178.86.76:80 HTTP/1.1" 400 157 "-" "-"
85.119.151.252 - - [27/Mar/2021:04:33:11 +0000] "\x04\x01\x00P\x05\xB2VL0\x00" 400 157 "-" "-"
85.119.151.252 - - [27/Mar/2021:04:33:16 +0000] "\x05\x01\x00" 400 157 "-" "-"
209.141.56.172 - - [27/Mar/2021:04:47:46 +0000] "GET /manager/html HTTP/1.1" 400 157 "-" "-"
209.141.62.143 - - [27/Mar/2021:05:00:03 +0000] "GET /manager/html HTTP/1.1" 400 157 "-" "-"
205.185.127.244 - - [27/Mar/2021:05:06:13 +0000] "GET /config/getuser?index=0 HTTP/1.1" 404 1060 "-" "Mozilla/5.0 (X11; Ubuntu; Linux x86_64; rv:76.0) Gecko/20100101 Firefox/76.0"
209.141.62.143 - - [27/Mar/2021:06:27:05 +0000] "GET /manager/html HTTP/1.1" 400 157 "-" "-"
162.142.125.53 - - [27/Mar/2021:06:56:21 +0000] "GET / HTTP/1.1" 404 2601 "-" "-"
162.142.125.53 - - [27/Mar/2021:06:56:21 +0000] "GET / HTTP/1.1" 404 1034 "-" "Mozilla/5.0 (compatible; CensysInspect/1.1; +https://about.censys.io/)"
128.14.134.134 - - [27/Mar/2021:07:11:14 +0000] "GET / HTTP/1.1" 404 1034 "-" "Mozilla/5.0 (Windows NT 10.0; Win64; x64) AppleWebKit/537.36 (KHTML, like Gecko) Chrome/60.0.3112.113 Safari/537.36"
85.119.151.252 - - [27/Mar/2021:07:35:24 +0000] "POST http://check.best-proxies.ru/azenv.php?s=VJVJVBMOOOYOOIVCPUIDPOOIPJYRYR HTTP/1.1" 404 2685 "https://best-proxies.ru/" "Mozilla/5.0 (Windows NT 10.0; Win64; x64) AppleWebKit/537.36 (KHTML, like Gecko) Chrome/85.0.4183.121 Safari/537.36 OPR/71.0.3770.234 (Edition Yx GX)"
85.119.151.253 - - [27/Mar/2021:07:35:29 +0000] "CONNECT 5.178.86.76:80 HTTP/1.1" 400 157 "-" "-"
85.119.151.252 - - [27/Mar/2021:07:35:34 +0000] "\x04\x01\x00P\x05\xB2VL0\x00" 400 157 "-" "-"
85.119.151.251 - - [27/Mar/2021:07:35:39 +0000] "\x05\x01\x00" 400 157 "-" "-"
85.119.151.250 - - [27/Mar/2021:07:46:55 +0000] "POST http://check.best-proxies.ru/azenv.php?s=VJVJVBMOOOYOOIVCPOOOMRTRPJYRYR HTTP/1.1" 404 2685 "https://best-proxies.ru/" "Mozilla/5.0 (Windows NT 10.0; Win64; x64; rv:81.0) Gecko/20100101 Firefox/81.0"
85.119.151.254 - - [27/Mar/2021:07:47:00 +0000] "CONNECT 5.178.86.76:80 HTTP/1.1" 400 157 "-" "-"
85.119.151.253 - - [27/Mar/2021:07:47:05 +0000] "\x04\x01\x00P\x05\xB2VL0\x00" 400 157 "-" "-"
85.119.151.250 - - [27/Mar/2021:07:47:10 +0000] "\x05\x01\x00" 400 157 "-" "-"
209.141.62.143 - - [27/Mar/2021:07:50:04 +0000] "GET /manager/html HTTP/1.1" 400 157 "-" "-"
192.241.228.45 - - [27/Mar/2021:08:33:23 +0000] "GET /actuator/health HTTP/1.1" 404 1056 "-" "Mozilla/5.0 zgrab/0.x"
209.141.56.172 - - [27/Mar/2021:08:37:02 +0000] "GET /manager/html HTTP/1.1" 400 157 "-" "-"
209.141.62.143 - - [27/Mar/2021:09:21:24 +0000] "GET /manager/html HTTP/1.1" 400 157 "-" "-"
209.141.62.143 - - [27/Mar/2021:10:25:05 +0000] "GET /manager/html HTTP/1.1" 400 157 "-" "-"
85.119.151.251 - - [27/Mar/2021:10:35:02 +0000] "POST http://check.best-proxies.ru/azenv.php?s=VJVJVBMOOOYOOIVCPEPOIIPRMJYRYR HTTP/1.1" 404 2685 "https://best-proxies.ru/" "Mozilla/5.0 (Windows NT 10.0; Win64; x64) AppleWebKit/537.36 (KHTML, like Gecko) Chrome/85.0.4183.102 YaBrowser/20.9.2.80 Yowser/2.5 Safari/537.36"
85.119.151.250 - - [27/Mar/2021:10:35:07 +0000] "CONNECT 5.178.86.76:80 HTTP/1.1" 400 157 "-" "-"
85.119.151.251 - - [27/Mar/2021:10:35:12 +0000] "\x04\x01\x00P\x05\xB2VL0\x00" 400 157 "-" "-"
